<html>
<body>
<pre>
<h1>µVision Build Log</h1>
<h2>Tool Versions:</h2>
IDE-Version: ¦ÌVision V5.42.0.0
Copyright (C) 2025 ARM Ltd and ARM Germany GmbH. All rights reserved.
License Information: 1 1009567402@qq.com, 11, LIC=DSNXV-P7X9Z-INTA7-ENIJQ-9UMXE-F44H6
 
Tool Versions:
Toolchain:       MDK-ARM Professional  Version: 5.42.0.0
Toolchain Path:  C:\Keil_v5\ARM\ARMCC\Bin
C Compiler:      Armcc.exe V5.06 update 7 (build 960)
Assembler:       Armasm.exe V5.06 update 7 (build 960)
Linker/Locator:  ArmLink.exe V5.06 update 7 (build 960)
Library Manager: ArmAr.exe V5.06 update 7 (build 960)
Hex Converter:   FromElf.exe V5.06 update 7 (build 960)
CPU DLL:         SARMCM3.DLL V5.42.0.0
Dialog DLL:      DCM.DLL V1.17.5.0
Target DLL:      CMSIS_AGDI.dll V1.33.22.0
Dialog DLL:      TCM.DLL V1.56.6.0
 
<h2>Project:</h2>
D:\simulink20260408\STM32G474_20260416\foc20260416\MDK-ARM\STM32G474_20260408.uvprojx
Project File Date:  04/21/2026

<h2>Output:</h2>
*** Using Compiler 'V5.06 update 7 (build 960)', folder: 'C:\Keil_v5\ARM\ARMCC\Bin'
Build target 'foc_Sensorless_echokoen'
compiling foc_openloop.c...
compiling foc_debug.c...
compiling foc_current_loop.c...
compiling stm32g4xx_it.c...
compiling main.c...
compiling foc_protection.c...
compiling FluxObserver_PLL.c...
compiling foc_observer.c...
compiling foc_switchover.c...
..\Control\foc_switchover.c(10): warning:  #177-D: function "foc_switchover_condition"  was declared but never referenced
  static uint8_t foc_switchover_condition(FOC_SwitchoverData_t *sw,
..\Control\foc_switchover.c: 1 warning, 0 errors
compiling app_debug.c...
compiling foc_sampling.c...
compiling foc_pwm.c...
compiling bsp_key.c...
compiling app_foc.c...
..\App\app_foc.c(84): warning:  #188-D: enumerated type mixed with another type
  static AppFoc_Command_t s_cmd = {0};
..\App\app_foc.c(84): warning:  #550-D: variable "s_cmd"  was set but never used
  static AppFoc_Command_t s_cmd = {0};
..\App\app_foc.c: 2 warnings, 0 errors
linking...
Program Size: Code=31608 RO-data=676 RW-data=72 ZI-data=2104  
FromELF: creating hex file...
"STM32G474_20260408\STM32G474_20260408.axf" - 0 Error(s), 3 Warning(s).

<h2>Software Packages used:</h2>

Package Vendor: ARM
                https://www.keil.com/pack/ARM.CMSIS.6.1.0.pack
                ARM::CMSIS@6.1.0
                CMSIS (Common Microcontroller Software Interface Standard)
   * Component: CORE Version: 6.1.0

Package Vendor: Keil
                https://www.keil.com/pack/Keil.STM32G4xx_DFP.1.5.0.pack
                Keil::STM32G4xx_DFP@1.5.0
                STMicroelectronics STM32G4 Series Device Support, Drivers and Examples

<h2>Collection of Component include folders:</h2>
  ./RTE/_foc_Sensorless_echokoen
  C:/Users/10095/AppData/Local/Arm/Packs/ARM/CMSIS/6.1.0/CMSIS/Core/Include
  C:/Users/10095/AppData/Local/Arm/Packs/Keil/STM32G4xx_DFP/1.5.0/Drivers/CMSIS/Device/ST/STM32G4xx/Include

<h2>Collection of Component Files used:</h2>

   * Component: ARM::CMSIS:CORE@6.1.0
      Include file:  CMSIS/Core/Include/tz_context.h
Build Time Elapsed:  00:00:07
</pre>
</body>
</html>
