Component: ARM Compiler 5.06 update 7 (build 960) Tool: armlink [4d3601]

==============================================================================

Section Cross References

    startup_stm32g474xx.o(RESET) refers to startup_stm32g474xx.o(STACK) for __initial_sp
    startup_stm32g474xx.o(RESET) refers to startup_stm32g474xx.o(.text) for Reset_Handler
    startup_stm32g474xx.o(RESET) refers to stm32g4xx_it.o(i.NMI_Handler) for NMI_Handler
    startup_stm32g474xx.o(RESET) refers to stm32g4xx_it.o(i.HardFault_Handler) for HardFault_Handler
    startup_stm32g474xx.o(RESET) refers to stm32g4xx_it.o(i.MemManage_Handler) for MemManage_Handler
    startup_stm32g474xx.o(RESET) refers to stm32g4xx_it.o(i.BusFault_Handler) for BusFault_Handler
    startup_stm32g474xx.o(RESET) refers to stm32g4xx_it.o(i.UsageFault_Handler) for UsageFault_Handler
    startup_stm32g474xx.o(RESET) refers to stm32g4xx_it.o(i.SVC_Handler) for SVC_Handler
    startup_stm32g474xx.o(RESET) refers to stm32g4xx_it.o(i.DebugMon_Handler) for DebugMon_Handler
    startup_stm32g474xx.o(RESET) refers to stm32g4xx_it.o(i.PendSV_Handler) for PendSV_Handler
    startup_stm32g474xx.o(RESET) refers to stm32g4xx_it.o(i.SysTick_Handler) for SysTick_Handler
    startup_stm32g474xx.o(RESET) refers to stm32g4xx_it.o(i.DMA1_Channel1_IRQHandler) for DMA1_Channel1_IRQHandler
    startup_stm32g474xx.o(RESET) refers to stm32g4xx_it.o(i.ADC1_2_IRQHandler) for ADC1_2_IRQHandler
    startup_stm32g474xx.o(RESET) refers to stm32g4xx_it.o(i.TIM1_BRK_TIM15_IRQHandler) for TIM1_BRK_TIM15_IRQHandler
    startup_stm32g474xx.o(RESET) refers to stm32g4xx_it.o(i.TIM1_UP_TIM16_IRQHandler) for TIM1_UP_TIM16_IRQHandler
    startup_stm32g474xx.o(RESET) refers to stm32g4xx_it.o(i.EXTI15_10_IRQHandler) for EXTI15_10_IRQHandler
    startup_stm32g474xx.o(.text) refers to system_stm32g4xx.o(i.SystemInit) for SystemInit
    startup_stm32g474xx.o(.text) refers to entry.o(.ARM.Collect$$$$00000000) for __main
    main.o(i.SystemClock_Config) refers to memseta.o(.text) for __aeabi_memclr4
    main.o(i.SystemClock_Config) refers to stm32g4xx_hal_pwr_ex.o(i.HAL_PWREx_ControlVoltageScaling) for HAL_PWREx_ControlVoltageScaling
    main.o(i.SystemClock_Config) refers to stm32g4xx_hal_rcc.o(i.HAL_RCC_OscConfig) for HAL_RCC_OscConfig
    main.o(i.SystemClock_Config) refers to stm32g4xx_hal_rcc.o(i.HAL_RCC_ClockConfig) for HAL_RCC_ClockConfig
    main.o(i.SystemClock_Config) refers to stm32g4xx_hal_rcc_ex.o(i.HAL_RCCEx_PeriphCLKConfig) for HAL_RCCEx_PeriphCLKConfig
    main.o(i.main) refers to stm32g4xx_hal.o(i.HAL_Init) for HAL_Init
    main.o(i.main) refers to main.o(i.SystemClock_Config) for SystemClock_Config
    main.o(i.main) refers to bsp_gpio.o(i.MX_GPIO_Init) for MX_GPIO_Init
    main.o(i.main) refers to bsp_dma.o(i.MX_DMA_Init) for MX_DMA_Init
    main.o(i.main) refers to bsp_usart.o(i.MX_USART1_UART_Init) for MX_USART1_UART_Init
    main.o(i.main) refers to bsp_adc.o(i.MX_ADC1_Init) for MX_ADC1_Init
    main.o(i.main) refers to bsp_adc.o(i.MX_ADC2_Init) for MX_ADC2_Init
    main.o(i.main) refers to bsp_tim.o(i.MX_TIM1_Init) for MX_TIM1_Init
    main.o(i.main) refers to bsp_cordic.o(i.MX_CORDIC_Init) for MX_CORDIC_Init
    main.o(i.main) refers to bsp_dac.o(i.MX_DAC1_Init) for MX_DAC1_Init
    main.o(i.main) refers to bsp_dac.o(i.MX_DAC2_Init) for MX_DAC2_Init
    main.o(i.main) refers to bsp_key.o(i.BSP_KEY_Init) for BSP_KEY_Init
    main.o(i.main) refers to foc_bridge.o(i.FOC_BridgeInit) for FOC_BridgeInit
    main.o(i.main) refers to foc_bridge.o(i.FOC_Start) for FOC_Start
    main.o(i.main) refers to printfa.o(i.__0printf) for __2printf
    main.o(i.main) refers to stm32g4xx_hal.o(i.HAL_GetTick) for HAL_GetTick
    main.o(i.main) refers to foc_bridge.o(i.FOC_TaskBackground) for FOC_TaskBackground
    main.o(i.main) refers to foc_bridge.o(i.FOC_GetObservedSpeedRadPerSec) for FOC_GetObservedSpeedRadPerSec
    main.o(i.main) refers to f2d.o(.text) for __aeabi_f2d
    main.o(i.main) refers to foc_bridge.o(i.FOC_GetOpenLoopFreqHz) for FOC_GetOpenLoopFreqHz
    main.o(i.main) refers to foc_bridge.o(i.FOC_GetObservedAngleErrDeg) for FOC_GetObservedAngleErrDeg
    main.o(i.main) refers to foc_bridge.o(i.FOC_GetObservedThetaRad) for FOC_GetObservedThetaRad
    main.o(i.main) refers to foc_bridge.o(i.FOC_GetOpenLoopThetaErad) for FOC_GetOpenLoopThetaErad
    stm32g4xx_it.o(i.ADC1_2_IRQHandler) refers to stm32g4xx_hal_adc.o(i.HAL_ADC_IRQHandler) for HAL_ADC_IRQHandler
    stm32g4xx_it.o(i.ADC1_2_IRQHandler) refers to bsp_adc.o(.bss) for hadc2
    stm32g4xx_it.o(i.DMA1_Channel1_IRQHandler) refers to stm32g4xx_hal_dma.o(i.HAL_DMA_IRQHandler) for HAL_DMA_IRQHandler
    stm32g4xx_it.o(i.DMA1_Channel1_IRQHandler) refers to bsp_usart.o(.bss) for hdma_usart1_rx
    stm32g4xx_it.o(i.EXTI15_10_IRQHandler) refers to stm32g4xx_hal_gpio.o(i.HAL_GPIO_EXTI_IRQHandler) for HAL_GPIO_EXTI_IRQHandler
[...]
    i.LL_ADC_GetOffsetChannel                0x08004564   Section        0  stm32g4xx_hal_adc.o(i.LL_ADC_GetOffsetChannel)
    LL_ADC_GetOffsetChannel                  0x08004565   Thumb Code    12  stm32g4xx_hal_adc.o(i.LL_ADC_GetOffsetChannel)
    i.LL_ADC_GetOffsetChannel                0x08004570   Section        0  stm32g4xx_hal_adc_ex.o(i.LL_ADC_GetOffsetChannel)
    LL_ADC_GetOffsetChannel                  0x08004571   Thumb Code    12  stm32g4xx_hal_adc_ex.o(i.LL_ADC_GetOffsetChannel)
    i.LL_ADC_INJ_IsConversionOngoing         0x0800457c   Section        0  stm32g4xx_hal_adc.o(i.LL_ADC_INJ_IsConversionOngoing)
    LL_ADC_INJ_IsConversionOngoing           0x0800457d   Thumb Code     8  stm32g4xx_hal_adc.o(i.LL_ADC_INJ_IsConversionOngoing)
    i.LL_ADC_INJ_IsConversionOngoing         0x08004584   Section        0  stm32g4xx_hal_adc_ex.o(i.LL_ADC_INJ_IsConversionOngoing)
    LL_ADC_INJ_IsConversionOngoing           0x08004585   Thumb Code     8  stm32g4xx_hal_adc_ex.o(i.LL_ADC_INJ_IsConversionOngoing)
    i.LL_ADC_REG_IsConversionOngoing         0x0800458c   Section        0  stm32g4xx_hal_adc.o(i.LL_ADC_REG_IsConversionOngoing)
    LL_ADC_REG_IsConversionOngoing           0x0800458d   Thumb Code     8  stm32g4xx_hal_adc.o(i.LL_ADC_REG_IsConversionOngoing)
    i.LL_ADC_REG_IsConversionOngoing         0x08004594   Section        0  stm32g4xx_hal_adc_ex.o(i.LL_ADC_REG_IsConversionOngoing)
    LL_ADC_REG_IsConversionOngoing           0x08004595   Thumb Code     8  stm32g4xx_hal_adc_ex.o(i.LL_ADC_REG_IsConversionOngoing)
    i.LL_ADC_REG_IsTriggerSourceSWStart      0x0800459c   Section        0  stm32g4xx_hal_adc.o(i.LL_ADC_REG_IsTriggerSourceSWStart)
    LL_ADC_REG_IsTriggerSourceSWStart        0x0800459d   Thumb Code    16  stm32g4xx_hal_adc.o(i.LL_ADC_REG_IsTriggerSourceSWStart)
    i.LL_ADC_SetChannelSamplingTime          0x080045ac   Section        0  stm32g4xx_hal_adc.o(i.LL_ADC_SetChannelSamplingTime)
    LL_ADC_SetChannelSamplingTime            0x080045ad   Thumb Code    30  stm32g4xx_hal_adc.o(i.LL_ADC_SetChannelSamplingTime)
    i.LL_ADC_SetChannelSamplingTime          0x080045ca   Section        0  stm32g4xx_hal_adc_ex.o(i.LL_ADC_SetChannelSamplingTime)
    LL_ADC_SetChannelSamplingTime            0x080045cb   Thumb Code    30  stm32g4xx_hal_adc_ex.o(i.LL_ADC_SetChannelSamplingTime)
    i.LL_ADC_SetOffsetState                  0x080045e8   Section        0  stm32g4xx_hal_adc.o(i.LL_ADC_SetOffsetState)
    LL_ADC_SetOffsetState                    0x080045e9   Thumb Code    16  stm32g4xx_hal_adc.o(i.LL_ADC_SetOffsetState)
    i.LL_ADC_SetOffsetState                  0x080045f8   Section        0  stm32g4xx_hal_adc_ex.o(i.LL_ADC_SetOffsetState)
    LL_ADC_SetOffsetState                    0x080045f9   Thumb Code    16  stm32g4xx_hal_adc_ex.o(i.LL_ADC_SetOffsetState)
    i.MX_ADC1_Init                           0x08004608   Section        0  bsp_adc.o(i.MX_ADC1_Init)
    i.MX_ADC2_Init                           0x080046ac   Section        0  bsp_adc.o(i.MX_ADC2_Init)
    i.MX_CORDIC_Init                         0x0800478c   Section        0  bsp_cordic.o(i.MX_CORDIC_Init)
    i.MX_DAC1_Init                           0x080047b0   Section        0  bsp_dac.o(i.MX_DAC1_Init)
    i.MX_DAC2_Init                           0x08004808   Section        0  bsp_dac.o(i.MX_DAC2_Init)
    i.MX_DMA_Init                            0x08004860   Section        0  bsp_dma.o(i.MX_DMA_Init)
    i.MX_GPIO_Init                           0x0800489c   Section        0  bsp_gpio.o(i.MX_GPIO_Init)
    i.MX_TIM1_Init                           0x0800497c   Section        0  bsp_tim.o(i.MX_TIM1_Init)
    i.MX_USART1_UART_Init                    0x08004aa0   Section        0  bsp_usart.o(i.MX_USART1_UART_Init)
    i.MemManage_Handler                      0x08004b08   Section        0  stm32g4xx_it.o(i.MemManage_Handler)
    i.NMI_Handler                            0x08004b0a   Section        0  stm32g4xx_it.o(i.NMI_Handler)
    i.PLL_update                             0x08004b0c   Section        0  fluxobserver_pll.o(i.PLL_update)
    PLL_update                               0x08004b0d   Thumb Code   204  fluxobserver_pll.o(i.PLL_update)
    i.PendSV_Handler                         0x08004bf4   Section        0  stm32g4xx_it.o(i.PendSV_Handler)
    i.SVC_Handler                            0x08004bf6   Section        0  stm32g4xx_it.o(i.SVC_Handler)
    i.SysTick_Handler                        0x08004bf8   Section        0  stm32g4xx_it.o(i.SysTick_Handler)
    i.SystemClock_Config                     0x08004bfc   Section        0  main.o(i.SystemClock_Config)
    i.SystemInit                             0x08004c80   Section        0  system_stm32g4xx.o(i.SystemInit)
    i.TIM1_BRK_TIM15_IRQHandler              0x08004c90   Section        0  stm32g4xx_it.o(i.TIM1_BRK_TIM15_IRQHandler)
    i.TIM1_UP_TIM16_IRQHandler               0x08004c9c   Section        0  stm32g4xx_it.o(i.TIM1_UP_TIM16_IRQHandler)
    i.TIM_Base_SetConfig                     0x08004ca8   Section        0  stm32g4xx_hal_tim.o(i.TIM_Base_SetConfig)
    i.TIM_CCxChannelCmd                      0x08004d8c   Section        0  stm32g4xx_hal_tim.o(i.TIM_CCxChannelCmd)
    i.TIM_CCxNChannelCmd                     0x08004da6   Section        0  stm32g4xx_hal_tim_ex.o(i.TIM_CCxNChannelCmd)
    TIM_CCxNChannelCmd                       0x08004da7   Thumb Code    26  stm32g4xx_hal_tim_ex.o(i.TIM_CCxNChannelCmd)
    i.TIM_ETR_SetConfig                      0x08004dc0   Section        0  stm32g4xx_hal_tim.o(i.TIM_ETR_SetConfig)
    i.TIM_ITRx_SetConfig                     0x08004dd4   Section        0  stm32g4xx_hal_tim.o(i.TIM_ITRx_SetConfig)
    TIM_ITRx_SetConfig                       0x08004dd5   Thumb Code    16  stm32g4xx_hal_tim.o(i.TIM_ITRx_SetConfig)
    i.TIM_OC1_SetConfig                      0x08004de8   Section        0  stm32g4xx_hal_tim.o(i.TIM_OC1_SetConfig)
    TIM_OC1_SetConfig                        0x08004de9   Thumb Code   144  stm32g4xx_hal_tim.o(i.TIM_OC1_SetConfig)
    i.TIM_OC2_SetConfig                      0x08004e94   Section        0  stm32g4xx_hal_tim.o(i.TIM_OC2_SetConfig)
    i.TIM_OC3_SetConfig                      0x08004f34   Section        0  stm32g4xx_hal_tim.o(i.TIM_OC3_SetConfig)
    TIM_OC3_SetConfig                        0x08004f35   Thumb Code   130  stm32g4xx_hal_tim.o(i.TIM_OC3_SetConfig)
    i.TIM_OC4_SetConfig                      0x08004fd4   Section        0  stm32g4xx_hal_tim.o(i.TIM_OC4_SetConfig)
    TIM_OC4_SetConfig                        0x08004fd5   Thumb Code   132  stm32g4xx_hal_tim.o(i.TIM_OC4_SetConfig)
    i.TIM_OC5_SetConfig                      0x08005074   Section        0  stm32g4xx_hal_tim.o(i.TIM_OC5_SetConfig)
    TIM_OC5_SetConfig                        0x08005075   Thumb Code    92  stm32g4xx_hal_tim.o(i.TIM_OC5_SetConfig)
    i.TIM_OC6_SetConfig                      0x080050ec   Section        0  stm32g4xx_hal_tim.o(i.TIM_OC6_SetConfig)
    TIM_OC6_SetConfig                        0x080050ed   Thumb Code    94  stm32g4xx_hal_tim.o(i.TIM_OC6_SetConfig)
    i.TIM_TI1_ConfigInputStage               0x08005168   Section        0  stm32g4xx_hal_tim.o(i.TIM_TI1_ConfigInputStage)
    TIM_TI1_ConfigInputStage                 0x08005169   Thumb Code    34  stm32g4xx_hal_tim.o(i.TIM_TI1_ConfigInputStage)
    i.TIM_TI2_ConfigInputStage               0x0800518a   Section        0  stm32g4xx_hal_tim.o(i.TIM_TI2_ConfigInputStage)
    TIM_TI2_ConfigInputStage                 0x0800518b   Thumb Code    36  stm32g4xx_hal_tim.o(i.TIM_TI2_ConfigInputStage)
    i.UARTEx_SetNbDataToProcess              0x080051b0   Section        0  stm32g4xx_hal_uart_ex.o(i.UARTEx_SetNbDataToProcess)
    UARTEx_SetNbDataToProcess                0x080051b1   Thumb Code    62  stm32g4xx_hal_uart_ex.o(i.UARTEx_SetNbDataToProcess)
    i.UART_AdvFeatureConfig                  0x080051f4   Section        0  stm32g4xx_hal_uart.o(i.UART_AdvFeatureConfig)
    i.UART_CheckIdleState                    0x080052bc   Section        0  stm32g4xx_hal_uart.o(i.UART_CheckIdleState)
    i.UART_EndRxTransfer                     0x08005368   Section        0  stm32g4xx_hal_uart.o(i.UART_EndRxTransfer)
    UART_EndRxTransfer                       0x08005369   Thumb Code    78  stm32g4xx_hal_uart.o(i.UART_EndRxTransfer)
    i.UART_SetConfig                         0x080053bc   Section        0  stm32g4xx_hal_uart.o(i.UART_SetConfig)
    i.UART_WaitOnFlagUntilTimeout            0x08005654   Section        0  stm32g4xx_hal_uart.o(i.UART_WaitOnFlagUntilTimeout)
    i.UsageFault_Handler                     0x080056e8   Section        0  stm32g4xx_it.o(i.UsageFault_Handler)
    i.__0printf                              0x080056ec   Section        0  printfa.o(i.__0printf)
    i.__ARM_fpclassifyf                      0x0800570c   Section        0  fpclassifyf.o(i.__ARM_fpclassifyf)
    i.__NVIC_SetPriority                     0x08005732   Section        0  stm32g4xx_hal_cortex.o(i.__NVIC_SetPriority)
    __NVIC_SetPriority                       0x08005733   Thumb Code    32  stm32g4xx_hal_cortex.o(i.__NVIC_SetPriority)
    i.__hardfp_cosf                          0x08005754   Section        0  cosf.o(i.__hardfp_cosf)
    i.__hardfp_sinf                          0x080058a4   Section        0  sinf.o(i.__hardfp_sinf)
    i.__hardfp_sqrtf                         0x08005a34   Section        0  sqrtf.o(i.__hardfp_sqrtf)
    i.__io_putchar                           0x08005a70   Section        0  bsp_usart.o(i.__io_putchar)
    i.__mathlib_flt_infnan                   0x08005a90   Section        0  funder.o(i.__mathlib_flt_infnan)
    i.__mathlib_flt_invalid                  0x08005a98   Section        0  funder.o(i.__mathlib_flt_invalid)
    i.__mathlib_flt_underflow                0x08005aa8   Section        0  funder.o(i.__mathlib_flt_underflow)
    i.__mathlib_rredf2                       0x08005ab8   Section        0  rredf.o(i.__mathlib_rredf2)
    i.__scatterload_copy                     0x08005c0c   Section       14  handlers.o(i.__scatterload_copy)
    i.__scatterload_null                     0x08005c1a   Section        2  handlers.o(i.__scatterload_null)
    i.__scatterload_zeroinit                 0x08005c1c   Section       14  handlers.o(i.__scatterload_zeroinit)
    i.__set_errno                            0x08005c2c   Section        0  errno.o(i.__set_errno)
    i._fp_digits                             0x08005c38   Section        0  printfa.o(i._fp_digits)
    _fp_digits                               0x08005c39   Thumb Code   366  printfa.o(i._fp_digits)
    i._printf_core                           0x08005dbc   Section        0  printfa.o(i._printf_core)
    _printf_core                             0x08005dbd   Thumb Code  1704  printfa.o(i._printf_core)
    i._printf_post_padding                   0x08006470   Section        0  printfa.o(i._printf_post_padding)
    _printf_post_padding                     0x08006471   Thumb Code    36  printfa.o(i._printf_post_padding)
    i._printf_pre_padding                    0x08006494   Section        0  printfa.o(i._printf_pre_padding)
    _printf_pre_padding                      0x08006495   Thumb Code    46  printfa.o(i._printf_pre_padding)
    i.foc_adc_to_voltage                     0x080064c4   Section        0  foc_bridge.o(i.foc_adc_to_voltage)
    foc_adc_to_voltage                       0x080064c5   Thumb Code    26  foc_bridge.o(i.foc_adc_to_voltage)
    i.foc_clamp_ccr                          0x080064e8   Section        0  foc_bridge.o(i.foc_clamp_ccr)
    foc_clamp_ccr                            0x080064e9   Thumb Code    24  foc_bridge.o(i.foc_clamp_ccr)
    i.foc_current_from_adc                   0x08006500   Section        0  foc_bridge.o(i.foc_current_from_adc)
    foc_current_from_adc                     0x08006501   Thumb Code    18  foc_bridge.o(i.foc_current_from_adc)
    i.foc_drive_enable                       0x08006518   Section        0  foc_bridge.o(i.foc_drive_enable)
    foc_drive_enable                         0x08006519   Thumb Code    18  foc_bridge.o(i.foc_drive_enable)
    i.foc_fault_check                        0x08006530   Section        0  foc_bridge.o(i.foc_fault_check)
    foc_fault_check                          0x08006531   Thumb Code    88  foc_bridge.o(i.foc_fault_check)
    i.foc_observer_update                    0x08006598   Section        0  foc_bridge.o(i.foc_observer_update)
    foc_observer_update                      0x08006599   Thumb Code   198  foc_bridge.o(i.foc_observer_update)
    i.foc_set_tim1_mid                       0x08006680   Section        0  foc_bridge.o(i.foc_set_tim1_mid)
    foc_set_tim1_mid                         0x08006681   Thumb Code    20  foc_bridge.o(i.foc_set_tim1_mid)
    i.foc_svpwm_to_tim1                      0x08006698   Section        0  foc_bridge.o(i.foc_svpwm_to_tim1)
    foc_svpwm_to_tim1                        0x08006699   Thumb Code   384  foc_bridge.o(i.foc_svpwm_to_tim1)
    i.foc_update_currents                    0x08006830   Section        0  foc_bridge.o(i.foc_update_currents)
    foc_update_currents                      0x08006831   Thumb Code   138  foc_bridge.o(i.foc_update_currents)
    i.fputc                                  0x080068c4   Section        0  bsp_usart.o(i.fputc)
    i.main                                   0x080068c8   Section        0  main.o(i.main)
    .constdata                               0x080069e0   Section       24  stm32g4xx_hal_uart.o(.constdata)
    .constdata                               0x080069f8   Section       16  stm32g4xx_hal_uart_ex.o(.constdata)
    numerator                                0x080069f8   Data           8  stm32g4xx_hal_uart_ex.o(.constdata)
    denominator                              0x08006a00   Data           8  stm32g4xx_hal_uart_ex.o(.constdata)
    .constdata                               0x08006a08   Section       16  system_stm32g4xx.o(.constdata)
    .constdata                               0x08006a18   Section        8  system_stm32g4xx.o(.constdata)
    .constdata                               0x08006a20   Section       32  rredf.o(.constdata)
    twooverpi                                0x08006a20   Data          32  rredf.o(.constdata)
    .data                                    0x20000000   Section       76  foc_bridge.o(.data)
    s_state                                  0x20000000   Data           1  foc_bridge.o(.data)
    s_adc1_ready                             0x20000001   Data           1  foc_bridge.o(.data)
    s_is_running                             0x20000002   Data           1  foc_bridge.o(.data)
    s_obs_locked                             0x20000003   Data           1  foc_bridge.o(.data)
    s_iu_offset_v                            0x20000004   Data           4  foc_bridge.o(.data)
    s_iv_offset_v                            0x20000008   Data           4  foc_bridge.o(.data)
    s_iw_offset_v                            0x2000000c   Data           4  foc_bridge.o(.data)
    s_vbus_v                                 0x20000010   Data           4  foc_bridge.o(.data)
    s_iu_a                                   0x20000014   Data           4  foc_bridge.o(.data)
    s_iv_a                                   0x20000018   Data           4  foc_bridge.o(.data)
    s_iw_a                                   0x2000001c   Data           4  foc_bridge.o(.data)
    s_offset_samples                         0x20000020   Data           4  foc_bridge.o(.data)
    s_offset_sum_u                           0x20000024   Data           4  foc_bridge.o(.data)
    s_offset_sum_v                           0x20000028   Data           4  foc_bridge.o(.data)
    s_offset_sum_w                           0x2000002c   Data           4  foc_bridge.o(.data)
    s_align_ticks                            0x20000030   Data           4  foc_bridge.o(.data)
    s_openloop_mech_freq_hz                  0x20000034   Data           4  foc_bridge.o(.data)
    s_openloop_theta_e_rad                   0x20000038   Data           4  foc_bridge.o(.data)
    s_obs_theta_rad                          0x2000003c   Data           4  foc_bridge.o(.data)
    s_obs_speed_rad_s                        0x20000040   Data           4  foc_bridge.o(.data)
    s_obs_angle_err_deg                      0x20000044   Data           4  foc_bridge.o(.data)
    s_obs_hold_ticks                         0x20000048   Data           4  foc_bridge.o(.data)
    .data                                    0x2000004c   Section       20  fluxobserver_pll.o(.data)
    s_flux_s_alpha                           0x2000004c   Data           4  fluxobserver_pll.o(.data)
    s_flux_s_beta                            0x20000050   Data           4  fluxobserver_pll.o(.data)
    s_theta_rad                              0x20000054   Data           4  fluxobserver_pll.o(.data)
    s_speed_rad_s                            0x20000058   Data           4  fluxobserver_pll.o(.data)
    s_pll_integral                           0x2000005c   Data           4  fluxobserver_pll.o(.data)
    .data                                    0x20000060   Section       12  stm32g4xx_hal.o(.data)
    .data                                    0x2000006c   Section        4  system_stm32g4xx.o(.data)
    .data                                    0x20000070   Section        4  bsp_key.o(.data)
    g_key_last_tick                          0x20000070   Data           4  bsp_key.o(.data)
    .data                                    0x20000074   Section        4  bsp_adc.o(.data)
    HAL_RCC_ADC12_CLK_ENABLED                0x20000074   Data           4  bsp_adc.o(.data)
    .data                                    0x20000078   Section        4  stdout.o(.data)
    .data                                    0x2000007c   Section        4  errno.o(.data)
    _errno                                   0x2000007c   Data           4  errno.o(.data)
    .bss                                     0x20000080   Section       32  foc_bridge.o(.bss)
    s_flux_obs                               0x20000080   Data          32  foc_bridge.o(.bss)
    .bss                                     0x200000a0   Section      340  bsp_usart.o(.bss)
    .bss                                     0x200001f4   Section       76  bsp_tim.o(.bss)
    .bss                                     0x20000240   Section       40  bsp_dac.o(.bss)
    .bss                                     0x20000268   Section       40  bsp_cordic.o(.bss)
    .bss                                     0x20000290   Section      216  bsp_adc.o(.bss)
    STACK                                    0x20000368   Section     1024  startup_stm32g474xx.o(STACK)

    Global Symbols

    Symbol Name                              Value     Ov Type        Size  Object(Section)

    BuildAttributes$$THM_ISAv4$E$P$D$K$B$S$7EM$VFPi3$EXTD16$VFPS$VFMA$PE$A:L22UL41UL21$X:L11$S22US41US21$IEEE1$IW$USESV6$~STKCKD$USESV7$~SHL$OTIME$ROPI$IEEEX$EBA8$MICROLIB$REQ8$PRES8$EABIv2 0x00000000   Number         0  anon$$obj.o ABSOLUTE
    __ARM_use_no_argv                        0x00000000   Number         0  main.o ABSOLUTE
    _printf_a                                0x00000000   Number         0  stubs.o ABSOLUTE
    _printf_c                                0x00000000   Number         0  stubs.o ABSOLUTE
    _printf_charcount                        0x00000000   Number         0  stubs.o ABSOLUTE
    _printf_d                                0x00000000   Number         0  stubs.o ABSOLUTE
    _printf_e                                0x00000000   Number         0  stubs.o ABSOLUTE
    _printf_f                                0x00000000   Number         0  stubs.o ABSOLUTE
    _printf_flags                            0x00000000   Number         0  stubs.o ABSOLUTE
    _printf_fp_dec                           0x00000000   Number         0  stubs.o ABSOLUTE
    _printf_fp_hex                           0x00000000   Number         0  stubs.o ABSOLUTE
    _printf_g                                0x00000000   Number         0  stubs.o ABSOLUTE
    _printf_i                                0x00000000   Number         0  stubs.o ABSOLUTE
    _printf_int_dec                          0x00000000   Number         0  stubs.o ABSOLUTE
    _printf_l                                0x00000000   Number         0  stubs.o ABSOLUTE
    _printf_lc                               0x00000000   Number         0  stubs.o ABSOLUTE
    _printf_ll                               0x00000000   Number         0  stubs.o ABSOLUTE
    _printf_lld                              0x00000000   Number         0  stubs.o ABSOLUTE
    _printf_lli                              0x00000000   Number         0  stubs.o ABSOLUTE
    _printf_llo                              0x00000000   Number         0  stubs.o ABSOLUTE
    _printf_llu                              0x00000000   Number         0  stubs.o ABSOLUTE
    _printf_llx                              0x00000000   Number         0  stubs.o ABSOLUTE
    _printf_longlong_dec                     0x00000000   Number         0  stubs.o ABSOLUTE
    _printf_longlong_hex                     0x00000000   Number         0  stubs.o ABSOLUTE
    _printf_longlong_oct                     0x00000000   Number         0  stubs.o ABSOLUTE
    _printf_ls                               0x00000000   Number         0  stubs.o ABSOLUTE
    _printf_mbtowc                           0x00000000   Number         0  stubs.o ABSOLUTE
    _printf_n                                0x00000000   Number         0  stubs.o ABSOLUTE
    _printf_o                                0x00000000   Number         0  stubs.o ABSOLUTE
    _printf_p                                0x00000000   Number         0  stubs.o ABSOLUTE
    _printf_percent                          0x00000000   Number         0  stubs.o ABSOLUTE
    _printf_pre_padding                      0x00000000   Number         0  stubs.o ABSOLUTE
    _printf_return_value                     0x00000000   Number         0  stubs.o ABSOLUTE
    _printf_s                                0x00000000   Number         0  stubs.o ABSOLUTE
    _printf_sizespec                         0x00000000   Number         0  stubs.o ABSOLUTE
    _printf_str                              0x00000000   Number         0  stubs.o ABSOLUTE
    _printf_truncate_signed                  0x00000000   Number         0  stubs.o ABSOLUTE
    _printf_truncate_unsigned                0x00000000   Number         0  stubs.o ABSOLUTE
    _printf_u                                0x00000000   Number         0  stubs.o ABSOLUTE
    _printf_wc                               0x00000000   Number         0  stubs.o ABSOLUTE
    _printf_wctomb                           0x00000000   Number         0  stubs.o ABSOLUTE
    _printf_widthprec                        0x00000000   Number         0  stubs.o ABSOLUTE
    _printf_x                                0x00000000   Number         0  stubs.o ABSOLUTE
    __arm_fini_                               - Undefined Weak Reference
    __cpp_initialize__aeabi_                  - Undefined Weak Reference
    __cxa_finalize                            - Undefined Weak Reference
    __decompress                              - Undefined Weak Reference
    _clock_init                               - Undefined Weak Reference
    _microlib_exit                            - Undefined Weak Reference
    __Vectors_Size                           0x000001d8   Number         0  startup_stm32g474xx.o ABSOLUTE
    __Vectors                                0x08000000   Data           4  startup_stm32g474xx.o(RESET)
    __Vectors_End                            0x080001d8   Data           0  startup_stm32g474xx.o(RESET)
    __main                                   0x080001d9   Thumb Code     0  entry.o(.ARM.Collect$$$$00000000)
    _main_stk                                0x080001d9   Thumb Code     0  entry2.o(.ARM.Collect$$$$00000001)
    _main_scatterload                        0x080001dd   Thumb Code     0  entry5.o(.ARM.Collect$$$$00000004)
    __main_after_scatterload                 0x080001e1   Thumb Code     0  entry5.o(.ARM.Collect$$$$00000004)
    _main_clock                              0x080001e1   Thumb Code     0  entry7b.o(.ARM.Collect$$$$00000008)
    _main_cpp_init                           0x080001e1   Thumb Code     0  entry8b.o(.ARM.Collect$$$$0000000A)
    _main_init                               0x080001e1   Thumb Code     0  entry9a.o(.ARM.Collect$$$$0000000B)
    __rt_lib_shutdown_fini                   0x080001e9   Thumb Code     0  entry12b.o(.ARM.Collect$$$$0000000E)
    __rt_final_cpp                           0x080001ed   Thumb Code     0  entry10a.o(.ARM.Collect$$$$0000000F)
    __rt_final_exit                          0x080001ed   Thumb Code     0  entry11a.o(.ARM.Collect$$$$00000011)
    Reset_Handler                            0x080001f1   Thumb Code     8  startup_stm32g474xx.o(.text)
    ADC3_IRQHandler                          0x0800020b   Thumb Code     0  startup_stm32g474xx.o(.text)
    ADC4_IRQHandler                          0x0800020b   Thumb Code     0  startup_stm32g474xx.o(.text)
    ADC5_IRQHandler                          0x0800020b   Thumb Code     0  startup_stm32g474xx.o(.text)
    COMP1_2_3_IRQHandler                     0x0800020b   Thumb Code     0  startup_stm32g474xx.o(.text)
    COMP4_5_6_IRQHandler                     0x0800020b   Thumb Code     0  startup_stm32g474xx.o(.text)
    COMP7_IRQHandler                         0x0800020b   Thumb Code     0  startup_stm32g474xx.o(.text)
    CORDIC_IRQHandler                        0x0800020b   Thumb Code     0  startup_stm32g474xx.o(.text)
    CRS_IRQHandler                           0x0800020b   Thumb Code     0  startup_stm32g474xx.o(.text)
    DMA1_Channel2_IRQHandler                 0x0800020b   Thumb Code     0  startup_stm32g474xx.o(.text)
    DMA1_Channel3_IRQHandler                 0x0800020b   Thumb Code     0  startup_stm32g474xx.o(.text)
    DMA1_Channel4_IRQHandler                 0x0800020b   Thumb Code     0  startup_stm32g474xx.o(.text)
    DMA1_Channel5_IRQHandler                 0x0800020b   Thumb Code     0  startup_stm32g474xx.o(.text)
    DMA1_Channel6_IRQHandler                 0x0800020b   Thumb Code     0  startup_stm32g474xx.o(.text)
    DMA1_Channel7_IRQHandler                 0x0800020b   Thumb Code     0  startup_stm32g474xx.o(.text)
    DMA1_Channel8_IRQHandler                 0x0800020b   Thumb Code     0  startup_stm32g474xx.o(.text)
    DMA2_Channel1_IRQHandler                 0x0800020b   Thumb Code     0  startup_stm32g474xx.o(.text)
    DMA2_Channel2_IRQHandler                 0x0800020b   Thumb Code     0  startup_stm32g474xx.o(.text)
    DMA2_Channel3_IRQHandler                 0x0800020b   Thumb Code     0  startup_stm32g474xx.o(.text)
    DMA2_Channel4_IRQHandler                 0x0800020b   Thumb Code     0  startup_stm32g474xx.o(.text)
    DMA2_Channel5_IRQHandler                 0x0800020b   Thumb Code     0  startup_stm32g474xx.o(.text)
    DMA2_Channel6_IRQHandler                 0x0800020b   Thumb Code     0  startup_stm32g474xx.o(.text)
    DMA2_Channel7_IRQHandler                 0x0800020b   Thumb Code     0  startup_stm32g474xx.o(.text)
    DMA2_Channel8_IRQHandler                 0x0800020b   Thumb Code     0  startup_stm32g474xx.o(.text)
    DMAMUX_OVR_IRQHandler                    0x0800020b   Thumb Code     0  startup_stm32g474xx.o(.text)
    EXTI0_IRQHandler                         0x0800020b   Thumb Code     0  startup_stm32g474xx.o(.text)
    EXTI1_IRQHandler                         0x0800020b   Thumb Code     0  startup_stm32g474xx.o(.text)
    EXTI2_IRQHandler                         0x0800020b   Thumb Code     0  startup_stm32g474xx.o(.text)
    EXTI3_IRQHandler                         0x0800020b   Thumb Code     0  startup_stm32g474xx.o(.text)
    EXTI4_IRQHandler                         0x0800020b   Thumb Code     0  startup_stm32g474xx.o(.text)
    EXTI9_5_IRQHandler                       0x0800020b   Thumb Code     0  startup_stm32g474xx.o(.text)
    FDCAN1_IT0_IRQHandler                    0x0800020b   Thumb Code     0  startup_stm32g474xx.o(.text)
    FDCAN1_IT1_IRQHandler                    0x0800020b   Thumb Code     0  startup_stm32g474xx.o(.text)
    FDCAN2_IT0_IRQHandler                    0x0800020b   Thumb Code     0  startup_stm32g474xx.o(.text)
    FDCAN2_IT1_IRQHandler                    0x0800020b   Thumb Code     0  startup_stm32g474xx.o(.text)
    FDCAN3_IT0_IRQHandler                    0x0800020b   Thumb Code     0  startup_stm32g474xx.o(.text)
    FDCAN3_IT1_IRQHandler                    0x0800020b   Thumb Code     0  startup_stm32g474xx.o(.text)
    FLASH_IRQHandler                         0x0800020b   Thumb Code     0  startup_stm32g474xx.o(.text)
    FMAC_IRQHandler                          0x0800020b   Thumb Code     0  startup_stm32g474xx.o(.text)
    FMC_IRQHandler                           0x0800020b   Thumb Code     0  startup_stm32g474xx.o(.text)
    FPU_IRQHandler                           0x0800020b   Thumb Code     0  startup_stm32g474xx.o(.text)
    HRTIM1_FLT_IRQHandler                    0x0800020b   Thumb Code     0  startup_stm32g474xx.o(.text)
    HRTIM1_Master_IRQHandler                 0x0800020b   Thumb Code     0  startup_stm32g474xx.o(.text)
    HRTIM1_TIMA_IRQHandler                   0x0800020b   Thumb Code     0  startup_stm32g474xx.o(.text)
    HRTIM1_TIMB_IRQHandler                   0x0800020b   Thumb Code     0  startup_stm32g474xx.o(.text)
    HRTIM1_TIMC_IRQHandler                   0x0800020b   Thumb Code     0  startup_stm32g474xx.o(.text)
    HRTIM1_TIMD_IRQHandler                   0x0800020b   Thumb Code     0  startup_stm32g474xx.o(.text)
    HRTIM1_TIME_IRQHandler                   0x0800020b   Thumb Code     0  startup_stm32g474xx.o(.text)
    HRTIM1_TIMF_IRQHandler                   0x0800020b   Thumb Code     0  startup_stm32g474xx.o(.text)
    I2C1_ER_IRQHandler                       0x0800020b   Thumb Code     0  startup_stm32g474xx.o(.text)
    I2C1_EV_IRQHandler                       0x0800020b   Thumb Code     0  startup_stm32g474xx.o(.text)
    I2C2_ER_IRQHandler                       0x0800020b   Thumb Code     0  startup_stm32g474xx.o(.text)
    I2C2_EV_IRQHandler                       0x0800020b   Thumb Code     0  startup_stm32g474xx.o(.text)
    I2C3_ER_IRQHandler                       0x0800020b   Thumb Code     0  startup_stm32g474xx.o(.text)
    I2C3_EV_IRQHandler                       0x0800020b   Thumb Code     0  startup_stm32g474xx.o(.text)
    I2C4_ER_IRQHandler                       0x0800020b   Thumb Code     0  startup_stm32g474xx.o(.text)
    I2C4_EV_IRQHandler                       0x0800020b   Thumb Code     0  startup_stm32g474xx.o(.text)
    LPTIM1_IRQHandler                        0x0800020b   Thumb Code     0  startup_stm32g474xx.o(.text)
    LPUART1_IRQHandler                       0x0800020b   Thumb Code     0  startup_stm32g474xx.o(.text)
    PVD_PVM_IRQHandler                       0x0800020b   Thumb Code     0  startup_stm32g474xx.o(.text)
    QUADSPI_IRQHandler                       0x0800020b   Thumb Code     0  startup_stm32g474xx.o(.text)
    RCC_IRQHandler                           0x0800020b   Thumb Code     0  startup_stm32g474xx.o(.text)
    RNG_IRQHandler                           0x0800020b   Thumb Code     0  startup_stm32g474xx.o(.text)
    RTC_Alarm_IRQHandler                     0x0800020b   Thumb Code     0  startup_stm32g474xx.o(.text)
    RTC_TAMP_LSECSS_IRQHandler               0x0800020b   Thumb Code     0  startup_stm32g474xx.o(.text)
    RTC_WKUP_IRQHandler                      0x0800020b   Thumb Code     0  startup_stm32g474xx.o(.text)
    SAI1_IRQHandler                          0x0800020b   Thumb Code     0  startup_stm32g474xx.o(.text)
    SPI1_IRQHandler                          0x0800020b   Thumb Code     0  startup_stm32g474xx.o(.text)
    SPI2_IRQHandler                          0x0800020b   Thumb Code     0  startup_stm32g474xx.o(.text)
    SPI3_IRQHandler                          0x0800020b   Thumb Code     0  startup_stm32g474xx.o(.text)
    SPI4_IRQHandler                          0x0800020b   Thumb Code     0  startup_stm32g474xx.o(.text)
    TIM1_CC_IRQHandler                       0x0800020b   Thumb Code     0  startup_stm32g474xx.o(.text)
    TIM1_TRG_COM_TIM17_IRQHandler            0x0800020b   Thumb Code     0  startup_stm32g474xx.o(.text)
    TIM20_BRK_IRQHandler                     0x0800020b   Thumb Code     0  startup_stm32g474xx.o(.text)
    TIM20_CC_IRQHandler                      0x0800020b   Thumb Code     0  startup_stm32g474xx.o(.text)
    TIM20_TRG_COM_IRQHandler                 0x0800020b   Thumb Code     0  startup_stm32g474xx.o(.text)
    TIM20_UP_IRQHandler                      0x0800020b   Thumb Code     0  startup_stm32g474xx.o(.text)
    TIM2_IRQHandler                          0x0800020b   Thumb Code     0  startup_stm32g474xx.o(.text)
    TIM3_IRQHandler                          0x0800020b   Thumb Code     0  startup_stm32g474xx.o(.text)
    TIM4_IRQHandler                          0x0800020b   Thumb Code     0  startup_stm32g474xx.o(.text)
    TIM5_IRQHandler                          0x0800020b   Thumb Code     0  startup_stm32g474xx.o(.text)
    TIM6_DAC_IRQHandler                      0x0800020b   Thumb Code     0  startup_stm32g474xx.o(.text)
    TIM7_DAC_IRQHandler                      0x0800020b   Thumb Code     0  startup_stm32g474xx.o(.text)
    TIM8_BRK_IRQHandler                      0x0800020b   Thumb Code     0  startup_stm32g474xx.o(.text)
    TIM8_CC_IRQHandler                       0x0800020b   Thumb Code     0  startup_stm32g474xx.o(.text)
    TIM8_TRG_COM_IRQHandler                  0x0800020b   Thumb Code     0  startup_stm32g474xx.o(.text)
    TIM8_UP_IRQHandler                       0x0800020b   Thumb Code     0  startup_stm32g474xx.o(.text)
    UART4_IRQHandler                         0x0800020b   Thumb Code     0  startup_stm32g474xx.o(.text)
    UART5_IRQHandler                         0x0800020b   Thumb Code     0  startup_stm32g474xx.o(.text)
    UCPD1_IRQHandler                         0x0800020b   Thumb Code     0  startup_stm32g474xx.o(.text)
    USART1_IRQHandler                        0x0800020b   Thumb Code     0  startup_stm32g474xx.o(.text)
    USART2_IRQHandler                        0x0800020b   Thumb Code     0  startup_stm32g474xx.o(.text)
    USART3_IRQHandler                        0x0800020b   Thumb Code     0  startup_stm32g474xx.o(.text)
    USBWakeUp_IRQHandler                     0x0800020b   Thumb Code     0  startup_stm32g474xx.o(.text)
    USB_HP_IRQHandler                        0x0800020b   Thumb Code     0  startup_stm32g474xx.o(.text)
    USB_LP_IRQHandler                        0x0800020b   Thumb Code     0  startup_stm32g474xx.o(.text)
    WWDG_IRQHandler                          0x0800020b   Thumb Code     0  startup_stm32g474xx.o(.text)
    __aeabi_uldivmod                         0x08000215   Thumb Code    98  uldiv.o(.text)
    __aeabi_memset                           0x08000277   Thumb Code    14  memseta.o(.text)
    __aeabi_memset4                          0x08000277   Thumb Code     0  memseta.o(.text)
    __aeabi_memset8                          0x08000277   Thumb Code     0  memseta.o(.text)
    __aeabi_memclr                           0x08000285   Thumb Code     4  memseta.o(.text)
    __aeabi_memclr4                          0x08000285   Thumb Code     0  memseta.o(.text)
    __aeabi_memclr8                          0x08000285   Thumb Code     0  memseta.o(.text)
    _memset$wrapper                          0x08000289   Thumb Code    18  memseta.o(.text)
    __aeabi_f2d                              0x0800029b   Thumb Code    38  f2d.o(.text)
    __aeabi_uidiv                            0x080002c1   Thumb Code     0  uidiv.o(.text)
    __aeabi_uidivmod                         0x080002c1   Thumb Code    44  uidiv.o(.text)
    __aeabi_llsl                             0x080002ed   Thumb Code    30  llshl.o(.text)
    _ll_shift_l                              0x080002ed   Thumb Code     0  llshl.o(.text)
    __aeabi_llsr                             0x0800030b   Thumb Code    32  llushr.o(.text)
    _ll_ushift_r                             0x0800030b   Thumb Code     0  llushr.o(.text)
    __I$use$fp                               0x0800032b   Thumb Code     0  iusefp.o(.text)
    __aeabi_dadd                             0x0800032b   Thumb Code   322  dadd.o(.text)
    __aeabi_dsub                             0x0800046d   Thumb Code     6  dadd.o(.text)
    __aeabi_drsub                            0x08000473   Thumb Code     6  dadd.o(.text)
    __aeabi_dmul                             0x08000479   Thumb Code   228  dmul.o(.text)
    __aeabi_ddiv                             0x0800055d   Thumb Code   222  ddiv.o(.text)
    __aeabi_d2ulz                            0x0800063b   Thumb Code    48  dfixul.o(.text)
    __aeabi_cdrcmple                         0x0800066d   Thumb Code    48  cdrcmple.o(.text)
    __scatterload                            0x0800069d   Thumb Code    28  init.o(.text)
    __scatterload_rt2                        0x0800069d   Thumb Code     0  init.o(.text)
    __aeabi_lasr                             0x080006c1   Thumb Code    36  llsshr.o(.text)
    _ll_sshift_r                             0x080006c1   Thumb Code     0  llsshr.o(.text)
    _double_round                            0x080006e5   Thumb Code    30  depilogue.o(.text)
    _double_epilogue                         0x08000703   Thumb Code   156  depilogue.o(.text)
    ADC1_2_IRQHandler                        0x080007a1   Thumb Code     6  stm32g4xx_it.o(i.ADC1_2_IRQHandler)
    ADC_ConversionStop                       0x080007ad   Thumb Code   220  stm32g4xx_hal_adc.o(i.ADC_ConversionStop)
    ADC_Disable                              0x08000891   Thumb Code   106  stm32g4xx_hal_adc.o(i.ADC_Disable)
    ADC_Enable                               0x08000901   Thumb Code   172  stm32g4xx_hal_adc.o(i.ADC_Enable)
    BSP_KEY_EXTI_Callback                    0x080009c5   Thumb Code    72  bsp_key.o(i.BSP_KEY_EXTI_Callback)
    BSP_KEY_Init                             0x08000a3d   Thumb Code     8  bsp_key.o(i.BSP_KEY_Init)
    BusFault_Handler                         0x08000a49   Thumb Code     2  stm32g4xx_it.o(i.BusFault_Handler)
    DMA1_Channel1_IRQHandler                 0x08000a4d   Thumb Code     6  stm32g4xx_it.o(i.DMA1_Channel1_IRQHandler)
    DebugMon_Handler                         0x08000abd   Thumb Code     2  stm32g4xx_it.o(i.DebugMon_Handler)
    EXTI15_10_IRQHandler                     0x08000abf   Thumb Code     8  stm32g4xx_it.o(i.EXTI15_10_IRQHandler)
    Error_Handler                            0x08000ac7   Thumb Code     4  main.o(i.Error_Handler)
    FOC_AlignRun                             0x08000acd   Thumb Code   100  foc_bridge.o(i.FOC_AlignRun)
    FOC_BridgeInit                           0x08000b39   Thumb Code   106  foc_bridge.o(i.FOC_BridgeInit)
    FOC_CurrentOffsetCalib                   0x08000bad   Thumb Code   192  foc_bridge.o(i.FOC_CurrentOffsetCalib)
    FOC_FaultStop                            0x08000c75   Thumb Code    20  foc_bridge.o(i.FOC_FaultStop)
    FOC_GetObservedAngleErrDeg               0x08000c8d   Thumb Code     8  foc_bridge.o(i.FOC_GetObservedAngleErrDeg)
    FOC_GetObservedSpeedRadPerSec            0x08000c99   Thumb Code     8  foc_bridge.o(i.FOC_GetObservedSpeedRadPerSec)
    FOC_GetObservedThetaRad                  0x08000ca5   Thumb Code     8  foc_bridge.o(i.FOC_GetObservedThetaRad)
    FOC_GetOpenLoopFreqHz                    0x08000cb1   Thumb Code     8  foc_bridge.o(i.FOC_GetOpenLoopFreqHz)
    FOC_GetOpenLoopThetaErad                 0x08000cbd   Thumb Code     8  foc_bridge.o(i.FOC_GetOpenLoopThetaErad)
    FOC_GetState                             0x08000cc9   Thumb Code     6  foc_bridge.o(i.FOC_GetState)
    FOC_OpenLoopRun                          0x08000cd5   Thumb Code   214  foc_bridge.o(i.FOC_OpenLoopRun)
    FOC_SamplingUpdate                       0x08000dc5   Thumb Code    46  foc_bridge.o(i.FOC_SamplingUpdate)
    FOC_Start                                0x08000dfd   Thumb Code   154  foc_bridge.o(i.FOC_Start)
    FOC_Stop                                 0x08000eb1   Thumb Code    84  foc_bridge.o(i.FOC_Stop)
    FOC_TaskBackground                       0x08000f15   Thumb Code     2  foc_bridge.o(i.FOC_TaskBackground)
    FOC_TaskHighFreq                         0x08000f19   Thumb Code    40  foc_bridge.o(i.FOC_TaskHighFreq)
    FluxObserver_PLL_reset                   0x08000f45   Thumb Code    68  fluxobserver_pll.o(i.FluxObserver_PLL_reset)
    FluxObserver_PLL_update                  0x08000f95   Thumb Code    22  fluxobserver_pll.o(i.FluxObserver_PLL_update)
    HAL_ADCEx_Calibration_Start              0x08001061   Thumb Code   138  stm32g4xx_hal_adc_ex.o(i.HAL_ADCEx_Calibration_Start)
    HAL_ADCEx_EndOfSamplingCallback          0x080010f5   Thumb Code     2  stm32g4xx_hal_adc_ex.o(i.HAL_ADCEx_EndOfSamplingCallback)
    HAL_ADCEx_InjectedConfigChannel          0x080010f9   Thumb Code  1324  stm32g4xx_hal_adc_ex.o(i.HAL_ADCEx_InjectedConfigChannel)
    HAL_ADCEx_InjectedConvCpltCallback       0x08001659   Thumb Code    12  stm32g4xx_it.o(i.HAL_ADCEx_InjectedConvCpltCallback)
    HAL_ADCEx_InjectedGetValue               0x08001669   Thumb Code    46  stm32g4xx_hal_adc_ex.o(i.HAL_ADCEx_InjectedGetValue)
    HAL_ADCEx_InjectedQueueOverflowCallback  0x08001697   Thumb Code     2  stm32g4xx_hal_adc_ex.o(i.HAL_ADCEx_InjectedQueueOverflowCallback)
    HAL_ADCEx_InjectedStart_IT               0x08001699   Thumb Code   320  stm32g4xx_hal_adc_ex.o(i.HAL_ADCEx_InjectedStart_IT)
    HAL_ADCEx_InjectedStop_IT                0x080017f1   Thumb Code    94  stm32g4xx_hal_adc_ex.o(i.HAL_ADCEx_InjectedStop_IT)
    HAL_ADCEx_LevelOutOfWindow2Callback      0x0800184f   Thumb Code     2  stm32g4xx_hal_adc_ex.o(i.HAL_ADCEx_LevelOutOfWindow2Callback)
    HAL_ADCEx_LevelOutOfWindow3Callback      0x08001851   Thumb Code     2  stm32g4xx_hal_adc_ex.o(i.HAL_ADCEx_LevelOutOfWindow3Callback)
    HAL_ADCEx_MultiModeConfigChannel         0x08001855   Thumb Code   326  stm32g4xx_hal_adc_ex.o(i.HAL_ADCEx_MultiModeConfigChannel)
    HAL_ADC_ConfigChannel                    0x080019b5   Thumb Code  1066  stm32g4xx_hal_adc.o(i.HAL_ADC_ConfigChannel)
    HAL_ADC_ConvCpltCallback                 0x08001e21   Thumb Code     2  stm32g4xx_hal_adc.o(i.HAL_ADC_ConvCpltCallback)
    HAL_ADC_ErrorCallback                    0x08001e23   Thumb Code     2  stm32g4xx_hal_adc.o(i.HAL_ADC_ErrorCallback)
    HAL_ADC_GetValue                         0x08001e25   Thumb Code     6  stm32g4xx_hal_adc.o(i.HAL_ADC_GetValue)
    HAL_ADC_IRQHandler                       0x08001e2d   Thumb Code   674  stm32g4xx_hal_adc.o(i.HAL_ADC_IRQHandler)
    HAL_ADC_Init                             0x080020e5   Thumb Code   510  stm32g4xx_hal_adc.o(i.HAL_ADC_Init)
    HAL_ADC_LevelOutOfWindowCallback         0x08002315   Thumb Code     2  stm32g4xx_hal_adc.o(i.HAL_ADC_LevelOutOfWindowCallback)
    HAL_ADC_MspInit                          0x08002319   Thumb Code   182  bsp_adc.o(i.HAL_ADC_MspInit)
    HAL_ADC_Start                            0x080023e1   Thumb Code   288  stm32g4xx_hal_adc.o(i.HAL_ADC_Start)
    HAL_ADC_Stop                             0x08002519   Thumb Code    62  stm32g4xx_hal_adc.o(i.HAL_ADC_Stop)
    HAL_CORDIC_Init                          0x08002557   Thumb Code    52  stm32g4xx_hal_cordic.o(i.HAL_CORDIC_Init)
    HAL_CORDIC_MspInit                       0x0800258d   Thumb Code    30  bsp_cordic.o(i.HAL_CORDIC_MspInit)
    HAL_DAC_ConfigChannel                    0x080025b5   Thumb Code   450  stm32g4xx_hal_dac.o(i.HAL_DAC_ConfigChannel)
    HAL_DAC_Init                             0x08002781   Thumb Code    40  stm32g4xx_hal_dac.o(i.HAL_DAC_Init)
    HAL_DAC_MspInit                          0x080027a9   Thumb Code   124  bsp_dac.o(i.HAL_DAC_MspInit)
    HAL_DMA_IRQHandler                       0x08002831   Thumb Code   186  stm32g4xx_hal_dma.o(i.HAL_DMA_IRQHandler)
    HAL_DMA_Init                             0x080028ed   Thumb Code   178  stm32g4xx_hal_dma.o(i.HAL_DMA_Init)
    HAL_GPIO_EXTI_Callback                   0x080029ad   Thumb Code     4  bsp_key.o(i.HAL_GPIO_EXTI_Callback)
    HAL_GPIO_EXTI_IRQHandler                 0x080029b1   Thumb Code    18  stm32g4xx_hal_gpio.o(i.HAL_GPIO_EXTI_IRQHandler)
    HAL_GPIO_Init                            0x080029c9   Thumb Code   550  stm32g4xx_hal_gpio.o(i.HAL_GPIO_Init)
    HAL_GPIO_ReadPin                         0x08002c11   Thumb Code    10  stm32g4xx_hal_gpio.o(i.HAL_GPIO_ReadPin)
    HAL_GPIO_WritePin                        0x08002c1b   Thumb Code    10  stm32g4xx_hal_gpio.o(i.HAL_GPIO_WritePin)
    HAL_GetTick                              0x08002c25   Thumb Code     6  stm32g4xx_hal.o(i.HAL_GetTick)
    HAL_IncTick                              0x08002c31   Thumb Code    12  stm32g4xx_hal.o(i.HAL_IncTick)
    HAL_Init                                 0x08002c41   Thumb Code    30  stm32g4xx_hal.o(i.HAL_Init)
    HAL_InitTick                             0x08002c61   Thumb Code    58  stm32g4xx_hal.o(i.HAL_InitTick)
    HAL_MspInit                              0x08002ca5   Thumb Code    50  stm32g4xx_hal_msp.o(i.HAL_MspInit)
    HAL_NVIC_EnableIRQ                       0x08002cdd   Thumb Code    26  stm32g4xx_hal_cortex.o(i.HAL_NVIC_EnableIRQ)
    HAL_NVIC_SetPriority                     0x08002cf9   Thumb Code    60  stm32g4xx_hal_cortex.o(i.HAL_NVIC_SetPriority)
    HAL_NVIC_SetPriorityGrouping             0x08002d39   Thumb Code    26  stm32g4xx_hal_cortex.o(i.HAL_NVIC_SetPriorityGrouping)
    HAL_PWREx_ControlVoltageScaling          0x08002d5d   Thumb Code   174  stm32g4xx_hal_pwr_ex.o(i.HAL_PWREx_ControlVoltageScaling)
    HAL_PWREx_DisableUCPDDeadBattery         0x08002e19   Thumb Code    12  stm32g4xx_hal_pwr_ex.o(i.HAL_PWREx_DisableUCPDDeadBattery)
    HAL_RCCEx_PeriphCLKConfig                0x08002e29   Thumb Code   758  stm32g4xx_hal_rcc_ex.o(i.HAL_RCCEx_PeriphCLKConfig)
    HAL_RCC_ClockConfig                      0x08003129   Thumb Code   444  stm32g4xx_hal_rcc.o(i.HAL_RCC_ClockConfig)
    HAL_RCC_GetHCLKFreq                      0x08003305   Thumb Code     6  stm32g4xx_hal_rcc.o(i.HAL_RCC_GetHCLKFreq)
    HAL_RCC_GetPCLK1Freq                     0x08003311   Thumb Code    24  stm32g4xx_hal_rcc.o(i.HAL_RCC_GetPCLK1Freq)
    HAL_RCC_GetPCLK2Freq                     0x08003335   Thumb Code    24  stm32g4xx_hal_rcc.o(i.HAL_RCC_GetPCLK2Freq)
    HAL_RCC_GetSysClockFreq                  0x08003359   Thumb Code    98  stm32g4xx_hal_rcc.o(i.HAL_RCC_GetSysClockFreq)
    HAL_RCC_OscConfig                        0x080033c5   Thumb Code  1028  stm32g4xx_hal_rcc.o(i.HAL_RCC_OscConfig)
    HAL_SYSTICK_Config                       0x080037c9   Thumb Code    40  stm32g4xx_hal_cortex.o(i.HAL_SYSTICK_Config)
    HAL_TIMEx_Break2Callback                 0x080037f1   Thumb Code     2  stm32g4xx_hal_tim_ex.o(i.HAL_TIMEx_Break2Callback)
    HAL_TIMEx_BreakCallback                  0x080037f3   Thumb Code     2  stm32g4xx_hal_tim_ex.o(i.HAL_TIMEx_BreakCallback)
    HAL_TIMEx_CommutCallback                 0x080037f5   Thumb Code     2  stm32g4xx_hal_tim_ex.o(i.HAL_TIMEx_CommutCallback)
    HAL_TIMEx_ConfigBreakDeadTime            0x080037f9   Thumb Code   154  stm32g4xx_hal_tim_ex.o(i.HAL_TIMEx_ConfigBreakDeadTime)
    HAL_TIMEx_DirectionChangeCallback        0x080038a1   Thumb Code     2  stm32g4xx_hal_tim_ex.o(i.HAL_TIMEx_DirectionChangeCallback)
    HAL_TIMEx_EncoderIndexCallback           0x080038a3   Thumb Code     2  stm32g4xx_hal_tim_ex.o(i.HAL_TIMEx_EncoderIndexCallback)
    HAL_TIMEx_IndexErrorCallback             0x080038a5   Thumb Code     2  stm32g4xx_hal_tim_ex.o(i.HAL_TIMEx_IndexErrorCallback)
    HAL_TIMEx_MasterConfigSynchronization    0x080038a9   Thumb Code   150  stm32g4xx_hal_tim_ex.o(i.HAL_TIMEx_MasterConfigSynchronization)
    HAL_TIMEx_PWMN_Start                     0x08003961   Thumb Code   170  stm32g4xx_hal_tim_ex.o(i.HAL_TIMEx_PWMN_Start)
    HAL_TIMEx_PWMN_Stop                      0x08003a2d   Thumb Code   104  stm32g4xx_hal_tim_ex.o(i.HAL_TIMEx_PWMN_Stop)
    HAL_TIMEx_TransitionErrorCallback        0x08003a95   Thumb Code     2  stm32g4xx_hal_tim_ex.o(i.HAL_TIMEx_TransitionErrorCallback)
    HAL_TIM_Base_Init                        0x08003a97   Thumb Code    98  stm32g4xx_hal_tim.o(i.HAL_TIM_Base_Init)
    HAL_TIM_Base_MspInit                     0x08003af9   Thumb Code    66  bsp_tim.o(i.HAL_TIM_Base_MspInit)
    HAL_TIM_Base_Start_IT                    0x08003b45   Thumb Code   106  stm32g4xx_hal_tim.o(i.HAL_TIM_Base_Start_IT)
    HAL_TIM_Base_Stop_IT                     0x08003bd1   Thumb Code    48  stm32g4xx_hal_tim.o(i.HAL_TIM_Base_Stop_IT)
    HAL_TIM_ConfigClockSource                0x08003c01   Thumb Code   234  stm32g4xx_hal_tim.o(i.HAL_TIM_ConfigClockSource)
    HAL_TIM_IC_CaptureCallback               0x08003cf1   Thumb Code     2  stm32g4xx_hal_tim.o(i.HAL_TIM_IC_CaptureCallback)
    HAL_TIM_IRQHandler                       0x08003cf3   Thumb Code   418  stm32g4xx_hal_tim.o(i.HAL_TIM_IRQHandler)
    HAL_TIM_MspPostInit                      0x08003e95   Thumb Code   134  bsp_tim.o(i.HAL_TIM_MspPostInit)
    HAL_TIM_OC_DelayElapsedCallback          0x08003f29   Thumb Code     2  stm32g4xx_hal_tim.o(i.HAL_TIM_OC_DelayElapsedCallback)
    HAL_TIM_PWM_ConfigChannel                0x08003f2b   Thumb Code   292  stm32g4xx_hal_tim.o(i.HAL_TIM_PWM_ConfigChannel)
    HAL_TIM_PWM_Init                         0x0800404f   Thumb Code    98  stm32g4xx_hal_tim.o(i.HAL_TIM_PWM_Init)
    HAL_TIM_PWM_MspInit                      0x080040b1   Thumb Code     2  stm32g4xx_hal_tim.o(i.HAL_TIM_PWM_MspInit)
    HAL_TIM_PWM_PulseFinishedCallback        0x080040b3   Thumb Code     2  stm32g4xx_hal_tim.o(i.HAL_TIM_PWM_PulseFinishedCallback)
    HAL_TIM_PWM_Start                        0x080040b5   Thumb Code   234  stm32g4xx_hal_tim.o(i.HAL_TIM_PWM_Start)
    HAL_TIM_PWM_Stop                         0x080041c9   Thumb Code   158  stm32g4xx_hal_tim.o(i.HAL_TIM_PWM_Stop)
    HAL_TIM_PeriodElapsedCallback            0x08004281   Thumb Code     2  stm32g4xx_hal_tim.o(i.HAL_TIM_PeriodElapsedCallback)
    HAL_TIM_TriggerCallback                  0x08004283   Thumb Code     2  stm32g4xx_hal_tim.o(i.HAL_TIM_TriggerCallback)
    HAL_UARTEx_DisableFifoMode               0x08004285   Thumb Code    62  stm32g4xx_hal_uart_ex.o(i.HAL_UARTEx_DisableFifoMode)
    HAL_UARTEx_SetRxFifoThreshold            0x080042c3   Thumb Code    76  stm32g4xx_hal_uart_ex.o(i.HAL_UARTEx_SetRxFifoThreshold)
    HAL_UARTEx_SetTxFifoThreshold            0x0800430f   Thumb Code    76  stm32g4xx_hal_uart_ex.o(i.HAL_UARTEx_SetTxFifoThreshold)
    HAL_UART_Init                            0x0800435b   Thumb Code   106  stm32g4xx_hal_uart.o(i.HAL_UART_Init)
    HAL_UART_MspInit                         0x080043c5   Thumb Code   220  bsp_usart.o(i.HAL_UART_MspInit)
    HAL_UART_Transmit                        0x080044b5   Thumb Code   174  stm32g4xx_hal_uart.o(i.HAL_UART_Transmit)
    HardFault_Handler                        0x08004563   Thumb Code     2  stm32g4xx_it.o(i.HardFault_Handler)
    MX_ADC1_Init                             0x08004609   Thumb Code   154  bsp_adc.o(i.MX_ADC1_Init)
    MX_ADC2_Init                             0x080046ad   Thumb Code   202  bsp_adc.o(i.MX_ADC2_Init)
    MX_CORDIC_Init                           0x0800478d   Thumb Code    28  bsp_cordic.o(i.MX_CORDIC_Init)
    MX_DAC1_Init                             0x080047b1   Thumb Code    80  bsp_dac.o(i.MX_DAC1_Init)
    MX_DAC2_Init                             0x08004809   Thumb Code    80  bsp_dac.o(i.MX_DAC2_Init)
    MX_DMA_Init                              0x08004861   Thumb Code    56  bsp_dma.o(i.MX_DMA_Init)
    MX_GPIO_Init                             0x0800489d   Thumb Code   206  bsp_gpio.o(i.MX_GPIO_Init)
    MX_TIM1_Init                             0x0800497d   Thumb Code   282  bsp_tim.o(i.MX_TIM1_Init)
    MX_USART1_UART_Init                      0x08004aa1   Thumb Code    94  bsp_usart.o(i.MX_USART1_UART_Init)
    MemManage_Handler                        0x08004b09   Thumb Code     2  stm32g4xx_it.o(i.MemManage_Handler)
    NMI_Handler                              0x08004b0b   Thumb Code     2  stm32g4xx_it.o(i.NMI_Handler)
    PendSV_Handler                           0x08004bf5   Thumb Code     2  stm32g4xx_it.o(i.PendSV_Handler)
    SVC_Handler                              0x08004bf7   Thumb Code     2  stm32g4xx_it.o(i.SVC_Handler)
    SysTick_Handler                          0x08004bf9   Thumb Code     4  stm32g4xx_it.o(i.SysTick_Handler)
    SystemClock_Config                       0x08004bfd   Thumb Code   132  main.o(i.SystemClock_Config)
    SystemInit                               0x08004c81   Thumb Code    12  system_stm32g4xx.o(i.SystemInit)
    TIM1_BRK_TIM15_IRQHandler                0x08004c91   Thumb Code     6  stm32g4xx_it.o(i.TIM1_BRK_TIM15_IRQHandler)
    TIM1_UP_TIM16_IRQHandler                 0x08004c9d   Thumb Code     6  stm32g4xx_it.o(i.TIM1_UP_TIM16_IRQHandler)
    TIM_Base_SetConfig                       0x08004ca9   Thumb Code   190  stm32g4xx_hal_tim.o(i.TIM_Base_SetConfig)
    TIM_CCxChannelCmd                        0x08004d8d   Thumb Code    26  stm32g4xx_hal_tim.o(i.TIM_CCxChannelCmd)
    TIM_ETR_SetConfig                        0x08004dc1   Thumb Code    20  stm32g4xx_hal_tim.o(i.TIM_ETR_SetConfig)
    TIM_OC2_SetConfig                        0x08004e95   Thumb Code   132  stm32g4xx_hal_tim.o(i.TIM_OC2_SetConfig)
    UART_AdvFeatureConfig                    0x080051f5   Thumb Code   200  stm32g4xx_hal_uart.o(i.UART_AdvFeatureConfig)
    UART_CheckIdleState                      0x080052bd   Thumb Code   172  stm32g4xx_hal_uart.o(i.UART_CheckIdleState)
    UART_SetConfig                           0x080053bd   Thumb Code   614  stm32g4xx_hal_uart.o(i.UART_SetConfig)
    UART_WaitOnFlagUntilTimeout              0x08005655   Thumb Code   148  stm32g4xx_hal_uart.o(i.UART_WaitOnFlagUntilTimeout)
    UsageFault_Handler                       0x080056e9   Thumb Code     2  stm32g4xx_it.o(i.UsageFault_Handler)
    __0printf                                0x080056ed   Thumb Code    22  printfa.o(i.__0printf)
    __1printf                                0x080056ed   Thumb Code     0  printfa.o(i.__0printf)
    __2printf                                0x080056ed   Thumb Code     0  printfa.o(i.__0printf)
    __c89printf                              0x080056ed   Thumb Code     0  printfa.o(i.__0printf)
    printf                                   0x080056ed   Thumb Code     0  printfa.o(i.__0printf)
    __ARM_fpclassifyf                        0x0800570d   Thumb Code    38  fpclassifyf.o(i.__ARM_fpclassifyf)
    __hardfp_cosf                            0x08005755   Thumb Code   280  cosf.o(i.__hardfp_cosf)
    __hardfp_sinf                            0x080058a5   Thumb Code   344  sinf.o(i.__hardfp_sinf)
    __hardfp_sqrtf                           0x08005a35   Thumb Code    58  sqrtf.o(i.__hardfp_sqrtf)
    __io_putchar                             0x08005a71   Thumb Code    26  bsp_usart.o(i.__io_putchar)
    __mathlib_flt_infnan                     0x08005a91   Thumb Code     6  funder.o(i.__mathlib_flt_infnan)
    __mathlib_flt_invalid                    0x08005a99   Thumb Code    10  funder.o(i.__mathlib_flt_invalid)
    __mathlib_flt_underflow                  0x08005aa9   Thumb Code    10  funder.o(i.__mathlib_flt_underflow)
    __mathlib_rredf2                         0x08005ab9   Thumb Code   316  rredf.o(i.__mathlib_rredf2)
    __scatterload_copy                       0x08005c0d   Thumb Code    14  handlers.o(i.__scatterload_copy)
    __scatterload_null                       0x08005c1b   Thumb Code     2  handlers.o(i.__scatterload_null)
    __scatterload_zeroinit                   0x08005c1d   Thumb Code    14  handlers.o(i.__scatterload_zeroinit)
    __set_errno                              0x08005c2d   Thumb Code     6  errno.o(i.__set_errno)
    fputc                                    0x080068c5   Thumb Code     4  bsp_usart.o(i.fputc)
    main                                     0x080068c9   Thumb Code   206  main.o(i.main)
    UARTPrescTable                           0x080069e0   Data          24  stm32g4xx_hal_uart.o(.constdata)
    AHBPrescTable                            0x08006a08   Data          16  system_stm32g4xx.o(.constdata)
    APBPrescTable                            0x08006a18   Data           8  system_stm32g4xx.o(.constdata)
    Region$$Table$$Base                      0x08006a40   Number         0  anon$$obj.o(Region$$Table)
    Region$$Table$$Limit                     0x08006a60   Number         0  anon$$obj.o(Region$$Table)
    uwTickPrio                               0x20000060   Data           4  stm32g4xx_hal.o(.data)
    uwTickFreq                               0x20000064   Data           4  stm32g4xx_hal.o(.data)
    uwTick                                   0x20000068   Data           4  stm32g4xx_hal.o(.data)
    SystemCoreClock                          0x2000006c   Data           4  system_stm32g4xx.o(.data)
    __stdout                                 0x20000078   Data           4  stdout.o(.data)
    huart1                                   0x200000a0   Data         148  bsp_usart.o(.bss)
    hdma_usart1_rx                           0x20000134   Data          96  bsp_usart.o(.bss)
    hdma_usart1_tx                           0x20000194   Data          96  bsp_usart.o(.bss)
    htim1                                    0x200001f4   Data          76  bsp_tim.o(.bss)
    hdac1                                    0x20000240   Data          20  bsp_dac.o(.bss)
    hdac2                                    0x20000254   Data          20  bsp_dac.o(.bss)
    hcordic                                  0x20000268   Data          40  bsp_cordic.o(.bss)
    hadc1                                    0x20000290   Data         108  bsp_adc.o(.bss)
    hadc2                                    0x200002fc   Data         108  bsp_adc.o(.bss)
    __initial_sp                             0x20000768   Data           0  startup_stm32g474xx.o(STACK)



==============================================================================

Memory Map of the image

  Image Entry point : 0x080001d9

  Load Region LR_IROM1 (Base: 0x08000000, Size: 0x00006ae0, Max: 0x00080000, ABSOLUTE)

    Execution Region ER_IROM1 (Exec base: 0x08000000, Load base: 0x08000000, Size: 0x00006a60, Max: 0x00080000, ABSOLUTE)

    Exec Addr    Load Addr    Size         Type   Attr      Idx    E Section Name        Object

    0x08000000   0x08000000   0x000001d8   Data   RO            3    RESET               startup_stm32g474xx.o
    0x080001d8   0x080001d8   0x00000000   Code   RO         5112  * .ARM.Collect$$$$00000000  mc_w.l(entry.o)
    0x080001d8   0x080001d8   0x00000004   Code   RO         5403    .ARM.Collect$$$$00000001  mc_w.l(entry2.o)
    0x080001dc   0x080001dc   0x00000004   Code   RO         5406    .ARM.Collect$$$$00000004  mc_w.l(entry5.o)
    0x080001e0   0x080001e0   0x00000000   Code   RO         5408    .ARM.Collect$$$$00000008  mc_w.l(entry7b.o)
    0x080001e0   0x080001e0   0x00000000   Code   RO         5410    .ARM.Collect$$$$0000000A  mc_w.l(entry8b.o)
    0x080001e0   0x080001e0   0x00000008   Code   RO         5411    .ARM.Collect$$$$0000000B  mc_w.l(entry9a.o)
    0x080001e8   0x080001e8   0x00000004   Code   RO         5418    .ARM.Collect$$$$0000000E  mc_w.l(entry12b.o)
    0x080001ec   0x080001ec   0x00000000   Code   RO         5413    .ARM.Collect$$$$0000000F  mc_w.l(entry10a.o)
    0x080001ec   0x080001ec   0x00000000   Code   RO         5415    .ARM.Collect$$$$00000011  mc_w.l(entry11a.o)
    0x080001ec   0x080001ec   0x00000004   Code   RO         5404    .ARM.Collect$$$$00002712  mc_w.l(entry2.o)
    0x080001f0   0x080001f0   0x00000024   Code   RO            4    .text               startup_stm32g474xx.o
    0x08000214   0x08000214   0x00000062   Code   RO         5115    .text               mc_w.l(uldiv.o)
    0x08000276   0x08000276   0x00000024   Code   RO         5117    .text               mc_w.l(memseta.o)
    0x0800029a   0x0800029a   0x00000026   Code   RO         5382    .text               mf_w.l(f2d.o)
    0x080002c0   0x080002c0   0x0000002c   Code   RO         5420    .text               mc_w.l(uidiv.o)
    0x080002ec   0x080002ec   0x0000001e   Code   RO         5422    .text               mc_w.l(llshl.o)
    0x0800030a   0x0800030a   0x00000020   Code   RO         5424    .text               mc_w.l(llushr.o)
    0x0800032a   0x0800032a   0x00000000   Code   RO         5433    .text               mc_w.l(iusefp.o)
    0x0800032a   0x0800032a   0x0000014e   Code   RO         5434    .text               mf_w.l(dadd.o)
    0x08000478   0x08000478   0x000000e4   Code   RO         5436    .text               mf_w.l(dmul.o)
    0x0800055c   0x0800055c   0x000000de   Code   RO         5438    .text               mf_w.l(ddiv.o)
    0x0800063a   0x0800063a   0x00000030   Code   RO         5440    .text               mf_w.l(dfixul.o)
    0x0800066a   0x0800066a   0x00000002   PAD
    0x0800066c   0x0800066c   0x00000030   Code   RO         5442    .text               mf_w.l(cdrcmple.o)
    0x0800069c   0x0800069c   0x00000024   Code   RO         5444    .text               mc_w.l(init.o)
    0x080006c0   0x080006c0   0x00000024   Code   RO         5446    .text               mc_w.l(llsshr.o)
    0x080006e4   0x080006e4   0x000000ba   Code   RO         5448    .text               mf_w.l(depilogue.o)
    0x0800079e   0x0800079e   0x00000002   PAD
    0x080007a0   0x080007a0   0x0000000c   Code   RO          208    i.ADC1_2_IRQHandler  stm32g4xx_it.o
    0x080007ac   0x080007ac   0x000000e4   Code   RO          622    i.ADC_ConversionStop  stm32g4xx_hal_adc.o
    0x08000890   0x08000890   0x00000070   Code   RO          626    i.ADC_Disable       stm32g4xx_hal_adc.o
    0x08000900   0x08000900   0x000000c4   Code   RO          627    i.ADC_Enable        stm32g4xx_hal_adc.o
    0x080009c4   0x080009c4   0x00000078   Code   RO         4869    i.BSP_KEY_EXTI_Callback  bsp_key.o
    0x08000a3c   0x08000a3c   0x0000000c   Code   RO         4870    i.BSP_KEY_Init      bsp_key.o
    0x08000a48   0x08000a48   0x00000002   Code   RO          209    i.BusFault_Handler  stm32g4xx_it.o
    0x08000a4a   0x08000a4a   0x00000002   PAD
    0x08000a4c   0x08000a4c   0x0000000c   Code   RO          210    i.DMA1_Channel1_IRQHandler  stm32g4xx_it.o
    0x08000a58   0x08000a58   0x00000040   Code   RO         1936    i.DMA_CalcDMAMUXChannelBaseAndMask  stm32g4xx_hal_dma.o
    0x08000a98   0x08000a98   0x00000024   Code   RO         1937    i.DMA_CalcDMAMUXRequestGenBaseAndMask  stm32g4xx_hal_dma.o
    0x08000abc   0x08000abc   0x00000002   Code   RO          211    i.DebugMon_Handler  stm32g4xx_it.o
    0x08000abe   0x08000abe   0x00000008   Code   RO          212    i.EXTI15_10_IRQHandler  stm32g4xx_it.o
    0x08000ac6   0x08000ac6   0x00000004   Code   RO           13    i.Error_Handler     main.o
    0x08000aca   0x08000aca   0x00000002   PAD
    0x08000acc   0x08000acc   0x0000006c   Code   RO          350    i.FOC_AlignRun      foc_bridge.o
    0x08000b38   0x08000b38   0x00000074   Code   RO          351    i.FOC_BridgeInit    foc_bridge.o
    0x08000bac   0x08000bac   0x000000c8   Code   RO          352    i.FOC_CurrentOffsetCalib  foc_bridge.o
    0x08000c74   0x08000c74   0x00000018   Code   RO          353    i.FOC_FaultStop     foc_bridge.o
    0x08000c8c   0x08000c8c   0x0000000c   Code   RO          357    i.FOC_GetObservedAngleErrDeg  foc_bridge.o
    0x08000c98   0x08000c98   0x0000000c   Code   RO          358    i.FOC_GetObservedSpeedRadPerSec  foc_bridge.o
    0x08000ca4   0x08000ca4   0x0000000c   Code   RO          359    i.FOC_GetObservedThetaRad  foc_bridge.o
    0x08000cb0   0x08000cb0   0x0000000c   Code   RO          361    i.FOC_GetOpenLoopFreqHz  foc_bridge.o
    0x08000cbc   0x08000cbc   0x0000000c   Code   RO          362    i.FOC_GetOpenLoopThetaErad  foc_bridge.o
    0x08000cc8   0x08000cc8   0x0000000c   Code   RO          366    i.FOC_GetState      foc_bridge.o
    0x08000cd4   0x08000cd4   0x000000f0   Code   RO          368    i.FOC_OpenLoopRun   foc_bridge.o
    0x08000dc4   0x08000dc4   0x00000038   Code   RO          369    i.FOC_SamplingUpdate  foc_bridge.o
    0x08000dfc   0x08000dfc   0x000000b4   Code   RO          370    i.FOC_Start         foc_bridge.o
    0x08000eb0   0x08000eb0   0x00000064   Code   RO          371    i.FOC_Stop          foc_bridge.o
    0x08000f14   0x08000f14   0x00000002   Code   RO          372    i.FOC_TaskBackground  foc_bridge.o
    0x08000f16   0x08000f16   0x00000002   PAD
    0x08000f18   0x08000f18   0x0000002c   Code   RO          373    i.FOC_TaskHighFreq  foc_bridge.o
    0x08000f44   0x08000f44   0x00000050   Code   RO          571    i.FluxObserver_PLL_reset  fluxobserver_pll.o
    0x08000f94   0x08000f94   0x00000016   Code   RO          572    i.FluxObserver_PLL_update  fluxobserver_pll.o
    0x08000faa   0x08000faa   0x00000002   PAD
    0x08000fac   0x08000fac   0x000000b4   Code   RO          573    i.FluxObserver_update  fluxobserver_pll.o
    0x08001060   0x08001060   0x00000094   Code   RO          860    i.HAL_ADCEx_Calibration_Start  stm32g4xx_hal_adc_ex.o
    0x080010f4   0x080010f4   0x00000002   Code   RO          864    i.HAL_ADCEx_EndOfSamplingCallback  stm32g4xx_hal_adc_ex.o
    0x080010f6   0x080010f6   0x00000002   PAD
    0x080010f8   0x080010f8   0x00000560   Code   RO          866    i.HAL_ADCEx_InjectedConfigChannel  stm32g4xx_hal_adc_ex.o
    0x08001658   0x08001658   0x00000010   Code   RO          213    i.HAL_ADCEx_InjectedConvCpltCallback  stm32g4xx_it.o
    0x08001668   0x08001668   0x0000002e   Code   RO          868    i.HAL_ADCEx_InjectedGetValue  stm32g4xx_hal_adc_ex.o
    0x08001696   0x08001696   0x00000002   Code   RO          870    i.HAL_ADCEx_InjectedQueueOverflowCallback  stm32g4xx_hal_adc_ex.o
    0x08001698   0x08001698   0x00000158   Code   RO          872    i.HAL_ADCEx_InjectedStart_IT  stm32g4xx_hal_adc_ex.o
    0x080017f0   0x080017f0   0x0000005e   Code   RO          874    i.HAL_ADCEx_InjectedStop_IT  stm32g4xx_hal_adc_ex.o
    0x0800184e   0x0800184e   0x00000002   Code   RO          875    i.HAL_ADCEx_LevelOutOfWindow2Callback  stm32g4xx_hal_adc_ex.o
    0x08001850   0x08001850   0x00000002   Code   RO          876    i.HAL_ADCEx_LevelOutOfWindow3Callback  stm32g4xx_hal_adc_ex.o
    0x08001852   0x08001852   0x00000002   PAD
    0x08001854   0x08001854   0x00000160   Code   RO          877    i.HAL_ADCEx_MultiModeConfigChannel  stm32g4xx_hal_adc_ex.o
    0x080019b4   0x080019b4   0x0000046c   Code   RO          629    i.HAL_ADC_ConfigChannel  stm32g4xx_hal_adc.o
    0x08001e20   0x08001e20   0x00000002   Code   RO          630    i.HAL_ADC_ConvCpltCallback  stm32g4xx_hal_adc.o
    0x08001e22   0x08001e22   0x00000002   Code   RO          633    i.HAL_ADC_ErrorCallback  stm32g4xx_hal_adc.o
    0x08001e24   0x08001e24   0x00000006   Code   RO          636    i.HAL_ADC_GetValue  stm32g4xx_hal_adc.o
    0x08001e2a   0x08001e2a   0x00000002   PAD
    0x08001e2c   0x08001e2c   0x000002b8   Code   RO          637    i.HAL_ADC_IRQHandler  stm32g4xx_hal_adc.o
    0x080020e4   0x080020e4   0x00000230   Code   RO          638    i.HAL_ADC_Init      stm32g4xx_hal_adc.o
    0x08002314   0x08002314   0x00000002   Code   RO          639    i.HAL_ADC_LevelOutOfWindowCallback  stm32g4xx_hal_adc.o
    0x08002316   0x08002316   0x00000002   PAD
    0x08002318   0x08002318   0x000000c8   Code   RO         4998    i.HAL_ADC_MspInit   bsp_adc.o
    0x080023e0   0x080023e0   0x00000138   Code   RO          644    i.HAL_ADC_Start     stm32g4xx_hal_adc.o
    0x08002518   0x08002518   0x0000003e   Code   RO          648    i.HAL_ADC_Stop      stm32g4xx_hal_adc.o
    0x08002556   0x08002556   0x00000034   Code   RO         2606    i.HAL_CORDIC_Init   stm32g4xx_hal_cordic.o
    0x0800258a   0x0800258a   0x00000002   PAD
    0x0800258c   0x0800258c   0x00000028   Code   RO         4956    i.HAL_CORDIC_MspInit  bsp_cordic.o
    0x080025b4   0x080025b4   0x000001cc   Code   RO         2720    i.HAL_DAC_ConfigChannel  stm32g4xx_hal_dac.o
    0x08002780   0x08002780   0x00000028   Code   RO         2730    i.HAL_DAC_Init      stm32g4xx_hal_dac.o
    0x080027a8   0x080027a8   0x00000088   Code   RO         4908    i.HAL_DAC_MspInit   bsp_dac.o
    0x08002830   0x08002830   0x000000ba   Code   RO         1944    i.HAL_DMA_IRQHandler  stm32g4xx_hal_dma.o
    0x080028ea   0x080028ea   0x00000002   PAD
    0x080028ec   0x080028ec   0x000000c0   Code   RO         1945    i.HAL_DMA_Init      stm32g4xx_hal_dma.o
    0x080029ac   0x080029ac   0x00000004   Code   RO         4871    i.HAL_GPIO_EXTI_Callback  bsp_key.o
    0x080029b0   0x080029b0   0x00000018   Code   RO         1800    i.HAL_GPIO_EXTI_IRQHandler  stm32g4xx_hal_gpio.o
    0x080029c8   0x080029c8   0x00000248   Code   RO         1801    i.HAL_GPIO_Init     stm32g4xx_hal_gpio.o
    0x08002c10   0x08002c10   0x0000000a   Code   RO         1803    i.HAL_GPIO_ReadPin  stm32g4xx_hal_gpio.o
    0x08002c1a   0x08002c1a   0x0000000a   Code   RO         1805    i.HAL_GPIO_WritePin  stm32g4xx_hal_gpio.o
    0x08002c24   0x08002c24   0x0000000c   Code   RO         1080    i.HAL_GetTick       stm32g4xx_hal.o
    0x08002c30   0x08002c30   0x00000010   Code   RO         1086    i.HAL_IncTick       stm32g4xx_hal.o
    0x08002c40   0x08002c40   0x0000001e   Code   RO         1087    i.HAL_Init          stm32g4xx_hal.o
    0x08002c5e   0x08002c5e   0x00000002   PAD
    0x08002c60   0x08002c60   0x00000044   Code   RO         1088    i.HAL_InitTick      stm32g4xx_hal.o
    0x08002ca4   0x08002ca4   0x00000038   Code   RO          326    i.HAL_MspInit       stm32g4xx_hal_msp.o
    0x08002cdc   0x08002cdc   0x0000001a   Code   RO         2450    i.HAL_NVIC_EnableIRQ  stm32g4xx_hal_cortex.o
    0x08002cf6   0x08002cf6   0x00000002   PAD
    0x08002cf8   0x08002cf8   0x00000040   Code   RO         2456    i.HAL_NVIC_SetPriority  stm32g4xx_hal_cortex.o
    0x08002d38   0x08002d38   0x00000024   Code   RO         2457    i.HAL_NVIC_SetPriorityGrouping  stm32g4xx_hal_cortex.o
    0x08002d5c   0x08002d5c   0x000000bc   Code   RO         2204    i.HAL_PWREx_ControlVoltageScaling  stm32g4xx_hal_pwr_ex.o
    0x08002e18   0x08002e18   0x00000010   Code   RO         2216    i.HAL_PWREx_DisableUCPDDeadBattery  stm32g4xx_hal_pwr_ex.o
    0x08002e28   0x08002e28   0x00000300   Code   RO         1447    i.HAL_RCCEx_PeriphCLKConfig  stm32g4xx_hal_rcc_ex.o
    0x08003128   0x08003128   0x000001dc   Code   RO         1322    i.HAL_RCC_ClockConfig  stm32g4xx_hal_rcc.o
    0x08003304   0x08003304   0x0000000c   Code   RO         1328    i.HAL_RCC_GetHCLKFreq  stm32g4xx_hal_rcc.o
    0x08003310   0x08003310   0x00000024   Code   RO         1330    i.HAL_RCC_GetPCLK1Freq  stm32g4xx_hal_rcc.o
    0x08003334   0x08003334   0x00000024   Code   RO         1331    i.HAL_RCC_GetPCLK2Freq  stm32g4xx_hal_rcc.o
    0x08003358   0x08003358   0x0000006c   Code   RO         1332    i.HAL_RCC_GetSysClockFreq  stm32g4xx_hal_rcc.o
    0x080033c4   0x080033c4   0x00000404   Code   RO         1335    i.HAL_RCC_OscConfig  stm32g4xx_hal_rcc.o
    0x080037c8   0x080037c8   0x00000028   Code   RO         2461    i.HAL_SYSTICK_Config  stm32g4xx_hal_cortex.o
    0x080037f0   0x080037f0   0x00000002   Code   RO         3721    i.HAL_TIMEx_Break2Callback  stm32g4xx_hal_tim_ex.o
    0x080037f2   0x080037f2   0x00000002   Code   RO         3722    i.HAL_TIMEx_BreakCallback  stm32g4xx_hal_tim_ex.o
    0x080037f4   0x080037f4   0x00000002   Code   RO         3723    i.HAL_TIMEx_CommutCallback  stm32g4xx_hal_tim_ex.o
    0x080037f6   0x080037f6   0x00000002   PAD
    0x080037f8   0x080037f8   0x000000a8   Code   RO         3726    i.HAL_TIMEx_ConfigBreakDeadTime  stm32g4xx_hal_tim_ex.o
    0x080038a0   0x080038a0   0x00000002   Code   RO         3734    i.HAL_TIMEx_DirectionChangeCallback  stm32g4xx_hal_tim_ex.o
    0x080038a2   0x080038a2   0x00000002   Code   RO         3748    i.HAL_TIMEx_EncoderIndexCallback  stm32g4xx_hal_tim_ex.o
    0x080038a4   0x080038a4   0x00000002   Code   RO         3762    i.HAL_TIMEx_IndexErrorCallback  stm32g4xx_hal_tim_ex.o
    0x080038a6   0x080038a6   0x00000002   PAD
    0x080038a8   0x080038a8   0x000000b8   Code   RO         3763    i.HAL_TIMEx_MasterConfigSynchronization  stm32g4xx_hal_tim_ex.o
    0x08003960   0x08003960   0x000000cc   Code   RO         3775    i.HAL_TIMEx_PWMN_Start  stm32g4xx_hal_tim_ex.o
    0x08003a2c   0x08003a2c   0x00000068   Code   RO         3778    i.HAL_TIMEx_PWMN_Stop  stm32g4xx_hal_tim_ex.o
    0x08003a94   0x08003a94   0x00000002   Code   RO         3784    i.HAL_TIMEx_TransitionErrorCallback  stm32g4xx_hal_tim_ex.o
    0x08003a96   0x08003a96   0x00000062   Code   RO         3007    i.HAL_TIM_Base_Init  stm32g4xx_hal_tim.o
    0x08003af8   0x08003af8   0x0000004c   Code   RO         4801    i.HAL_TIM_Base_MspInit  bsp_tim.o
    0x08003b44   0x08003b44   0x0000008c   Code   RO         3012    i.HAL_TIM_Base_Start_IT  stm32g4xx_hal_tim.o
    0x08003bd0   0x08003bd0   0x00000030   Code   RO         3015    i.HAL_TIM_Base_Stop_IT  stm32g4xx_hal_tim.o
    0x08003c00   0x08003c00   0x000000f0   Code   RO         3016    i.HAL_TIM_ConfigClockSource  stm32g4xx_hal_tim.o
    0x08003cf0   0x08003cf0   0x00000002   Code   RO         3041    i.HAL_TIM_IC_CaptureCallback  stm32g4xx_hal_tim.o
    0x08003cf2   0x08003cf2   0x000001a2   Code   RO         3055    i.HAL_TIM_IRQHandler  stm32g4xx_hal_tim.o
    0x08003e94   0x08003e94   0x00000094   Code   RO         4802    i.HAL_TIM_MspPostInit  bsp_tim.o
    0x08003f28   0x08003f28   0x00000002   Code   RO         3058    i.HAL_TIM_OC_DelayElapsedCallback  stm32g4xx_hal_tim.o
    0x08003f2a   0x08003f2a   0x00000124   Code   RO         3079    i.HAL_TIM_PWM_ConfigChannel  stm32g4xx_hal_tim.o
    0x0800404e   0x0800404e   0x00000062   Code   RO         3082    i.HAL_TIM_PWM_Init  stm32g4xx_hal_tim.o
    0x080040b0   0x080040b0   0x00000002   Code   RO         3084    i.HAL_TIM_PWM_MspInit  stm32g4xx_hal_tim.o
    0x080040b2   0x080040b2   0x00000002   Code   RO         3085    i.HAL_TIM_PWM_PulseFinishedCallback  stm32g4xx_hal_tim.o
    0x080040b4   0x080040b4   0x00000114   Code   RO         3087    i.HAL_TIM_PWM_Start  stm32g4xx_hal_tim.o
    0x080041c8   0x080041c8   0x000000b8   Code   RO         3090    i.HAL_TIM_PWM_Stop  stm32g4xx_hal_tim.o
    0x08004280   0x08004280   0x00000002   Code   RO         3093    i.HAL_TIM_PeriodElapsedCallback  stm32g4xx_hal_tim.o
    0x08004282   0x08004282   0x00000002   Code   RO         3098    i.HAL_TIM_TriggerCallback  stm32g4xx_hal_tim.o
    0x08004284   0x08004284   0x0000003e   Code   RO         4570    i.HAL_UARTEx_DisableFifoMode  stm32g4xx_hal_uart_ex.o
    0x080042c2   0x080042c2   0x0000004c   Code   RO         4579    i.HAL_UARTEx_SetRxFifoThreshold  stm32g4xx_hal_uart_ex.o
    0x0800430e   0x0800430e   0x0000004c   Code   RO         4580    i.HAL_UARTEx_SetTxFifoThreshold  stm32g4xx_hal_uart_ex.o
    0x0800435a   0x0800435a   0x0000006a   Code   RO         4179    i.HAL_UART_Init     stm32g4xx_hal_uart.o
    0x080043c4   0x080043c4   0x000000f0   Code   RO         4729    i.HAL_UART_MspInit  bsp_usart.o
    0x080044b4   0x080044b4   0x000000ae   Code   RO         4188    i.HAL_UART_Transmit  stm32g4xx_hal_uart.o
    0x08004562   0x08004562   0x00000002   Code   RO          214    i.HardFault_Handler  stm32g4xx_it.o
    0x08004564   0x08004564   0x0000000c   Code   RO          652    i.LL_ADC_GetOffsetChannel  stm32g4xx_hal_adc.o
    0x08004570   0x08004570   0x0000000c   Code   RO          885    i.LL_ADC_GetOffsetChannel  stm32g4xx_hal_adc_ex.o
    0x0800457c   0x0800457c   0x00000008   Code   RO          653    i.LL_ADC_INJ_IsConversionOngoing  stm32g4xx_hal_adc.o
    0x08004584   0x08004584   0x00000008   Code   RO          886    i.LL_ADC_INJ_IsConversionOngoing  stm32g4xx_hal_adc_ex.o
    0x0800458c   0x0800458c   0x00000008   Code   RO          654    i.LL_ADC_REG_IsConversionOngoing  stm32g4xx_hal_adc.o
    0x08004594   0x08004594   0x00000008   Code   RO          887    i.LL_ADC_REG_IsConversionOngoing  stm32g4xx_hal_adc_ex.o
    0x0800459c   0x0800459c   0x00000010   Code   RO          655    i.LL_ADC_REG_IsTriggerSourceSWStart  stm32g4xx_hal_adc.o
    0x080045ac   0x080045ac   0x0000001e   Code   RO          657    i.LL_ADC_SetChannelSamplingTime  stm32g4xx_hal_adc.o
    0x080045ca   0x080045ca   0x0000001e   Code   RO          888    i.LL_ADC_SetChannelSamplingTime  stm32g4xx_hal_adc_ex.o
    0x080045e8   0x080045e8   0x00000010   Code   RO          658    i.LL_ADC_SetOffsetState  stm32g4xx_hal_adc.o
    0x080045f8   0x080045f8   0x00000010   Code   RO          889    i.LL_ADC_SetOffsetState  stm32g4xx_hal_adc_ex.o
    0x08004608   0x08004608   0x000000a4   Code   RO         4999    i.MX_ADC1_Init      bsp_adc.o
    0x080046ac   0x080046ac   0x000000e0   Code   RO         5000    i.MX_ADC2_Init      bsp_adc.o
    0x0800478c   0x0800478c   0x00000024   Code   RO         4957    i.MX_CORDIC_Init    bsp_cordic.o
    0x080047b0   0x080047b0   0x00000058   Code   RO         4909    i.MX_DAC1_Init      bsp_dac.o
    0x08004808   0x08004808   0x00000058   Code   RO         4910    i.MX_DAC2_Init      bsp_dac.o
    0x08004860   0x08004860   0x0000003c   Code   RO         4845    i.MX_DMA_Init       bsp_dma.o
    0x0800489c   0x0800489c   0x000000e0   Code   RO         5043    i.MX_GPIO_Init      bsp_gpio.o
    0x0800497c   0x0800497c   0x00000124   Code   RO         4803    i.MX_TIM1_Init      bsp_tim.o
    0x08004aa0   0x08004aa0   0x00000068   Code   RO         4730    i.MX_USART1_UART_Init  bsp_usart.o
    0x08004b08   0x08004b08   0x00000002   Code   RO          215    i.MemManage_Handler  stm32g4xx_it.o
    0x08004b0a   0x08004b0a   0x00000002   Code   RO          216    i.NMI_Handler       stm32g4xx_it.o
    0x08004b0c   0x08004b0c   0x000000e8   Code   RO          574    i.PLL_update        fluxobserver_pll.o
    0x08004bf4   0x08004bf4   0x00000002   Code   RO          217    i.PendSV_Handler    stm32g4xx_it.o
    0x08004bf6   0x08004bf6   0x00000002   Code   RO          218    i.SVC_Handler       stm32g4xx_it.o
    0x08004bf8   0x08004bf8   0x00000004   Code   RO          219    i.SysTick_Handler   stm32g4xx_it.o
    0x08004bfc   0x08004bfc   0x00000084   Code   RO           14    i.SystemClock_Config  main.o
    0x08004c80   0x08004c80   0x00000010   Code   RO         4689    i.SystemInit        system_stm32g4xx.o
    0x08004c90   0x08004c90   0x0000000c   Code   RO          220    i.TIM1_BRK_TIM15_IRQHandler  stm32g4xx_it.o
    0x08004c9c   0x08004c9c   0x0000000c   Code   RO          221    i.TIM1_UP_TIM16_IRQHandler  stm32g4xx_it.o
    0x08004ca8   0x08004ca8   0x000000e4   Code   RO         3100    i.TIM_Base_SetConfig  stm32g4xx_hal_tim.o
    0x08004d8c   0x08004d8c   0x0000001a   Code   RO         3101    i.TIM_CCxChannelCmd  stm32g4xx_hal_tim.o
    0x08004da6   0x08004da6   0x0000001a   Code   RO         3787    i.TIM_CCxNChannelCmd  stm32g4xx_hal_tim_ex.o
    0x08004dc0   0x08004dc0   0x00000014   Code   RO         3111    i.TIM_ETR_SetConfig  stm32g4xx_hal_tim.o
    0x08004dd4   0x08004dd4   0x00000014   Code   RO         3112    i.TIM_ITRx_SetConfig  stm32g4xx_hal_tim.o
    0x08004de8   0x08004de8   0x000000ac   Code   RO         3113    i.TIM_OC1_SetConfig  stm32g4xx_hal_tim.o
    0x08004e94   0x08004e94   0x000000a0   Code   RO         3114    i.TIM_OC2_SetConfig  stm32g4xx_hal_tim.o
    0x08004f34   0x08004f34   0x000000a0   Code   RO         3115    i.TIM_OC3_SetConfig  stm32g4xx_hal_tim.o
    0x08004fd4   0x08004fd4   0x000000a0   Code   RO         3116    i.TIM_OC4_SetConfig  stm32g4xx_hal_tim.o
    0x08005074   0x08005074   0x00000078   Code   RO         3117    i.TIM_OC5_SetConfig  stm32g4xx_hal_tim.o
    0x080050ec   0x080050ec   0x0000007c   Code   RO         3118    i.TIM_OC6_SetConfig  stm32g4xx_hal_tim.o
    0x08005168   0x08005168   0x00000022   Code   RO         3120    i.TIM_TI1_ConfigInputStage  stm32g4xx_hal_tim.o
    0x0800518a   0x0800518a   0x00000024   Code   RO         3122    i.TIM_TI2_ConfigInputStage  stm32g4xx_hal_tim.o
    0x080051ae   0x080051ae   0x00000002   PAD
    0x080051b0   0x080051b0   0x00000044   Code   RO         4584    i.UARTEx_SetNbDataToProcess  stm32g4xx_hal_uart_ex.o
    0x080051f4   0x080051f4   0x000000c8   Code   RO         4193    i.UART_AdvFeatureConfig  stm32g4xx_hal_uart.o
    0x080052bc   0x080052bc   0x000000ac   Code   RO         4194    i.UART_CheckIdleState  stm32g4xx_hal_uart.o
    0x08005368   0x08005368   0x00000054   Code   RO         4205    i.UART_EndRxTransfer  stm32g4xx_hal_uart.o
    0x080053bc   0x080053bc   0x00000298   Code   RO         4211    i.UART_SetConfig    stm32g4xx_hal_uart.o
    0x08005654   0x08005654   0x00000094   Code   RO         4218    i.UART_WaitOnFlagUntilTimeout  stm32g4xx_hal_uart.o
    0x080056e8   0x080056e8   0x00000002   Code   RO          222    i.UsageFault_Handler  stm32g4xx_it.o
    0x080056ea   0x080056ea   0x00000002   PAD
    0x080056ec   0x080056ec   0x00000020   Code   RO         5354    i.__0printf         mc_w.l(printfa.o)
    0x0800570c   0x0800570c   0x00000026   Code   RO         5384    i.__ARM_fpclassifyf  m_wm.l(fpclassifyf.o)
    0x08005732   0x08005732   0x00000020   Code   RO         2463    i.__NVIC_SetPriority  stm32g4xx_hal_cortex.o
    0x08005752   0x08005752   0x00000002   PAD
    0x08005754   0x08005754   0x00000150   Code   RO         5076    i.__hardfp_cosf     m_wm.l(cosf.o)
    0x080058a4   0x080058a4   0x00000190   Code   RO         5088    i.__hardfp_sinf     m_wm.l(sinf.o)
    0x08005a34   0x08005a34   0x0000003a   Code   RO         5100    i.__hardfp_sqrtf    m_wm.l(sqrtf.o)
    0x08005a6e   0x08005a6e   0x00000002   PAD
    0x08005a70   0x08005a70   0x00000020   Code   RO         4731    i.__io_putchar      bsp_usart.o
    0x08005a90   0x08005a90   0x00000006   Code   RO         5387    i.__mathlib_flt_infnan  m_wm.l(funder.o)
    0x08005a96   0x08005a96   0x00000002   PAD
    0x08005a98   0x08005a98   0x00000010   Code   RO         5389    i.__mathlib_flt_invalid  m_wm.l(funder.o)
    0x08005aa8   0x08005aa8   0x00000010   Code   RO         5392    i.__mathlib_flt_underflow  m_wm.l(funder.o)
    0x08005ab8   0x08005ab8   0x00000154   Code   RO         5400    i.__mathlib_rredf2  m_wm.l(rredf.o)
    0x08005c0c   0x08005c0c   0x0000000e   Code   RO         5452    i.__scatterload_copy  mc_w.l(handlers.o)
    0x08005c1a   0x08005c1a   0x00000002   Code   RO         5453    i.__scatterload_null  mc_w.l(handlers.o)
    0x08005c1c   0x08005c1c   0x0000000e   Code   RO         5454    i.__scatterload_zeroinit  mc_w.l(handlers.o)
    0x08005c2a   0x08005c2a   0x00000002   PAD
    0x08005c2c   0x08005c2c   0x0000000c   Code   RO         5428    i.__set_errno       mc_w.l(errno.o)
    0x08005c38   0x08005c38   0x00000184   Code   RO         5361    i._fp_digits        mc_w.l(printfa.o)
    0x08005dbc   0x08005dbc   0x000006b4   Code   RO         5362    i._printf_core      mc_w.l(printfa.o)
    0x08006470   0x08006470   0x00000024   Code   RO         5363    i._printf_post_padding  mc_w.l(printfa.o)
    0x08006494   0x08006494   0x0000002e   Code   RO         5364    i._printf_pre_padding  mc_w.l(printfa.o)
    0x080064c2   0x080064c2   0x00000002   PAD
    0x080064c4   0x080064c4   0x00000024   Code   RO          374    i.foc_adc_to_voltage  foc_bridge.o
    0x080064e8   0x080064e8   0x00000018   Code   RO          375    i.foc_clamp_ccr     foc_bridge.o
    0x08006500   0x08006500   0x00000018   Code   RO          376    i.foc_current_from_adc  foc_bridge.o
    0x08006518   0x08006518   0x00000018   Code   RO          377    i.foc_drive_enable  foc_bridge.o
    0x08006530   0x08006530   0x00000068   Code   RO          378    i.foc_fault_check   foc_bridge.o
    0x08006598   0x08006598   0x000000e8   Code   RO          379    i.foc_observer_update  foc_bridge.o
    0x08006680   0x08006680   0x00000018   Code   RO          380    i.foc_set_tim1_mid  foc_bridge.o
    0x08006698   0x08006698   0x00000198   Code   RO          381    i.foc_svpwm_to_tim1  foc_bridge.o
    0x08006830   0x08006830   0x00000094   Code   RO          382    i.foc_update_currents  foc_bridge.o
    0x080068c4   0x080068c4   0x00000004   Code   RO         4733    i.fputc             bsp_usart.o
    0x080068c8   0x080068c8   0x00000118   Code   RO           15    i.main              main.o
    0x080069e0   0x080069e0   0x00000018   Data   RO         4219    .constdata          stm32g4xx_hal_uart.o
    0x080069f8   0x080069f8   0x00000010   Data   RO         4585    .constdata          stm32g4xx_hal_uart_ex.o
    0x08006a08   0x08006a08   0x00000010   Data   RO         4690    .constdata          system_stm32g4xx.o
    0x08006a18   0x08006a18   0x00000008   Data   RO         4691    .constdata          system_stm32g4xx.o
    0x08006a20   0x08006a20   0x00000020   Data   RO         5401    .constdata          m_wm.l(rredf.o)
    0x08006a40   0x08006a40   0x00000020   Data   RO         5450    Region$$Table       anon$$obj.o


    Execution Region RW_IRAM1 (Exec base: 0x20000000, Load base: 0x08006a60, Size: 0x00000768, Max: 0x00020000, ABSOLUTE)

    Exec Addr    Load Addr    Size         Type   Attr      Idx    E Section Name        Object

    0x20000000   0x08006a60   0x0000004c   Data   RW          384    .data               foc_bridge.o
    0x2000004c   0x08006aac   0x00000014   Data   RW          576    .data               fluxobserver_pll.o
    0x20000060   0x08006ac0   0x0000000c   Data   RW         1107    .data               stm32g4xx_hal.o
    0x2000006c   0x08006acc   0x00000004   Data   RW         4692    .data               system_stm32g4xx.o
    0x20000070   0x08006ad0   0x00000004   Data   RW         4872    .data               bsp_key.o
    0x20000074   0x08006ad4   0x00000004   Data   RW         5002    .data               bsp_adc.o
    0x20000078   0x08006ad8   0x00000004   Data   RW         5419    .data               mc_w.l(stdout.o)
    0x2000007c   0x08006adc   0x00000004   Data   RW         5429    .data               mc_w.l(errno.o)
    0x20000080        -       0x00000020   Zero   RW          383    .bss                foc_bridge.o
    0x200000a0        -       0x00000154   Zero   RW         4734    .bss                bsp_usart.o
    0x200001f4        -       0x0000004c   Zero   RW         4804    .bss                bsp_tim.o
    0x20000240        -       0x00000028   Zero   RW         4911    .bss                bsp_dac.o
    0x20000268        -       0x00000028   Zero   RW         4958    .bss                bsp_cordic.o
    0x20000290        -       0x000000d8   Zero   RW         5001    .bss                bsp_adc.o
    0x20000368        -       0x00000400   Zero   RW            1    STACK               startup_stm32g474xx.o


==============================================================================

Image component sizes


      Code (inc. data)   RO Data    RW Data    ZI Data      Debug   Object Name

       588         50          0          4        216       2814   bsp_adc.o
        76         18          0          0         40       1684   bsp_cordic.o
       312         28          0          0         40       2558   bsp_dac.o
        60          4          0          0          0        878   bsp_dma.o
       224         18          0          0          0       1095   bsp_gpio.o
       136         52          0          4          0       1884   bsp_key.o
       516         34          0          0         76       2760   bsp_tim.o
       380         36          0          0        340       3444   bsp_usart.o
       514         66          0         20          0       4482   fluxobserver_pll.o
      2166        248          0         76         32      17455   foc_bridge.o
       416         74          0          0          0     934173   main.o
        36          8        472          0       1024        848   startup_stm32g474xx.o
       126         20          0         12          0       3765   stm32g4xx_hal.o
      3400        200          0          0          0      85136   stm32g4xx_hal_adc.o
      2442        128          0          0          0      81221   stm32g4xx_hal_adc_ex.o
        52          0          0          0          0       1154   stm32g4xx_hal_cordic.o
       198         14          0          0          0      33919   stm32g4xx_hal_cortex.o
       500         10          0          0          0       2719   stm32g4xx_hal_dac.o
       478         30          0          0          0       3424   stm32g4xx_hal_dma.o
       628         40          0          0          0       3698   stm32g4xx_hal_gpio.o
        56          6          0          0          0        902   stm32g4xx_hal_msp.o
       204         18          0          0          0       1433   stm32g4xx_hal_pwr_ex.o
      1696         94          0          0          0       6856   stm32g4xx_hal_rcc.o
       768         10          0          0          0       1996   stm32g4xx_hal_rcc_ex.o
      3066        322          0          0          0      21368   stm32g4xx_hal_tim.o
       700         82          0          0          0       8741   stm32g4xx_hal_tim_ex.o
      1548         76         24          0          0      26442   stm32g4xx_hal_uart.o
       282          6         16          0          0       3741   stm32g4xx_hal_uart_ex.o
        92         28          0          0          0       7794   stm32g4xx_it.o
        16          4         24          4          0       1171   system_stm32g4xx.o

    ----------------------------------------------------------------------
     21710       1724        568        120       1768    1269555   Object Totals
         0          0         32          0          0          0   (incl. Generated)
        34          0          0          0          0          0   (incl. Padding)

    ----------------------------------------------------------------------

      Code (inc. data)   RO Data    RW Data    ZI Data      Debug   Library Member Name

       336         56          0          0          0        136   cosf.o
        38          0          0          0          0        116   fpclassifyf.o
        38         12          0          0          0        348   funder.o
       340         24         32          0          0        160   rredf.o
       400         56          0          0          0        212   sinf.o
        58          0          0          0          0        136   sqrtf.o
         0          0          0          0          0          0   entry.o
         0          0          0          0          0          0   entry10a.o
         0          0          0          0          0          0   entry11a.o
         4          0          0          0          0          0   entry12b.o
         8          4          0          0          0          0   entry2.o
         4          0          0          0          0          0   entry5.o
         0          0          0          0          0          0   entry7b.o
         0          0          0          0          0          0   entry8b.o
         8          4          0          0          0          0   entry9a.o
        12          6          0          4          0         68   errno.o
        30          0          0          0          0          0   handlers.o
        36          8          0          0          0         68   init.o
         0          0          0          0          0          0   iusefp.o
        30          0          0          0          0         68   llshl.o
        36          0          0          0          0         68   llsshr.o
        32          0          0          0          0         68   llushr.o
        36          0          0          0          0        108   memseta.o
      2218         90          0          0          0        464   printfa.o
         0          0          0          4          0          0   stdout.o
        44          0          0          0          0         80   uidiv.o
        98          0          0          0          0         92   uldiv.o
        48          0          0          0          0         68   cdrcmple.o
       334          0          0          0          0        148   dadd.o
       222          0          0          0          0        100   ddiv.o
       186          0          0          0          0        176   depilogue.o
        48          0          0          0          0         68   dfixul.o
       228          0          0          0          0         96   dmul.o
        38          0          0          0          0         68   f2d.o

    ----------------------------------------------------------------------
      4922        260         32          8          0       2916   Library Totals
        12          0          0          0          0          0   (incl. Padding)

    ----------------------------------------------------------------------

      Code (inc. data)   RO Data    RW Data    ZI Data      Debug   Library Name

      1210        148         32          0          0       1108   m_wm.l
      2596        112          0          8          0       1084   mc_w.l
      1104          0          0          0          0        724   mf_w.l

    ----------------------------------------------------------------------
      4922        260         32          8          0       2916   Library Totals

    ----------------------------------------------------------------------

==============================================================================


      Code (inc. data)   RO Data    RW Data    ZI Data      Debug   

     26632       1984        600        128       1768    1253843   Grand Totals
     26632       1984        600        128       1768    1253843   ELF Image Totals
     26632       1984        600        128          0          0   ROM Totals

==============================================================================

    Total RO  Size (Code + RO Data)                27232 (  26.59kB)
    Total RW  Size (RW Data + ZI Data)              1896 (   1.85kB)
    Total ROM Size (Code + RO Data + RW Data)      27360 (  26.72kB)

==============================================================================

