Component: ARM Compiler 5.06 update 7 (build 960) Tool: armlink [4d3601]

==============================================================================

Section Cross References

    startup_stm32g474xx.o(RESET) refers to startup_stm32g474xx.o(STACK) for __initial_sp
    startup_stm32g474xx.o(RESET) refers to startup_stm32g474xx.o(.text) for Reset_Handler
    startup_stm32g474xx.o(RESET) refers to stm32g4xx_it.o(i.NMI_Handler) for NMI_Handler
    startup_stm32g474xx.o(RESET) refers to stm32g4xx_it.o(i.HardFault_Handler) for HardFault_Handler
    startup_stm32g474xx.o(RESET) refers to stm32g4xx_it.o(i.MemManage_Handler) for MemManage_Handler
    startup_stm32g474xx.o(RESET) refers to stm32g4xx_it.o(i.BusFault_Handler) for BusFault_Handler
    startup_stm32g474xx.o(RESET) refers to stm32g4xx_it.o(i.UsageFault_Handler) for UsageFault_Handler
    startup_stm32g474xx.o(RESET) refers to stm32g4xx_it.o(i.SVC_Handler) for SVC_Handler
    startup_stm32g474xx.o(RESET) refers to stm32g4xx_it.o(i.DebugMon_Handler) for DebugMon_Handler
    startup_stm32g474xx.o(RESET) refers to stm32g4xx_it.o(i.PendSV_Handler) for PendSV_Handler
    startup_stm32g474xx.o(RESET) refers to stm32g4xx_it.o(i.SysTick_Handler) for SysTick_Handler
    startup_stm32g474xx.o(RESET) refers to stm32g4xx_it.o(i.DMA1_Channel1_IRQHandler) for DMA1_Channel1_IRQHandler
    startup_stm32g474xx.o(RESET) refers to stm32g4xx_it.o(i.ADC1_2_IRQHandler) for ADC1_2_IRQHandler
    startup_stm32g474xx.o(RESET) refers to stm32g4xx_it.o(i.TIM1_BRK_TIM15_IRQHandler) for TIM1_BRK_TIM15_IRQHandler
    startup_stm32g474xx.o(RESET) refers to stm32g4xx_it.o(i.TIM1_UP_TIM16_IRQHandler) for TIM1_UP_TIM16_IRQHandler
    startup_stm32g474xx.o(RESET) refers to stm32g4xx_it.o(i.EXTI15_10_IRQHandler) for EXTI15_10_IRQHandler
    startup_stm32g474xx.o(.text) refers to system_stm32g4xx.o(i.SystemInit) for SystemInit
    startup_stm32g474xx.o(.text) refers to entry.o(.ARM.Collect$$$$00000000) for __main
    main.o(i.SystemClock_Config) refers to memseta.o(.text) for __aeabi_memclr4
    main.o(i.SystemClock_Config) refers to stm32g4xx_hal_pwr_ex.o(i.HAL_PWREx_ControlVoltageScaling) for HAL_PWREx_ControlVoltageScaling
    main.o(i.SystemClock_Config) refers to stm32g4xx_hal_rcc.o(i.HAL_RCC_OscConfig) for HAL_RCC_OscConfig
    main.o(i.SystemClock_Config) refers to stm32g4xx_hal_rcc.o(i.HAL_RCC_ClockConfig) for HAL_RCC_ClockConfig
    main.o(i.SystemClock_Config) refers to stm32g4xx_hal_rcc_ex.o(i.HAL_RCCEx_PeriphCLKConfig) for HAL_RCCEx_PeriphCLKConfig
    main.o(i.main) refers to stm32g4xx_hal.o(i.HAL_Init) for HAL_Init
    main.o(i.main) refers to main.o(i.SystemClock_Config) for SystemClock_Config
    main.o(i.main) refers to bsp_gpio.o(i.MX_GPIO_Init) for MX_GPIO_Init
    main.o(i.main) refers to bsp_dma.o(i.MX_DMA_Init) for MX_DMA_Init
    main.o(i.main) refers to bsp_usart.o(i.MX_USART1_UART_Init) for MX_USART1_UART_Init
    main.o(i.main) refers to bsp_adc.o(i.MX_ADC1_Init) for MX_ADC1_Init
    main.o(i.main) refers to bsp_adc.o(i.MX_ADC2_Init) for MX_ADC2_Init
    main.o(i.main) refers to bsp_tim.o(i.MX_TIM1_Init) for MX_TIM1_Init
    main.o(i.main) refers to bsp_cordic.o(i.MX_CORDIC_Init) for MX_CORDIC_Init
    main.o(i.main) refers to bsp_key.o(i.BSP_KEY_Init) for BSP_KEY_Init
    main.o(i.main) refers to app_foc.o(i.AppFoc_Init) for AppFoc_Init
    main.o(i.main) refers to app_foc.o(i.AppFoc_Start) for AppFoc_Start
    main.o(i.main) refers to bsp_key.o(i.BSP_KEY_Task) for BSP_KEY_Task
    main.o(i.main) refers to app_foc.o(i.AppFoc_MediumFreqTask) for AppFoc_MediumFreqTask
    main.o(i.main) refers to app_debug.o(i.AppDebug_Task) for AppDebug_Task
    stm32g4xx_it.o(i.ADC1_2_IRQHandler) refers to stm32g4xx_hal_adc.o(i.HAL_ADC_IRQHandler) for HAL_ADC_IRQHandler
    stm32g4xx_it.o(i.ADC1_2_IRQHandler) refers to bsp_adc.o(.bss) for hadc2
    stm32g4xx_it.o(i.DMA1_Channel1_IRQHandler) refers to stm32g4xx_hal_dma.o(i.HAL_DMA_IRQHandler) for HAL_DMA_IRQHandler
    stm32g4xx_it.o(i.DMA1_Channel1_IRQHandler) refers to bsp_usart.o(.bss) for hdma_usart1_rx
    stm32g4xx_it.o(i.EXTI15_10_IRQHandler) refers to stm32g4xx_hal_gpio.o(i.HAL_GPIO_EXTI_IRQHandler) for HAL_GPIO_EXTI_IRQHandler
    stm32g4xx_it.o(i.HAL_ADCEx_InjectedConvCpltCallback) refers to app_foc.o(i.AppFoc_HighFreqTask) for AppFoc_HighFreqTask
    stm32g4xx_it.o(i.HAL_ADCEx_InjectedConvCpltCallback) refers to bsp_adc.o(.bss) for hadc2
    stm32g4xx_it.o(i.SysTick_Handler) refers to stm32g4xx_hal.o(i.HAL_IncTick) for HAL_IncTick
    stm32g4xx_it.o(i.TIM1_BRK_TIM15_IRQHandler) refers to stm32g4xx_hal_tim.o(i.HAL_TIM_IRQHandler) for HAL_TIM_IRQHandler
    stm32g4xx_it.o(i.TIM1_BRK_TIM15_IRQHandler) refers to bsp_tim.o(.bss) for htim1
    stm32g4xx_it.o(i.TIM1_UP_TIM16_IRQHandler) refers to stm32g4xx_hal_tim.o(i.HAL_TIM_IRQHandler) for HAL_TIM_IRQHandler
    stm32g4xx_it.o(i.TIM1_UP_TIM16_IRQHandler) refers to bsp_tim.o(.bss) for htim1
[...]
    s_pwm                                    0x200000b8   Data          44  app_foc.o(.bss)
    s_current_loop                           0x200000e4   Data         132  app_foc.o(.bss)
    s_openloop                               0x20000168   Data          12  app_foc.o(.bss)
    s_observer                               0x20000174   Data          64  app_foc.o(.bss)
    s_switchover                             0x200001b4   Data          56  app_foc.o(.bss)
    s_speed_loop                             0x200001ec   Data          60  app_foc.o(.bss)
    s_cmd                                    0x20000228   Data          20  app_foc.o(.bss)
    s_cmd_active                             0x2000023c   Data          20  app_foc.o(.bss)
    s_feedback                               0x20000250   Data          16  app_foc.o(.bss)
    s_fault_snapshot                         0x20000260   Data          80  app_foc.o(.bss)
    s_runtime_snapshot                       0x200002b0   Data         300  app_foc.o(.bss)
    .bss                                     0x200003dc   Section       32  app_foc_timing.o(.bss)
    s_hf_timing_snapshot                     0x200003dc   Data          32  app_foc_timing.o(.bss)
    .bss                                     0x200003fc   Section      340  bsp_usart.o(.bss)
    .bss                                     0x20000550   Section       76  bsp_tim.o(.bss)
    .bss                                     0x2000059c   Section       32  bsp_key.o(.bss)
    g_key0_state                             0x2000059c   Data          16  bsp_key.o(.bss)
    g_key1_state                             0x200005ac   Data          16  bsp_key.o(.bss)
    .bss                                     0x200005bc   Section       40  bsp_cordic.o(.bss)
    .bss                                     0x200005e4   Section      216  bsp_adc.o(.bss)
    STACK                                    0x200006c0   Section     1024  startup_stm32g474xx.o(STACK)

    Global Symbols

    Symbol Name                              Value     Ov Type        Size  Object(Section)

    BuildAttributes$$THM_ISAv4$E$P$D$K$B$S$7EM$VFPi3$EXTD16$VFPS$VFMA$PE$A:L22UL41UL21$X:L11$S22US41US21$IEEE1$IW$USESV6$~STKCKD$USESV7$~SHL$OTIME$ROPI$IEEEX$EBA8$MICROLIB$REQ8$PRES8$EABIv2 0x00000000   Number         0  anon$$obj.o ABSOLUTE
    __ARM_use_no_argv                        0x00000000   Number         0  main.o ABSOLUTE
    _printf_a                                0x00000000   Number         0  stubs.o ABSOLUTE
    _printf_c                                0x00000000   Number         0  stubs.o ABSOLUTE
    _printf_charcount                        0x00000000   Number         0  stubs.o ABSOLUTE
    _printf_d                                0x00000000   Number         0  stubs.o ABSOLUTE
    _printf_e                                0x00000000   Number         0  stubs.o ABSOLUTE
    _printf_f                                0x00000000   Number         0  stubs.o ABSOLUTE
    _printf_flags                            0x00000000   Number         0  stubs.o ABSOLUTE
    _printf_fp_dec                           0x00000000   Number         0  stubs.o ABSOLUTE
    _printf_fp_hex                           0x00000000   Number         0  stubs.o ABSOLUTE
    _printf_g                                0x00000000   Number         0  stubs.o ABSOLUTE
    _printf_i                                0x00000000   Number         0  stubs.o ABSOLUTE
    _printf_int_dec                          0x00000000   Number         0  stubs.o ABSOLUTE
    _printf_l                                0x00000000   Number         0  stubs.o ABSOLUTE
    _printf_lc                               0x00000000   Number         0  stubs.o ABSOLUTE
    _printf_ll                               0x00000000   Number         0  stubs.o ABSOLUTE
    _printf_lld                              0x00000000   Number         0  stubs.o ABSOLUTE
    _printf_lli                              0x00000000   Number         0  stubs.o ABSOLUTE
    _printf_llo                              0x00000000   Number         0  stubs.o ABSOLUTE
    _printf_llu                              0x00000000   Number         0  stubs.o ABSOLUTE
    _printf_llx                              0x00000000   Number         0  stubs.o ABSOLUTE
    _printf_longlong_dec                     0x00000000   Number         0  stubs.o ABSOLUTE
    _printf_longlong_hex                     0x00000000   Number         0  stubs.o ABSOLUTE
    _printf_longlong_oct                     0x00000000   Number         0  stubs.o ABSOLUTE
    _printf_ls                               0x00000000   Number         0  stubs.o ABSOLUTE
    _printf_mbtowc                           0x00000000   Number         0  stubs.o ABSOLUTE
    _printf_n                                0x00000000   Number         0  stubs.o ABSOLUTE
    _printf_o                                0x00000000   Number         0  stubs.o ABSOLUTE
    _printf_p                                0x00000000   Number         0  stubs.o ABSOLUTE
    _printf_percent                          0x00000000   Number         0  stubs.o ABSOLUTE
    _printf_pre_padding                      0x00000000   Number         0  stubs.o ABSOLUTE
    _printf_return_value                     0x00000000   Number         0  stubs.o ABSOLUTE
    _printf_s                                0x00000000   Number         0  stubs.o ABSOLUTE
    _printf_sizespec                         0x00000000   Number         0  stubs.o ABSOLUTE
    _printf_str                              0x00000000   Number         0  stubs.o ABSOLUTE
    _printf_truncate_signed                  0x00000000   Number         0  stubs.o ABSOLUTE
    _printf_truncate_unsigned                0x00000000   Number         0  stubs.o ABSOLUTE
    _printf_u                                0x00000000   Number         0  stubs.o ABSOLUTE
    _printf_wc                               0x00000000   Number         0  stubs.o ABSOLUTE
    _printf_wctomb                           0x00000000   Number         0  stubs.o ABSOLUTE
    _printf_widthprec                        0x00000000   Number         0  stubs.o ABSOLUTE
    _printf_x                                0x00000000   Number         0  stubs.o ABSOLUTE
    __arm_fini_                               - Undefined Weak Reference
    __cpp_initialize__aeabi_                  - Undefined Weak Reference
    __cxa_finalize                            - Undefined Weak Reference
    __decompress                              - Undefined Weak Reference
    _clock_init                               - Undefined Weak Reference
    _microlib_exit                            - Undefined Weak Reference
    __Vectors_Size                           0x000001d8   Number         0  startup_stm32g474xx.o ABSOLUTE
    __Vectors                                0x08000000   Data           4  startup_stm32g474xx.o(RESET)
    __Vectors_End                            0x080001d8   Data           0  startup_stm32g474xx.o(RESET)
    __main                                   0x080001d9   Thumb Code     0  entry.o(.ARM.Collect$$$$00000000)
    _main_stk                                0x080001d9   Thumb Code     0  entry2.o(.ARM.Collect$$$$00000001)
    _main_scatterload                        0x080001dd   Thumb Code     0  entry5.o(.ARM.Collect$$$$00000004)
    __main_after_scatterload                 0x080001e1   Thumb Code     0  entry5.o(.ARM.Collect$$$$00000004)
    _main_clock                              0x080001e1   Thumb Code     0  entry7b.o(.ARM.Collect$$$$00000008)
    _main_cpp_init                           0x080001e1   Thumb Code     0  entry8b.o(.ARM.Collect$$$$0000000A)
    _main_init                               0x080001e1   Thumb Code     0  entry9a.o(.ARM.Collect$$$$0000000B)
    __rt_lib_shutdown_fini                   0x080001e9   Thumb Code     0  entry12b.o(.ARM.Collect$$$$0000000E)
    __rt_final_cpp                           0x080001ed   Thumb Code     0  entry10a.o(.ARM.Collect$$$$0000000F)
    __rt_final_exit                          0x080001ed   Thumb Code     0  entry11a.o(.ARM.Collect$$$$00000011)
    Reset_Handler                            0x080001f1   Thumb Code     8  startup_stm32g474xx.o(.text)
    ADC3_IRQHandler                          0x0800020b   Thumb Code     0  startup_stm32g474xx.o(.text)
    ADC4_IRQHandler                          0x0800020b   Thumb Code     0  startup_stm32g474xx.o(.text)
    ADC5_IRQHandler                          0x0800020b   Thumb Code     0  startup_stm32g474xx.o(.text)
    COMP1_2_3_IRQHandler                     0x0800020b   Thumb Code     0  startup_stm32g474xx.o(.text)
    COMP4_5_6_IRQHandler                     0x0800020b   Thumb Code     0  startup_stm32g474xx.o(.text)
    COMP7_IRQHandler                         0x0800020b   Thumb Code     0  startup_stm32g474xx.o(.text)
    CORDIC_IRQHandler                        0x0800020b   Thumb Code     0  startup_stm32g474xx.o(.text)
    CRS_IRQHandler                           0x0800020b   Thumb Code     0  startup_stm32g474xx.o(.text)
    DMA1_Channel2_IRQHandler                 0x0800020b   Thumb Code     0  startup_stm32g474xx.o(.text)
    DMA1_Channel3_IRQHandler                 0x0800020b   Thumb Code     0  startup_stm32g474xx.o(.text)
    DMA1_Channel4_IRQHandler                 0x0800020b   Thumb Code     0  startup_stm32g474xx.o(.text)
    DMA1_Channel5_IRQHandler                 0x0800020b   Thumb Code     0  startup_stm32g474xx.o(.text)
    DMA1_Channel6_IRQHandler                 0x0800020b   Thumb Code     0  startup_stm32g474xx.o(.text)
    DMA1_Channel7_IRQHandler                 0x0800020b   Thumb Code     0  startup_stm32g474xx.o(.text)
    DMA1_Channel8_IRQHandler                 0x0800020b   Thumb Code     0  startup_stm32g474xx.o(.text)
    DMA2_Channel1_IRQHandler                 0x0800020b   Thumb Code     0  startup_stm32g474xx.o(.text)
    DMA2_Channel2_IRQHandler                 0x0800020b   Thumb Code     0  startup_stm32g474xx.o(.text)
    DMA2_Channel3_IRQHandler                 0x0800020b   Thumb Code     0  startup_stm32g474xx.o(.text)
    DMA2_Channel4_IRQHandler                 0x0800020b   Thumb Code     0  startup_stm32g474xx.o(.text)
    DMA2_Channel5_IRQHandler                 0x0800020b   Thumb Code     0  startup_stm32g474xx.o(.text)
    DMA2_Channel6_IRQHandler                 0x0800020b   Thumb Code     0  startup_stm32g474xx.o(.text)
    DMA2_Channel7_IRQHandler                 0x0800020b   Thumb Code     0  startup_stm32g474xx.o(.text)
    DMA2_Channel8_IRQHandler                 0x0800020b   Thumb Code     0  startup_stm32g474xx.o(.text)
    DMAMUX_OVR_IRQHandler                    0x0800020b   Thumb Code     0  startup_stm32g474xx.o(.text)
    EXTI0_IRQHandler                         0x0800020b   Thumb Code     0  startup_stm32g474xx.o(.text)
    EXTI1_IRQHandler                         0x0800020b   Thumb Code     0  startup_stm32g474xx.o(.text)
    EXTI2_IRQHandler                         0x0800020b   Thumb Code     0  startup_stm32g474xx.o(.text)
    EXTI3_IRQHandler                         0x0800020b   Thumb Code     0  startup_stm32g474xx.o(.text)
    EXTI4_IRQHandler                         0x0800020b   Thumb Code     0  startup_stm32g474xx.o(.text)
    EXTI9_5_IRQHandler                       0x0800020b   Thumb Code     0  startup_stm32g474xx.o(.text)
    FDCAN1_IT0_IRQHandler                    0x0800020b   Thumb Code     0  startup_stm32g474xx.o(.text)
    FDCAN1_IT1_IRQHandler                    0x0800020b   Thumb Code     0  startup_stm32g474xx.o(.text)
    FDCAN2_IT0_IRQHandler                    0x0800020b   Thumb Code     0  startup_stm32g474xx.o(.text)
    FDCAN2_IT1_IRQHandler                    0x0800020b   Thumb Code     0  startup_stm32g474xx.o(.text)
    FDCAN3_IT0_IRQHandler                    0x0800020b   Thumb Code     0  startup_stm32g474xx.o(.text)
    FDCAN3_IT1_IRQHandler                    0x0800020b   Thumb Code     0  startup_stm32g474xx.o(.text)
    FLASH_IRQHandler                         0x0800020b   Thumb Code     0  startup_stm32g474xx.o(.text)
    FMAC_IRQHandler                          0x0800020b   Thumb Code     0  startup_stm32g474xx.o(.text)
    FMC_IRQHandler                           0x0800020b   Thumb Code     0  startup_stm32g474xx.o(.text)
    FPU_IRQHandler                           0x0800020b   Thumb Code     0  startup_stm32g474xx.o(.text)
    HRTIM1_FLT_IRQHandler                    0x0800020b   Thumb Code     0  startup_stm32g474xx.o(.text)
    HRTIM1_Master_IRQHandler                 0x0800020b   Thumb Code     0  startup_stm32g474xx.o(.text)
    HRTIM1_TIMA_IRQHandler                   0x0800020b   Thumb Code     0  startup_stm32g474xx.o(.text)
    HRTIM1_TIMB_IRQHandler                   0x0800020b   Thumb Code     0  startup_stm32g474xx.o(.text)
    HRTIM1_TIMC_IRQHandler                   0x0800020b   Thumb Code     0  startup_stm32g474xx.o(.text)
    HRTIM1_TIMD_IRQHandler                   0x0800020b   Thumb Code     0  startup_stm32g474xx.o(.text)
    HRTIM1_TIME_IRQHandler                   0x0800020b   Thumb Code     0  startup_stm32g474xx.o(.text)
    HRTIM1_TIMF_IRQHandler                   0x0800020b   Thumb Code     0  startup_stm32g474xx.o(.text)
    I2C1_ER_IRQHandler                       0x0800020b   Thumb Code     0  startup_stm32g474xx.o(.text)
    I2C1_EV_IRQHandler                       0x0800020b   Thumb Code     0  startup_stm32g474xx.o(.text)
    I2C2_ER_IRQHandler                       0x0800020b   Thumb Code     0  startup_stm32g474xx.o(.text)
    I2C2_EV_IRQHandler                       0x0800020b   Thumb Code     0  startup_stm32g474xx.o(.text)
    I2C3_ER_IRQHandler                       0x0800020b   Thumb Code     0  startup_stm32g474xx.o(.text)
    I2C3_EV_IRQHandler                       0x0800020b   Thumb Code     0  startup_stm32g474xx.o(.text)
    I2C4_ER_IRQHandler                       0x0800020b   Thumb Code     0  startup_stm32g474xx.o(.text)
    I2C4_EV_IRQHandler                       0x0800020b   Thumb Code     0  startup_stm32g474xx.o(.text)
    LPTIM1_IRQHandler                        0x0800020b   Thumb Code     0  startup_stm32g474xx.o(.text)
    LPUART1_IRQHandler                       0x0800020b   Thumb Code     0  startup_stm32g474xx.o(.text)
    PVD_PVM_IRQHandler                       0x0800020b   Thumb Code     0  startup_stm32g474xx.o(.text)
    QUADSPI_IRQHandler                       0x0800020b   Thumb Code     0  startup_stm32g474xx.o(.text)
    RCC_IRQHandler                           0x0800020b   Thumb Code     0  startup_stm32g474xx.o(.text)
    RNG_IRQHandler                           0x0800020b   Thumb Code     0  startup_stm32g474xx.o(.text)
    RTC_Alarm_IRQHandler                     0x0800020b   Thumb Code     0  startup_stm32g474xx.o(.text)
    RTC_TAMP_LSECSS_IRQHandler               0x0800020b   Thumb Code     0  startup_stm32g474xx.o(.text)
    RTC_WKUP_IRQHandler                      0x0800020b   Thumb Code     0  startup_stm32g474xx.o(.text)
    SAI1_IRQHandler                          0x0800020b   Thumb Code     0  startup_stm32g474xx.o(.text)
    SPI1_IRQHandler                          0x0800020b   Thumb Code     0  startup_stm32g474xx.o(.text)
    SPI2_IRQHandler                          0x0800020b   Thumb Code     0  startup_stm32g474xx.o(.text)
    SPI3_IRQHandler                          0x0800020b   Thumb Code     0  startup_stm32g474xx.o(.text)
    SPI4_IRQHandler                          0x0800020b   Thumb Code     0  startup_stm32g474xx.o(.text)
    TIM1_CC_IRQHandler                       0x0800020b   Thumb Code     0  startup_stm32g474xx.o(.text)
    TIM1_TRG_COM_TIM17_IRQHandler            0x0800020b   Thumb Code     0  startup_stm32g474xx.o(.text)
    TIM20_BRK_IRQHandler                     0x0800020b   Thumb Code     0  startup_stm32g474xx.o(.text)
    TIM20_CC_IRQHandler                      0x0800020b   Thumb Code     0  startup_stm32g474xx.o(.text)
    TIM20_TRG_COM_IRQHandler                 0x0800020b   Thumb Code     0  startup_stm32g474xx.o(.text)
    TIM20_UP_IRQHandler                      0x0800020b   Thumb Code     0  startup_stm32g474xx.o(.text)
    TIM2_IRQHandler                          0x0800020b   Thumb Code     0  startup_stm32g474xx.o(.text)
    TIM3_IRQHandler                          0x0800020b   Thumb Code     0  startup_stm32g474xx.o(.text)
    TIM4_IRQHandler                          0x0800020b   Thumb Code     0  startup_stm32g474xx.o(.text)
    TIM5_IRQHandler                          0x0800020b   Thumb Code     0  startup_stm32g474xx.o(.text)
    TIM6_DAC_IRQHandler                      0x0800020b   Thumb Code     0  startup_stm32g474xx.o(.text)
    TIM7_DAC_IRQHandler                      0x0800020b   Thumb Code     0  startup_stm32g474xx.o(.text)
    TIM8_BRK_IRQHandler                      0x0800020b   Thumb Code     0  startup_stm32g474xx.o(.text)
    TIM8_CC_IRQHandler                       0x0800020b   Thumb Code     0  startup_stm32g474xx.o(.text)
    TIM8_TRG_COM_IRQHandler                  0x0800020b   Thumb Code     0  startup_stm32g474xx.o(.text)
    TIM8_UP_IRQHandler                       0x0800020b   Thumb Code     0  startup_stm32g474xx.o(.text)
    UART4_IRQHandler                         0x0800020b   Thumb Code     0  startup_stm32g474xx.o(.text)
    UART5_IRQHandler                         0x0800020b   Thumb Code     0  startup_stm32g474xx.o(.text)
    UCPD1_IRQHandler                         0x0800020b   Thumb Code     0  startup_stm32g474xx.o(.text)
    USART1_IRQHandler                        0x0800020b   Thumb Code     0  startup_stm32g474xx.o(.text)
    USART2_IRQHandler                        0x0800020b   Thumb Code     0  startup_stm32g474xx.o(.text)
    USART3_IRQHandler                        0x0800020b   Thumb Code     0  startup_stm32g474xx.o(.text)
    USBWakeUp_IRQHandler                     0x0800020b   Thumb Code     0  startup_stm32g474xx.o(.text)
    USB_HP_IRQHandler                        0x0800020b   Thumb Code     0  startup_stm32g474xx.o(.text)
    USB_LP_IRQHandler                        0x0800020b   Thumb Code     0  startup_stm32g474xx.o(.text)
    WWDG_IRQHandler                          0x0800020b   Thumb Code     0  startup_stm32g474xx.o(.text)
    __aeabi_uldivmod                         0x08000215   Thumb Code    98  uldiv.o(.text)
    __aeabi_memcpy                           0x08000277   Thumb Code    36  memcpya.o(.text)
    __aeabi_memcpy4                          0x08000277   Thumb Code     0  memcpya.o(.text)
    __aeabi_memcpy8                          0x08000277   Thumb Code     0  memcpya.o(.text)
    __aeabi_memset                           0x0800029b   Thumb Code    14  memseta.o(.text)
    __aeabi_memset4                          0x0800029b   Thumb Code     0  memseta.o(.text)
    __aeabi_memset8                          0x0800029b   Thumb Code     0  memseta.o(.text)
    __aeabi_memclr                           0x080002a9   Thumb Code     4  memseta.o(.text)
    __aeabi_memclr4                          0x080002a9   Thumb Code     0  memseta.o(.text)
    __aeabi_memclr8                          0x080002a9   Thumb Code     0  memseta.o(.text)
    _memset$wrapper                          0x080002ad   Thumb Code    18  memseta.o(.text)
    __aeabi_f2d                              0x080002bf   Thumb Code    38  f2d.o(.text)
    __aeabi_uidiv                            0x080002e5   Thumb Code     0  uidiv.o(.text)
    __aeabi_uidivmod                         0x080002e5   Thumb Code    44  uidiv.o(.text)
    __aeabi_llsl                             0x08000311   Thumb Code    30  llshl.o(.text)
    _ll_shift_l                              0x08000311   Thumb Code     0  llshl.o(.text)
    __aeabi_llsr                             0x0800032f   Thumb Code    32  llushr.o(.text)
    _ll_ushift_r                             0x0800032f   Thumb Code     0  llushr.o(.text)
    __I$use$fp                               0x0800034f   Thumb Code     0  iusefp.o(.text)
    __aeabi_dadd                             0x0800034f   Thumb Code   322  dadd.o(.text)
    __aeabi_dsub                             0x08000491   Thumb Code     6  dadd.o(.text)
    __aeabi_drsub                            0x08000497   Thumb Code     6  dadd.o(.text)
    __aeabi_dmul                             0x0800049d   Thumb Code   228  dmul.o(.text)
    __aeabi_ddiv                             0x08000581   Thumb Code   222  ddiv.o(.text)
    __aeabi_d2ulz                            0x0800065f   Thumb Code    48  dfixul.o(.text)
    __aeabi_cdrcmple                         0x08000691   Thumb Code    48  cdrcmple.o(.text)
    __scatterload                            0x080006c1   Thumb Code    28  init.o(.text)
    __scatterload_rt2                        0x080006c1   Thumb Code     0  init.o(.text)
    __aeabi_lasr                             0x080006e5   Thumb Code    36  llsshr.o(.text)
    _ll_sshift_r                             0x080006e5   Thumb Code     0  llsshr.o(.text)
    _double_round                            0x08000709   Thumb Code    30  depilogue.o(.text)
    _double_epilogue                         0x08000727   Thumb Code   156  depilogue.o(.text)
    ADC1_2_IRQHandler                        0x080007c5   Thumb Code     6  stm32g4xx_it.o(i.ADC1_2_IRQHandler)
    ADC_ConversionStop                       0x080007d1   Thumb Code   220  stm32g4xx_hal_adc.o(i.ADC_ConversionStop)
    ADC_Disable                              0x080008b5   Thumb Code   106  stm32g4xx_hal_adc.o(i.ADC_Disable)
    ADC_Enable                               0x08000925   Thumb Code   172  stm32g4xx_hal_adc.o(i.ADC_Enable)
    AppDebug_Task                            0x080009e9   Thumb Code   242  app_debug.o(i.AppDebug_Task)
    AppFocTiming_GetCycle                    0x08000aed   Thumb Code     6  app_foc_timing.o(i.AppFocTiming_GetCycle)
    AppFocTiming_Init                        0x08000af9   Thumb Code    28  app_foc_timing.o(i.AppFocTiming_Init)
    AppFocTiming_Reset                       0x08000b1d   Thumb Code    58  app_foc_timing.o(i.AppFocTiming_Reset)
    AppFocTiming_Update                      0x08000b69   Thumb Code   106  app_foc_timing.o(i.AppFocTiming_Update)
    AppFoc_GetRuntimeSnapshot                0x08000bdd   Thumb Code   710  app_foc.o(i.AppFoc_GetRuntimeSnapshot)
    AppFoc_GetState                          0x08000ead   Thumb Code     6  app_foc.o(i.AppFoc_GetState)
    AppFoc_HighFreqTask                      0x08000eb9   Thumb Code   126  app_foc.o(i.AppFoc_HighFreqTask)
    AppFoc_Init                              0x08000f45   Thumb Code   130  app_foc.o(i.AppFoc_Init)
    AppFoc_MediumFreqTask                    0x08000fd9   Thumb Code    50  app_foc.o(i.AppFoc_MediumFreqTask)
    AppFoc_SetSpeedTargetMechHz              0x08001015   Thumb Code    44  app_foc.o(i.AppFoc_SetSpeedTargetMechHz)
    AppFoc_Start                             0x08001055   Thumb Code   240  app_foc.o(i.AppFoc_Start)
    AppFoc_Stop                              0x08001161   Thumb Code   110  app_foc.o(i.AppFoc_Stop)
    BSP_KEY_EXTI_Callback                    0x080011e5   Thumb Code    66  bsp_key.o(i.BSP_KEY_EXTI_Callback)
    BSP_KEY_Init                             0x080012b5   Thumb Code    32  bsp_key.o(i.BSP_KEY_Init)
    BSP_KEY_SetSpeedTargetHz                 0x08001309   Thumb Code    22  bsp_key.o(i.BSP_KEY_SetSpeedTargetHz)
    BSP_KEY_Task                             0x0800132d   Thumb Code    80  bsp_key.o(i.BSP_KEY_Task)
    BusFault_Handler                         0x0800138d   Thumb Code     2  stm32g4xx_it.o(i.BusFault_Handler)
    ClarkePark_Clarke                        0x08001391   Thumb Code    30  clarke_park.o(i.ClarkePark_Clarke)
    ClarkePark_InvPark                       0x080013b5   Thumb Code    78  clarke_park.o(i.ClarkePark_InvPark)
    ClarkePark_Park                          0x08001403   Thumb Code    78  clarke_park.o(i.ClarkePark_Park)
    DMA1_Channel1_IRQHandler                 0x08001451   Thumb Code     6  stm32g4xx_it.o(i.DMA1_Channel1_IRQHandler)
    DebugMon_Handler                         0x080014c1   Thumb Code     2  stm32g4xx_it.o(i.DebugMon_Handler)
    EXTI15_10_IRQHandler                     0x080014c3   Thumb Code     8  stm32g4xx_it.o(i.EXTI15_10_IRQHandler)
    Error_Handler                            0x080014cb   Thumb Code     4  main.o(i.Error_Handler)
    FOC_CurrentLoopInit                      0x080014d1   Thumb Code    62  foc_current_loop.o(i.FOC_CurrentLoopInit)
    FOC_CurrentLoopMeasureDQ                 0x08001521   Thumb Code   110  foc_current_loop.o(i.FOC_CurrentLoopMeasureDQ)
    FOC_CurrentLoopReset                     0x08001591   Thumb Code    86  foc_current_loop.o(i.FOC_CurrentLoopReset)
    FOC_CurrentLoopRunDSoft                  0x080015ed   Thumb Code   348  foc_current_loop.o(i.FOC_CurrentLoopRunDSoft)
    FOC_CurrentLoopRunDSoftFeedForward       0x08001751   Thumb Code   404  foc_current_loop.o(i.FOC_CurrentLoopRunDSoftFeedForward)
    FOC_CurrentLoopRunWithRef                0x080018ed   Thumb Code   246  foc_current_loop.o(i.FOC_CurrentLoopRunWithRef)
    FOC_Math_SinCos                          0x08001a4d   Thumb Code    50  foc_math.o(i.FOC_Math_SinCos)
    FOC_ObserverGetFluxThetaRad              0x08001a81   Thumb Code    20  foc_observer.o(i.FOC_ObserverGetFluxThetaRad)
    FOC_ObserverGetInputs                    0x08001a99   Thumb Code    52  foc_observer.o(i.FOC_ObserverGetInputs)
    FOC_ObserverGetSpeedRadPerSec            0x08001acd   Thumb Code    14  foc_observer.o(i.FOC_ObserverGetSpeedRadPerSec)
    FOC_ObserverGetThetaRad                  0x08001ae1   Thumb Code    14  foc_observer.o(i.FOC_ObserverGetThetaRad)
    FOC_ObserverInit                         0x08001af5   Thumb Code    24  foc_observer.o(i.FOC_ObserverInit)
    FOC_ObserverReset                        0x08001b11   Thumb Code     4  foc_observer.o(i.FOC_ObserverReset)
    FOC_ObserverUpdate                       0x08001b15   Thumb Code   120  foc_observer.o(i.FOC_ObserverUpdate)
    FOC_OpenLoopAdvance                      0x08001b9d   Thumb Code   124  foc_openloop.o(i.FOC_OpenLoopAdvance)
    FOC_OpenLoopGetElecSpeedRadPerSec        0x08001c2d   Thumb Code    30  foc_openloop.o(i.FOC_OpenLoopGetElecSpeedRadPerSec)
    FOC_OpenLoopGetFreqHz                    0x08001c55   Thumb Code    14  foc_openloop.o(i.FOC_OpenLoopGetFreqHz)
    FOC_OpenLoopGetThetaErad                 0x08001c69   Thumb Code    14  foc_openloop.o(i.FOC_OpenLoopGetThetaErad)
    FOC_OpenLoopInit                         0x08001c7d   Thumb Code    26  foc_openloop.o(i.FOC_OpenLoopInit)
    FOC_OpenLoopResetAlign                   0x08001ca1   Thumb Code    10  foc_openloop.o(i.FOC_OpenLoopResetAlign)
    FOC_OpenLoopResetRun                     0x08001cad   Thumb Code    22  foc_openloop.o(i.FOC_OpenLoopResetRun)
    FOC_ProtectionCheckFault                 0x08001ccd   Thumb Code    96  foc_protection.o(i.FOC_ProtectionCheckFault)
    FOC_PwmModule_ApplySvpwm                 0x08001d39   Thumb Code   496  foc_pwm.o(i.FOC_PwmModule_ApplySvpwm)
    FOC_PwmModule_Init                       0x08001f3d   Thumb Code    82  foc_pwm.o(i.FOC_PwmModule_Init)
    FOC_PwmModule_SetTim1Mid                 0x08001f99   Thumb Code    96  foc_pwm.o(i.FOC_PwmModule_SetTim1Mid)
    FOC_SamplingModule_Init                  0x08002005   Thumb Code   114  foc_sampling.o(i.FOC_SamplingModule_Init)
    FOC_SamplingModule_ResetRuntime          0x0800207d   Thumb Code    50  foc_sampling.o(i.FOC_SamplingModule_ResetRuntime)
    FOC_SamplingModule_RunOffsetCalib        0x080020b5   Thumb Code   186  foc_sampling.o(i.FOC_SamplingModule_RunOffsetCalib)
    FOC_SamplingModule_SetAdc1Ready          0x08002175   Thumb Code    10  foc_sampling.o(i.FOC_SamplingModule_SetAdc1Ready)
    FOC_SamplingModule_SetFallbackRequest    0x0800217f   Thumb Code    10  foc_sampling.o(i.FOC_SamplingModule_SetFallbackRequest)
    FOC_SamplingModule_SetSampleSector       0x08002189   Thumb Code    10  foc_sampling.o(i.FOC_SamplingModule_SetSampleSector)
    FOC_SamplingModule_Update                0x08002195   Thumb Code    54  foc_sampling.o(i.FOC_SamplingModule_Update)
    FOC_SpeedLoopGetSnapshot                 0x080021d1   Thumb Code    50  foc_speed_loop.o(i.FOC_SpeedLoopGetSnapshot)
    FOC_SpeedLoopInit                        0x08002205   Thumb Code    68  foc_speed_loop.o(i.FOC_SpeedLoopInit)
    FOC_SpeedLoopIsEnabled                   0x08002251   Thumb Code    10  foc_speed_loop.o(i.FOC_SpeedLoopIsEnabled)
    FOC_SpeedLoopPrepareRunEntry             0x0800225b   Thumb Code    52  foc_speed_loop.o(i.FOC_SpeedLoopPrepareRunEntry)
    FOC_SpeedLoopReset                       0x0800228f   Thumb Code    62  foc_speed_loop.o(i.FOC_SpeedLoopReset)
    FOC_SpeedLoopSetTargetMechRadS           0x080022cd   Thumb Code    10  foc_speed_loop.o(i.FOC_SpeedLoopSetTargetMechRadS)
    FOC_SpeedLoopStep                        0x080022d9   Thumb Code   336  foc_speed_loop.o(i.FOC_SpeedLoopStep)
    FOC_SwitchoverInit                       0x08002445   Thumb Code     4  foc_switchover.o(i.FOC_SwitchoverInit)
    FOC_SwitchoverReset                      0x08002449   Thumb Code    64  foc_switchover.o(i.FOC_SwitchoverReset)
    FOC_SwitchoverSelectTheta                0x0800248d   Thumb Code   110  foc_switchover.o(i.FOC_SwitchoverSelectTheta)
    FOC_SwitchoverUpdate                     0x080024fd   Thumb Code   224  foc_switchover.o(i.FOC_SwitchoverUpdate)
    FluxObserver_PLL_reset                   0x080025e9   Thumb Code   102  fluxobserver_pll.o(i.FluxObserver_PLL_reset)
    FluxObserver_PLL_update                  0x0800265d   Thumb Code    22  fluxobserver_pll.o(i.FluxObserver_PLL_update)
    HAL_ADCEx_Calibration_Start              0x08002745   Thumb Code   138  stm32g4xx_hal_adc_ex.o(i.HAL_ADCEx_Calibration_Start)
    HAL_ADCEx_EndOfSamplingCallback          0x080027d9   Thumb Code     2  stm32g4xx_hal_adc_ex.o(i.HAL_ADCEx_EndOfSamplingCallback)
    HAL_ADCEx_InjectedConfigChannel          0x080027dd   Thumb Code  1324  stm32g4xx_hal_adc_ex.o(i.HAL_ADCEx_InjectedConfigChannel)
    HAL_ADCEx_InjectedConvCpltCallback       0x08002d3d   Thumb Code    12  stm32g4xx_it.o(i.HAL_ADCEx_InjectedConvCpltCallback)
    HAL_ADCEx_InjectedGetValue               0x08002d4d   Thumb Code    46  stm32g4xx_hal_adc_ex.o(i.HAL_ADCEx_InjectedGetValue)
    HAL_ADCEx_InjectedQueueOverflowCallback  0x08002d7b   Thumb Code     2  stm32g4xx_hal_adc_ex.o(i.HAL_ADCEx_InjectedQueueOverflowCallback)
    HAL_ADCEx_InjectedStart                  0x08002d7d   Thumb Code   262  stm32g4xx_hal_adc_ex.o(i.HAL_ADCEx_InjectedStart)
    HAL_ADCEx_InjectedStart_IT               0x08002e9d   Thumb Code   320  stm32g4xx_hal_adc_ex.o(i.HAL_ADCEx_InjectedStart_IT)
    HAL_ADCEx_InjectedStop                   0x08002ff5   Thumb Code    84  stm32g4xx_hal_adc_ex.o(i.HAL_ADCEx_InjectedStop)
    HAL_ADCEx_InjectedStop_IT                0x08003049   Thumb Code    94  stm32g4xx_hal_adc_ex.o(i.HAL_ADCEx_InjectedStop_IT)
    HAL_ADCEx_LevelOutOfWindow2Callback      0x080030a7   Thumb Code     2  stm32g4xx_hal_adc_ex.o(i.HAL_ADCEx_LevelOutOfWindow2Callback)
    HAL_ADCEx_LevelOutOfWindow3Callback      0x080030a9   Thumb Code     2  stm32g4xx_hal_adc_ex.o(i.HAL_ADCEx_LevelOutOfWindow3Callback)
    HAL_ADCEx_MultiModeConfigChannel         0x080030ad   Thumb Code   326  stm32g4xx_hal_adc_ex.o(i.HAL_ADCEx_MultiModeConfigChannel)
    HAL_ADC_ConfigChannel                    0x0800320d   Thumb Code  1066  stm32g4xx_hal_adc.o(i.HAL_ADC_ConfigChannel)
    HAL_ADC_ConvCpltCallback                 0x08003679   Thumb Code     2  stm32g4xx_hal_adc.o(i.HAL_ADC_ConvCpltCallback)
    HAL_ADC_ErrorCallback                    0x0800367b   Thumb Code     2  stm32g4xx_hal_adc.o(i.HAL_ADC_ErrorCallback)
    HAL_ADC_GetValue                         0x0800367d   Thumb Code     6  stm32g4xx_hal_adc.o(i.HAL_ADC_GetValue)
    HAL_ADC_IRQHandler                       0x08003685   Thumb Code   674  stm32g4xx_hal_adc.o(i.HAL_ADC_IRQHandler)
    HAL_ADC_Init                             0x0800393d   Thumb Code   510  stm32g4xx_hal_adc.o(i.HAL_ADC_Init)
    HAL_ADC_LevelOutOfWindowCallback         0x08003b6d   Thumb Code     2  stm32g4xx_hal_adc.o(i.HAL_ADC_LevelOutOfWindowCallback)
    HAL_ADC_MspInit                          0x08003b71   Thumb Code   182  bsp_adc.o(i.HAL_ADC_MspInit)
    HAL_ADC_Start                            0x08003c39   Thumb Code   288  stm32g4xx_hal_adc.o(i.HAL_ADC_Start)
    HAL_ADC_Stop                             0x08003d71   Thumb Code    62  stm32g4xx_hal_adc.o(i.HAL_ADC_Stop)
    HAL_CORDIC_Init                          0x08003daf   Thumb Code    52  stm32g4xx_hal_cordic.o(i.HAL_CORDIC_Init)
    HAL_CORDIC_MspInit                       0x08003de5   Thumb Code    30  bsp_cordic.o(i.HAL_CORDIC_MspInit)
    HAL_DMA_IRQHandler                       0x08003e0d   Thumb Code   186  stm32g4xx_hal_dma.o(i.HAL_DMA_IRQHandler)
    HAL_DMA_Init                             0x08003ec9   Thumb Code   178  stm32g4xx_hal_dma.o(i.HAL_DMA_Init)
    HAL_GPIO_EXTI_Callback                   0x08003f89   Thumb Code     4  bsp_key.o(i.HAL_GPIO_EXTI_Callback)
    HAL_GPIO_EXTI_IRQHandler                 0x08003f8d   Thumb Code    18  stm32g4xx_hal_gpio.o(i.HAL_GPIO_EXTI_IRQHandler)
    HAL_GPIO_Init                            0x08003fa5   Thumb Code   550  stm32g4xx_hal_gpio.o(i.HAL_GPIO_Init)
    HAL_GPIO_ReadPin                         0x080041ed   Thumb Code    10  stm32g4xx_hal_gpio.o(i.HAL_GPIO_ReadPin)
    HAL_GPIO_WritePin                        0x080041f7   Thumb Code    10  stm32g4xx_hal_gpio.o(i.HAL_GPIO_WritePin)
    HAL_GetTick                              0x08004201   Thumb Code     6  stm32g4xx_hal.o(i.HAL_GetTick)
    HAL_IncTick                              0x0800420d   Thumb Code    12  stm32g4xx_hal.o(i.HAL_IncTick)
    HAL_Init                                 0x0800421d   Thumb Code    30  stm32g4xx_hal.o(i.HAL_Init)
    HAL_InitTick                             0x0800423d   Thumb Code    58  stm32g4xx_hal.o(i.HAL_InitTick)
    HAL_MspInit                              0x08004281   Thumb Code    50  stm32g4xx_hal_msp.o(i.HAL_MspInit)
    HAL_NVIC_EnableIRQ                       0x080042b9   Thumb Code    26  stm32g4xx_hal_cortex.o(i.HAL_NVIC_EnableIRQ)
    HAL_NVIC_SetPriority                     0x080042d5   Thumb Code    60  stm32g4xx_hal_cortex.o(i.HAL_NVIC_SetPriority)
    HAL_NVIC_SetPriorityGrouping             0x08004315   Thumb Code    26  stm32g4xx_hal_cortex.o(i.HAL_NVIC_SetPriorityGrouping)
    HAL_PWREx_ControlVoltageScaling          0x08004339   Thumb Code   174  stm32g4xx_hal_pwr_ex.o(i.HAL_PWREx_ControlVoltageScaling)
    HAL_PWREx_DisableUCPDDeadBattery         0x080043f5   Thumb Code    12  stm32g4xx_hal_pwr_ex.o(i.HAL_PWREx_DisableUCPDDeadBattery)
    HAL_RCCEx_PeriphCLKConfig                0x08004405   Thumb Code   758  stm32g4xx_hal_rcc_ex.o(i.HAL_RCCEx_PeriphCLKConfig)
    HAL_RCC_ClockConfig                      0x08004705   Thumb Code   444  stm32g4xx_hal_rcc.o(i.HAL_RCC_ClockConfig)
    HAL_RCC_GetPCLK1Freq                     0x080048e1   Thumb Code    24  stm32g4xx_hal_rcc.o(i.HAL_RCC_GetPCLK1Freq)
    HAL_RCC_GetPCLK2Freq                     0x08004905   Thumb Code    24  stm32g4xx_hal_rcc.o(i.HAL_RCC_GetPCLK2Freq)
    HAL_RCC_GetSysClockFreq                  0x08004929   Thumb Code    98  stm32g4xx_hal_rcc.o(i.HAL_RCC_GetSysClockFreq)
    HAL_RCC_OscConfig                        0x08004995   Thumb Code  1028  stm32g4xx_hal_rcc.o(i.HAL_RCC_OscConfig)
    HAL_SYSTICK_Config                       0x08004d99   Thumb Code    40  stm32g4xx_hal_cortex.o(i.HAL_SYSTICK_Config)
    HAL_TIMEx_Break2Callback                 0x08004dc1   Thumb Code     2  stm32g4xx_hal_tim_ex.o(i.HAL_TIMEx_Break2Callback)
    HAL_TIMEx_BreakCallback                  0x08004dc3   Thumb Code     2  stm32g4xx_hal_tim_ex.o(i.HAL_TIMEx_BreakCallback)
    HAL_TIMEx_CommutCallback                 0x08004dc5   Thumb Code     2  stm32g4xx_hal_tim_ex.o(i.HAL_TIMEx_CommutCallback)
    HAL_TIMEx_ConfigBreakDeadTime            0x08004dc9   Thumb Code   154  stm32g4xx_hal_tim_ex.o(i.HAL_TIMEx_ConfigBreakDeadTime)
    HAL_TIMEx_DirectionChangeCallback        0x08004e71   Thumb Code     2  stm32g4xx_hal_tim_ex.o(i.HAL_TIMEx_DirectionChangeCallback)
    HAL_TIMEx_EncoderIndexCallback           0x08004e73   Thumb Code     2  stm32g4xx_hal_tim_ex.o(i.HAL_TIMEx_EncoderIndexCallback)
    HAL_TIMEx_IndexErrorCallback             0x08004e75   Thumb Code     2  stm32g4xx_hal_tim_ex.o(i.HAL_TIMEx_IndexErrorCallback)
    HAL_TIMEx_MasterConfigSynchronization    0x08004e79   Thumb Code   150  stm32g4xx_hal_tim_ex.o(i.HAL_TIMEx_MasterConfigSynchronization)
    HAL_TIMEx_PWMN_Start                     0x08004f31   Thumb Code   170  stm32g4xx_hal_tim_ex.o(i.HAL_TIMEx_PWMN_Start)
    HAL_TIMEx_PWMN_Stop                      0x08004ffd   Thumb Code   104  stm32g4xx_hal_tim_ex.o(i.HAL_TIMEx_PWMN_Stop)
    HAL_TIMEx_TransitionErrorCallback        0x08005065   Thumb Code     2  stm32g4xx_hal_tim_ex.o(i.HAL_TIMEx_TransitionErrorCallback)
    HAL_TIM_Base_Init                        0x08005067   Thumb Code    98  stm32g4xx_hal_tim.o(i.HAL_TIM_Base_Init)
    HAL_TIM_Base_MspInit                     0x080050c9   Thumb Code    66  bsp_tim.o(i.HAL_TIM_Base_MspInit)
    HAL_TIM_Base_Start                       0x08005115   Thumb Code    96  stm32g4xx_hal_tim.o(i.HAL_TIM_Base_Start)
    HAL_TIM_Base_Stop                        0x08005195   Thumb Code    38  stm32g4xx_hal_tim.o(i.HAL_TIM_Base_Stop)
    HAL_TIM_ConfigClockSource                0x080051bd   Thumb Code   234  stm32g4xx_hal_tim.o(i.HAL_TIM_ConfigClockSource)
    HAL_TIM_IC_CaptureCallback               0x080052ad   Thumb Code     2  stm32g4xx_hal_tim.o(i.HAL_TIM_IC_CaptureCallback)
    HAL_TIM_IRQHandler                       0x080052af   Thumb Code   418  stm32g4xx_hal_tim.o(i.HAL_TIM_IRQHandler)
    HAL_TIM_MspPostInit                      0x08005451   Thumb Code   134  bsp_tim.o(i.HAL_TIM_MspPostInit)
    HAL_TIM_OC_DelayElapsedCallback          0x080054e5   Thumb Code     2  stm32g4xx_hal_tim.o(i.HAL_TIM_OC_DelayElapsedCallback)
    HAL_TIM_PWM_ConfigChannel                0x080054e7   Thumb Code   292  stm32g4xx_hal_tim.o(i.HAL_TIM_PWM_ConfigChannel)
    HAL_TIM_PWM_Init                         0x0800560b   Thumb Code    98  stm32g4xx_hal_tim.o(i.HAL_TIM_PWM_Init)
    HAL_TIM_PWM_MspInit                      0x0800566d   Thumb Code     2  stm32g4xx_hal_tim.o(i.HAL_TIM_PWM_MspInit)
    HAL_TIM_PWM_PulseFinishedCallback        0x0800566f   Thumb Code     2  stm32g4xx_hal_tim.o(i.HAL_TIM_PWM_PulseFinishedCallback)
    HAL_TIM_PWM_Start                        0x08005671   Thumb Code   234  stm32g4xx_hal_tim.o(i.HAL_TIM_PWM_Start)
    HAL_TIM_PWM_Stop                         0x08005785   Thumb Code   158  stm32g4xx_hal_tim.o(i.HAL_TIM_PWM_Stop)
    HAL_TIM_PeriodElapsedCallback            0x0800583d   Thumb Code     2  stm32g4xx_hal_tim.o(i.HAL_TIM_PeriodElapsedCallback)
    HAL_TIM_TriggerCallback                  0x0800583f   Thumb Code     2  stm32g4xx_hal_tim.o(i.HAL_TIM_TriggerCallback)
    HAL_UARTEx_DisableFifoMode               0x08005841   Thumb Code    62  stm32g4xx_hal_uart_ex.o(i.HAL_UARTEx_DisableFifoMode)
    HAL_UARTEx_SetRxFifoThreshold            0x0800587f   Thumb Code    76  stm32g4xx_hal_uart_ex.o(i.HAL_UARTEx_SetRxFifoThreshold)
    HAL_UARTEx_SetTxFifoThreshold            0x080058cb   Thumb Code    76  stm32g4xx_hal_uart_ex.o(i.HAL_UARTEx_SetTxFifoThreshold)
    HAL_UART_Init                            0x08005917   Thumb Code   106  stm32g4xx_hal_uart.o(i.HAL_UART_Init)
    HAL_UART_MspInit                         0x08005981   Thumb Code   220  bsp_usart.o(i.HAL_UART_MspInit)
    HAL_UART_Transmit                        0x08005a71   Thumb Code   174  stm32g4xx_hal_uart.o(i.HAL_UART_Transmit)
    HardFault_Handler                        0x08005b1f   Thumb Code     2  stm32g4xx_it.o(i.HardFault_Handler)
    MX_ADC1_Init                             0x08005bc5   Thumb Code   242  bsp_adc.o(i.MX_ADC1_Init)
    MX_ADC2_Init                             0x08005cc9   Thumb Code   202  bsp_adc.o(i.MX_ADC2_Init)
    MX_CORDIC_Init                           0x08005da9   Thumb Code    28  bsp_cordic.o(i.MX_CORDIC_Init)
    MX_DMA_Init                              0x08005dcd   Thumb Code    56  bsp_dma.o(i.MX_DMA_Init)
    MX_GPIO_Init                             0x08005e09   Thumb Code   224  bsp_gpio.o(i.MX_GPIO_Init)
    MX_TIM1_Init                             0x08005ef9   Thumb Code   282  bsp_tim.o(i.MX_TIM1_Init)
    MX_USART1_UART_Init                      0x0800601d   Thumb Code    94  bsp_usart.o(i.MX_USART1_UART_Init)
    MemManage_Handler                        0x08006085   Thumb Code     2  stm32g4xx_it.o(i.MemManage_Handler)
    NMI_Handler                              0x08006087   Thumb Code     2  stm32g4xx_it.o(i.NMI_Handler)
    PIController_Init                        0x080060a9   Thumb Code    34  pi_controller.o(i.PIController_Init)
    PIController_Reset                       0x080060d1   Thumb Code    14  pi_controller.o(i.PIController_Reset)
    PIController_Run                         0x080060e5   Thumb Code   148  pi_controller.o(i.PIController_Run)
    PendSV_Handler                           0x08006311   Thumb Code     2  stm32g4xx_it.o(i.PendSV_Handler)
    SVC_Handler                              0x08006313   Thumb Code     2  stm32g4xx_it.o(i.SVC_Handler)
    SysTick_Handler                          0x08006315   Thumb Code     4  stm32g4xx_it.o(i.SysTick_Handler)
    SystemClock_Config                       0x08006319   Thumb Code   132  main.o(i.SystemClock_Config)
    SystemInit                               0x0800639d   Thumb Code    12  system_stm32g4xx.o(i.SystemInit)
    TIM1_BRK_TIM15_IRQHandler                0x080063ad   Thumb Code     6  stm32g4xx_it.o(i.TIM1_BRK_TIM15_IRQHandler)
    TIM1_UP_TIM16_IRQHandler                 0x080063b9   Thumb Code     6  stm32g4xx_it.o(i.TIM1_UP_TIM16_IRQHandler)
    TIM_Base_SetConfig                       0x080063c5   Thumb Code   190  stm32g4xx_hal_tim.o(i.TIM_Base_SetConfig)
    TIM_CCxChannelCmd                        0x080064a9   Thumb Code    26  stm32g4xx_hal_tim.o(i.TIM_CCxChannelCmd)
    TIM_ETR_SetConfig                        0x080064dd   Thumb Code    20  stm32g4xx_hal_tim.o(i.TIM_ETR_SetConfig)
    TIM_OC2_SetConfig                        0x080065b1   Thumb Code   132  stm32g4xx_hal_tim.o(i.TIM_OC2_SetConfig)
    UART_AdvFeatureConfig                    0x08006911   Thumb Code   200  stm32g4xx_hal_uart.o(i.UART_AdvFeatureConfig)
    UART_CheckIdleState                      0x080069d9   Thumb Code   172  stm32g4xx_hal_uart.o(i.UART_CheckIdleState)
    UART_SetConfig                           0x08006ad9   Thumb Code   614  stm32g4xx_hal_uart.o(i.UART_SetConfig)
    UART_WaitOnFlagUntilTimeout              0x08006d71   Thumb Code   148  stm32g4xx_hal_uart.o(i.UART_WaitOnFlagUntilTimeout)
    UsageFault_Handler                       0x08006e05   Thumb Code     2  stm32g4xx_it.o(i.UsageFault_Handler)
    __0printf                                0x08006e09   Thumb Code    22  printfa.o(i.__0printf)
    __1printf                                0x08006e09   Thumb Code     0  printfa.o(i.__0printf)
    __2printf                                0x08006e09   Thumb Code     0  printfa.o(i.__0printf)
    __c89printf                              0x08006e09   Thumb Code     0  printfa.o(i.__0printf)
    printf                                   0x08006e09   Thumb Code     0  printfa.o(i.__0printf)
    __ARM_fpclassifyf                        0x08006e29   Thumb Code    38  fpclassifyf.o(i.__ARM_fpclassifyf)
    __hardfp_atan2f                          0x08006e71   Thumb Code   594  atan2f.o(i.__hardfp_atan2f)
    __hardfp_cosf                            0x0800711d   Thumb Code   280  cosf.o(i.__hardfp_cosf)
    __hardfp_sinf                            0x0800726d   Thumb Code   344  sinf.o(i.__hardfp_sinf)
    __hardfp_sqrtf                           0x080073fd   Thumb Code    58  sqrtf.o(i.__hardfp_sqrtf)
    __io_putchar                             0x08007439   Thumb Code    26  bsp_usart.o(i.__io_putchar)
    __mathlib_flt_infnan                     0x08007459   Thumb Code     6  funder.o(i.__mathlib_flt_infnan)
    __mathlib_flt_infnan2                    0x0800745f   Thumb Code     6  funder.o(i.__mathlib_flt_infnan2)
    __mathlib_flt_invalid                    0x08007465   Thumb Code    10  funder.o(i.__mathlib_flt_invalid)
    __mathlib_flt_underflow                  0x08007475   Thumb Code    10  funder.o(i.__mathlib_flt_underflow)
    __mathlib_rredf2                         0x08007485   Thumb Code   316  rredf.o(i.__mathlib_rredf2)
    __scatterload_copy                       0x080075d9   Thumb Code    14  handlers.o(i.__scatterload_copy)
    __scatterload_null                       0x080075e7   Thumb Code     2  handlers.o(i.__scatterload_null)
    __scatterload_zeroinit                   0x080075e9   Thumb Code    14  handlers.o(i.__scatterload_zeroinit)
    __set_errno                              0x080075f9   Thumb Code     6  errno.o(i.__set_errno)
    fputc                                    0x080093f1   Thumb Code     4  bsp_usart.o(i.fputc)
    main                                     0x080093f5   Thumb Code    62  main.o(i.main)
    UARTPrescTable                           0x08009432   Data          24  stm32g4xx_hal_uart.o(.constdata)
    AHBPrescTable                            0x0800945a   Data          16  system_stm32g4xx.o(.constdata)
    APBPrescTable                            0x0800946a   Data           8  system_stm32g4xx.o(.constdata)
    Region$$Table$$Base                      0x08009508   Number         0  anon$$obj.o(Region$$Table)
    Region$$Table$$Limit                     0x08009528   Number         0  anon$$obj.o(Region$$Table)
    uwTickPrio                               0x20000040   Data           4  stm32g4xx_hal.o(.data)
    uwTickFreq                               0x20000044   Data           4  stm32g4xx_hal.o(.data)
    uwTick                                   0x20000048   Data           4  stm32g4xx_hal.o(.data)
    SystemCoreClock                          0x2000004c   Data           4  system_stm32g4xx.o(.data)
    __stdout                                 0x2000005c   Data           4  stdout.o(.data)
    huart1                                   0x200003fc   Data         148  bsp_usart.o(.bss)
    hdma_usart1_rx                           0x20000490   Data          96  bsp_usart.o(.bss)
    hdma_usart1_tx                           0x200004f0   Data          96  bsp_usart.o(.bss)
    htim1                                    0x20000550   Data          76  bsp_tim.o(.bss)
    hcordic                                  0x200005bc   Data          40  bsp_cordic.o(.bss)
    hadc1                                    0x200005e4   Data         108  bsp_adc.o(.bss)
    hadc2                                    0x20000650   Data         108  bsp_adc.o(.bss)
    __initial_sp                             0x20000ac0   Data           0  startup_stm32g474xx.o(STACK)



==============================================================================

Memory Map of the image

  Image Entry point : 0x080001d9

  Load Region LR_IROM1 (Base: 0x08000000, Size: 0x0000958c, Max: 0x00080000, ABSOLUTE)

    Execution Region ER_IROM1 (Exec base: 0x08000000, Load base: 0x08000000, Size: 0x00009528, Max: 0x00080000, ABSOLUTE)

    Exec Addr    Load Addr    Size         Type   Attr      Idx    E Section Name        Object

    0x08000000   0x08000000   0x000001d8   Data   RO            3    RESET               startup_stm32g474xx.o
    0x080001d8   0x080001d8   0x00000000   Code   RO         5947  * .ARM.Collect$$$$00000000  mc_w.l(entry.o)
    0x080001d8   0x080001d8   0x00000004   Code   RO         6242    .ARM.Collect$$$$00000001  mc_w.l(entry2.o)
    0x080001dc   0x080001dc   0x00000004   Code   RO         6245    .ARM.Collect$$$$00000004  mc_w.l(entry5.o)
    0x080001e0   0x080001e0   0x00000000   Code   RO         6247    .ARM.Collect$$$$00000008  mc_w.l(entry7b.o)
    0x080001e0   0x080001e0   0x00000000   Code   RO         6249    .ARM.Collect$$$$0000000A  mc_w.l(entry8b.o)
    0x080001e0   0x080001e0   0x00000008   Code   RO         6250    .ARM.Collect$$$$0000000B  mc_w.l(entry9a.o)
    0x080001e8   0x080001e8   0x00000004   Code   RO         6257    .ARM.Collect$$$$0000000E  mc_w.l(entry12b.o)
    0x080001ec   0x080001ec   0x00000000   Code   RO         6252    .ARM.Collect$$$$0000000F  mc_w.l(entry10a.o)
    0x080001ec   0x080001ec   0x00000000   Code   RO         6254    .ARM.Collect$$$$00000011  mc_w.l(entry11a.o)
    0x080001ec   0x080001ec   0x00000004   Code   RO         6243    .ARM.Collect$$$$00002712  mc_w.l(entry2.o)
    0x080001f0   0x080001f0   0x00000024   Code   RO            4    .text               startup_stm32g474xx.o
    0x08000214   0x08000214   0x00000062   Code   RO         5950    .text               mc_w.l(uldiv.o)
    0x08000276   0x08000276   0x00000024   Code   RO         5952    .text               mc_w.l(memcpya.o)
    0x0800029a   0x0800029a   0x00000024   Code   RO         5954    .text               mc_w.l(memseta.o)
    0x080002be   0x080002be   0x00000026   Code   RO         6221    .text               mf_w.l(f2d.o)
    0x080002e4   0x080002e4   0x0000002c   Code   RO         6259    .text               mc_w.l(uidiv.o)
    0x08000310   0x08000310   0x0000001e   Code   RO         6261    .text               mc_w.l(llshl.o)
    0x0800032e   0x0800032e   0x00000020   Code   RO         6263    .text               mc_w.l(llushr.o)
    0x0800034e   0x0800034e   0x00000000   Code   RO         6272    .text               mc_w.l(iusefp.o)
    0x0800034e   0x0800034e   0x0000014e   Code   RO         6273    .text               mf_w.l(dadd.o)
    0x0800049c   0x0800049c   0x000000e4   Code   RO         6275    .text               mf_w.l(dmul.o)
    0x08000580   0x08000580   0x000000de   Code   RO         6277    .text               mf_w.l(ddiv.o)
    0x0800065e   0x0800065e   0x00000030   Code   RO         6279    .text               mf_w.l(dfixul.o)
    0x0800068e   0x0800068e   0x00000002   PAD
    0x08000690   0x08000690   0x00000030   Code   RO         6281    .text               mf_w.l(cdrcmple.o)
    0x080006c0   0x080006c0   0x00000024   Code   RO         6283    .text               mc_w.l(init.o)
    0x080006e4   0x080006e4   0x00000024   Code   RO         6285    .text               mc_w.l(llsshr.o)
    0x08000708   0x08000708   0x000000ba   Code   RO         6287    .text               mf_w.l(depilogue.o)
    0x080007c2   0x080007c2   0x00000002   PAD
    0x080007c4   0x080007c4   0x0000000c   Code   RO          210    i.ADC1_2_IRQHandler  stm32g4xx_it.o
    0x080007d0   0x080007d0   0x000000e4   Code   RO         1425    i.ADC_ConversionStop  stm32g4xx_hal_adc.o
    0x080008b4   0x080008b4   0x00000070   Code   RO         1429    i.ADC_Disable       stm32g4xx_hal_adc.o
    0x08000924   0x08000924   0x000000c4   Code   RO         1430    i.ADC_Enable        stm32g4xx_hal_adc.o
    0x080009e8   0x080009e8   0x00000104   Code   RO          757    i.AppDebug_Task     app_debug.o
    0x08000aec   0x08000aec   0x0000000c   Code   RO          706    i.AppFocTiming_GetCycle  app_foc_timing.o
    0x08000af8   0x08000af8   0x00000024   Code   RO          708    i.AppFocTiming_Init  app_foc_timing.o
    0x08000b1c   0x08000b1c   0x0000004c   Code   RO          709    i.AppFocTiming_Reset  app_foc_timing.o
    0x08000b68   0x08000b68   0x00000074   Code   RO          710    i.AppFocTiming_Update  app_foc_timing.o
    0x08000bdc   0x08000bdc   0x000002d0   Code   RO          478    i.AppFoc_GetRuntimeSnapshot  app_foc.o
    0x08000eac   0x08000eac   0x0000000c   Code   RO          479    i.AppFoc_GetState   app_foc.o
    0x08000eb8   0x08000eb8   0x0000008c   Code   RO          480    i.AppFoc_HighFreqTask  app_foc.o
    0x08000f44   0x08000f44   0x00000094   Code   RO          481    i.AppFoc_Init       app_foc.o
    0x08000fd8   0x08000fd8   0x0000003c   Code   RO          482    i.AppFoc_MediumFreqTask  app_foc.o
    0x08001014   0x08001014   0x00000040   Code   RO          484    i.AppFoc_SetSpeedTargetMechHz  app_foc.o
    0x08001054   0x08001054   0x0000010c   Code   RO          485    i.AppFoc_Start      app_foc.o
    0x08001160   0x08001160   0x00000084   Code   RO          486    i.AppFoc_Stop       app_foc.o
    0x080011e4   0x080011e4   0x0000004c   Code   RO         5672    i.BSP_KEY_EXTI_Callback  bsp_key.o
    0x08001230   0x08001230   0x00000084   Code   RO         5673    i.BSP_KEY_HandleSpeedStep  bsp_key.o
    0x080012b4   0x080012b4   0x0000002c   Code   RO         5674    i.BSP_KEY_Init      bsp_key.o
    0x080012e0   0x080012e0   0x00000028   Code   RO         5675    i.BSP_KEY_ProgramSpeedTarget  bsp_key.o
    0x08001308   0x08001308   0x00000024   Code   RO         5676    i.BSP_KEY_SetSpeedTargetHz  bsp_key.o
    0x0800132c   0x0800132c   0x00000060   Code   RO         5677    i.BSP_KEY_Task      bsp_key.o
    0x0800138c   0x0800138c   0x00000002   Code   RO          211    i.BusFault_Handler  stm32g4xx_it.o
    0x0800138e   0x0800138e   0x00000002   PAD
    0x08001390   0x08001390   0x00000024   Code   RO          402    i.ClarkePark_Clarke  clarke_park.o
    0x080013b4   0x080013b4   0x0000004e   Code   RO          404    i.ClarkePark_InvPark  clarke_park.o
    0x08001402   0x08001402   0x0000004e   Code   RO          405    i.ClarkePark_Park   clarke_park.o
    0x08001450   0x08001450   0x0000000c   Code   RO          212    i.DMA1_Channel1_IRQHandler  stm32g4xx_it.o
    0x0800145c   0x0800145c   0x00000040   Code   RO         2739    i.DMA_CalcDMAMUXChannelBaseAndMask  stm32g4xx_hal_dma.o
    0x0800149c   0x0800149c   0x00000024   Code   RO         2740    i.DMA_CalcDMAMUXRequestGenBaseAndMask  stm32g4xx_hal_dma.o
    0x080014c0   0x080014c0   0x00000002   Code   RO          213    i.DebugMon_Handler  stm32g4xx_it.o
    0x080014c2   0x080014c2   0x00000008   Code   RO          214    i.EXTI15_10_IRQHandler  stm32g4xx_it.o
    0x080014ca   0x080014ca   0x00000004   Code   RO           13    i.Error_Handler     main.o
    0x080014ce   0x080014ce   0x00000002   PAD
    0x080014d0   0x080014d0   0x00000050   Code   RO          985    i.FOC_CurrentLoopInit  foc_current_loop.o
    0x08001520   0x08001520   0x0000006e   Code   RO          986    i.FOC_CurrentLoopMeasureDQ  foc_current_loop.o
    0x0800158e   0x0800158e   0x00000002   PAD
    0x08001590   0x08001590   0x0000005c   Code   RO          987    i.FOC_CurrentLoopReset  foc_current_loop.o
    0x080015ec   0x080015ec   0x00000164   Code   RO          988    i.FOC_CurrentLoopRunDSoft  foc_current_loop.o
    0x08001750   0x08001750   0x0000019c   Code   RO          989    i.FOC_CurrentLoopRunDSoftFeedForward  foc_current_loop.o
    0x080018ec   0x080018ec   0x000000fc   Code   RO          994    i.FOC_CurrentLoopRunWithRef  foc_current_loop.o
    0x080019e8   0x080019e8   0x00000030   Code   RO         1283    i.FOC_MathWrap2Pi   foc_switchover.o
    0x08001a18   0x08001a18   0x00000034   Code   RO         1284    i.FOC_MathWrapPi    foc_switchover.o
    0x08001a4c   0x08001a4c   0x00000032   Code   RO          783    i.FOC_Math_SinCos   foc_math.o
    0x08001a7e   0x08001a7e   0x00000002   PAD
    0x08001a80   0x08001a80   0x00000018   Code   RO         1212    i.FOC_ObserverGetFluxThetaRad  foc_observer.o
    0x08001a98   0x08001a98   0x00000034   Code   RO         1213    i.FOC_ObserverGetInputs  foc_observer.o
    0x08001acc   0x08001acc   0x00000014   Code   RO         1214    i.FOC_ObserverGetSpeedRadPerSec  foc_observer.o
    0x08001ae0   0x08001ae0   0x00000014   Code   RO         1215    i.FOC_ObserverGetThetaRad  foc_observer.o
    0x08001af4   0x08001af4   0x0000001c   Code   RO         1216    i.FOC_ObserverInit  foc_observer.o
    0x08001b10   0x08001b10   0x00000004   Code   RO         1218    i.FOC_ObserverReset  foc_observer.o
    0x08001b14   0x08001b14   0x00000088   Code   RO         1219    i.FOC_ObserverUpdate  foc_observer.o
    0x08001b9c   0x08001b9c   0x00000090   Code   RO         1157    i.FOC_OpenLoopAdvance  foc_openloop.o
    0x08001c2c   0x08001c2c   0x00000028   Code   RO         1158    i.FOC_OpenLoopGetElecSpeedRadPerSec  foc_openloop.o
    0x08001c54   0x08001c54   0x00000014   Code   RO         1159    i.FOC_OpenLoopGetFreqHz  foc_openloop.o
    0x08001c68   0x08001c68   0x00000014   Code   RO         1160    i.FOC_OpenLoopGetThetaErad  foc_openloop.o
    0x08001c7c   0x08001c7c   0x00000024   Code   RO         1161    i.FOC_OpenLoopInit  foc_openloop.o
    0x08001ca0   0x08001ca0   0x0000000a   Code   RO         1162    i.FOC_OpenLoopResetAlign  foc_openloop.o
    0x08001caa   0x08001caa   0x00000002   PAD
    0x08001cac   0x08001cac   0x00000020   Code   RO         1163    i.FOC_OpenLoopResetRun  foc_openloop.o
    0x08001ccc   0x08001ccc   0x0000006c   Code   RO         1351    i.FOC_ProtectionCheckFault  foc_protection.o
    0x08001d38   0x08001d38   0x00000204   Code   RO          924    i.FOC_PwmModule_ApplySvpwm  foc_pwm.o
    0x08001f3c   0x08001f3c   0x0000005c   Code   RO          927    i.FOC_PwmModule_Init  foc_pwm.o
    0x08001f98   0x08001f98   0x0000006c   Code   RO          928    i.FOC_PwmModule_SetTim1Mid  foc_pwm.o
    0x08002004   0x08002004   0x00000078   Code   RO          809    i.FOC_SamplingModule_Init  foc_sampling.o
    0x0800207c   0x0800207c   0x00000038   Code   RO          810    i.FOC_SamplingModule_ResetRuntime  foc_sampling.o
    0x080020b4   0x080020b4   0x000000c0   Code   RO          811    i.FOC_SamplingModule_RunOffsetCalib  foc_sampling.o
    0x08002174   0x08002174   0x0000000a   Code   RO          812    i.FOC_SamplingModule_SetAdc1Ready  foc_sampling.o
    0x0800217e   0x0800217e   0x0000000a   Code   RO          813    i.FOC_SamplingModule_SetFallbackRequest  foc_sampling.o
    0x08002188   0x08002188   0x0000000a   Code   RO          814    i.FOC_SamplingModule_SetSampleSector  foc_sampling.o
    0x08002192   0x08002192   0x00000002   PAD
    0x08002194   0x08002194   0x0000003c   Code   RO          815    i.FOC_SamplingModule_Update  foc_sampling.o
    0x080021d0   0x080021d0   0x00000032   Code   RO         1090    i.FOC_SpeedLoopGetSnapshot  foc_speed_loop.o
    0x08002202   0x08002202   0x00000002   PAD
    0x08002204   0x08002204   0x0000004c   Code   RO         1091    i.FOC_SpeedLoopInit  foc_speed_loop.o
    0x08002250   0x08002250   0x0000000a   Code   RO         1092    i.FOC_SpeedLoopIsEnabled  foc_speed_loop.o
    0x0800225a   0x0800225a   0x00000034   Code   RO         1093    i.FOC_SpeedLoopPrepareRunEntry  foc_speed_loop.o
    0x0800228e   0x0800228e   0x0000003e   Code   RO         1094    i.FOC_SpeedLoopReset  foc_speed_loop.o
    0x080022cc   0x080022cc   0x0000000a   Code   RO         1095    i.FOC_SpeedLoopSetTargetMechRadS  foc_speed_loop.o
    0x080022d6   0x080022d6   0x00000002   PAD
    0x080022d8   0x080022d8   0x0000016c   Code   RO         1096    i.FOC_SpeedLoopStep  foc_speed_loop.o
    0x08002444   0x08002444   0x00000004   Code   RO         1286    i.FOC_SwitchoverInit  foc_switchover.o
    0x08002448   0x08002448   0x00000044   Code   RO         1287    i.FOC_SwitchoverReset  foc_switchover.o
    0x0800248c   0x0800248c   0x0000006e   Code   RO         1288    i.FOC_SwitchoverSelectTheta  foc_switchover.o
    0x080024fa   0x080024fa   0x00000002   PAD
    0x080024fc   0x080024fc   0x000000ec   Code   RO         1289    i.FOC_SwitchoverUpdate  foc_switchover.o
    0x080025e8   0x080025e8   0x00000074   Code   RO          346    i.FluxObserver_PLL_reset  fluxobserver_pll.o
    0x0800265c   0x0800265c   0x00000016   Code   RO          347    i.FluxObserver_PLL_update  fluxobserver_pll.o
    0x08002672   0x08002672   0x00000002   PAD
    0x08002674   0x08002674   0x000000d0   Code   RO          348    i.FluxObserver_update  fluxobserver_pll.o
    0x08002744   0x08002744   0x00000094   Code   RO         1663    i.HAL_ADCEx_Calibration_Start  stm32g4xx_hal_adc_ex.o
    0x080027d8   0x080027d8   0x00000002   Code   RO         1667    i.HAL_ADCEx_EndOfSamplingCallback  stm32g4xx_hal_adc_ex.o
    0x080027da   0x080027da   0x00000002   PAD
    0x080027dc   0x080027dc   0x00000560   Code   RO         1669    i.HAL_ADCEx_InjectedConfigChannel  stm32g4xx_hal_adc_ex.o
    0x08002d3c   0x08002d3c   0x00000010   Code   RO          215    i.HAL_ADCEx_InjectedConvCpltCallback  stm32g4xx_it.o
    0x08002d4c   0x08002d4c   0x0000002e   Code   RO         1671    i.HAL_ADCEx_InjectedGetValue  stm32g4xx_hal_adc_ex.o
    0x08002d7a   0x08002d7a   0x00000002   Code   RO         1673    i.HAL_ADCEx_InjectedQueueOverflowCallback  stm32g4xx_hal_adc_ex.o
    0x08002d7c   0x08002d7c   0x00000120   Code   RO         1674    i.HAL_ADCEx_InjectedStart  stm32g4xx_hal_adc_ex.o
    0x08002e9c   0x08002e9c   0x00000158   Code   RO         1675    i.HAL_ADCEx_InjectedStart_IT  stm32g4xx_hal_adc_ex.o
    0x08002ff4   0x08002ff4   0x00000054   Code   RO         1676    i.HAL_ADCEx_InjectedStop  stm32g4xx_hal_adc_ex.o
    0x08003048   0x08003048   0x0000005e   Code   RO         1677    i.HAL_ADCEx_InjectedStop_IT  stm32g4xx_hal_adc_ex.o
    0x080030a6   0x080030a6   0x00000002   Code   RO         1678    i.HAL_ADCEx_LevelOutOfWindow2Callback  stm32g4xx_hal_adc_ex.o
    0x080030a8   0x080030a8   0x00000002   Code   RO         1679    i.HAL_ADCEx_LevelOutOfWindow3Callback  stm32g4xx_hal_adc_ex.o
    0x080030aa   0x080030aa   0x00000002   PAD
    0x080030ac   0x080030ac   0x00000160   Code   RO         1680    i.HAL_ADCEx_MultiModeConfigChannel  stm32g4xx_hal_adc_ex.o
    0x0800320c   0x0800320c   0x0000046c   Code   RO         1432    i.HAL_ADC_ConfigChannel  stm32g4xx_hal_adc.o
    0x08003678   0x08003678   0x00000002   Code   RO         1433    i.HAL_ADC_ConvCpltCallback  stm32g4xx_hal_adc.o
    0x0800367a   0x0800367a   0x00000002   Code   RO         1436    i.HAL_ADC_ErrorCallback  stm32g4xx_hal_adc.o
    0x0800367c   0x0800367c   0x00000006   Code   RO         1439    i.HAL_ADC_GetValue  stm32g4xx_hal_adc.o
    0x08003682   0x08003682   0x00000002   PAD
    0x08003684   0x08003684   0x000002b8   Code   RO         1440    i.HAL_ADC_IRQHandler  stm32g4xx_hal_adc.o
    0x0800393c   0x0800393c   0x00000230   Code   RO         1441    i.HAL_ADC_Init      stm32g4xx_hal_adc.o
    0x08003b6c   0x08003b6c   0x00000002   Code   RO         1442    i.HAL_ADC_LevelOutOfWindowCallback  stm32g4xx_hal_adc.o
    0x08003b6e   0x08003b6e   0x00000002   PAD
    0x08003b70   0x08003b70   0x000000c8   Code   RO         5830    i.HAL_ADC_MspInit   bsp_adc.o
    0x08003c38   0x08003c38   0x00000138   Code   RO         1447    i.HAL_ADC_Start     stm32g4xx_hal_adc.o
    0x08003d70   0x08003d70   0x0000003e   Code   RO         1451    i.HAL_ADC_Stop      stm32g4xx_hal_adc.o
    0x08003dae   0x08003dae   0x00000034   Code   RO         3409    i.HAL_CORDIC_Init   stm32g4xx_hal_cordic.o
    0x08003de2   0x08003de2   0x00000002   PAD
    0x08003de4   0x08003de4   0x00000028   Code   RO         5788    i.HAL_CORDIC_MspInit  bsp_cordic.o
    0x08003e0c   0x08003e0c   0x000000ba   Code   RO         2747    i.HAL_DMA_IRQHandler  stm32g4xx_hal_dma.o
    0x08003ec6   0x08003ec6   0x00000002   PAD
    0x08003ec8   0x08003ec8   0x000000c0   Code   RO         2748    i.HAL_DMA_Init      stm32g4xx_hal_dma.o
    0x08003f88   0x08003f88   0x00000004   Code   RO         5678    i.HAL_GPIO_EXTI_Callback  bsp_key.o
    0x08003f8c   0x08003f8c   0x00000018   Code   RO         2603    i.HAL_GPIO_EXTI_IRQHandler  stm32g4xx_hal_gpio.o
    0x08003fa4   0x08003fa4   0x00000248   Code   RO         2604    i.HAL_GPIO_Init     stm32g4xx_hal_gpio.o
    0x080041ec   0x080041ec   0x0000000a   Code   RO         2606    i.HAL_GPIO_ReadPin  stm32g4xx_hal_gpio.o
    0x080041f6   0x080041f6   0x0000000a   Code   RO         2608    i.HAL_GPIO_WritePin  stm32g4xx_hal_gpio.o
    0x08004200   0x08004200   0x0000000c   Code   RO         1883    i.HAL_GetTick       stm32g4xx_hal.o
    0x0800420c   0x0800420c   0x00000010   Code   RO         1889    i.HAL_IncTick       stm32g4xx_hal.o
    0x0800421c   0x0800421c   0x0000001e   Code   RO         1890    i.HAL_Init          stm32g4xx_hal.o
    0x0800423a   0x0800423a   0x00000002   PAD
    0x0800423c   0x0800423c   0x00000044   Code   RO         1891    i.HAL_InitTick      stm32g4xx_hal.o
    0x08004280   0x08004280   0x00000038   Code   RO          322    i.HAL_MspInit       stm32g4xx_hal_msp.o
    0x080042b8   0x080042b8   0x0000001a   Code   RO         3253    i.HAL_NVIC_EnableIRQ  stm32g4xx_hal_cortex.o
    0x080042d2   0x080042d2   0x00000002   PAD
    0x080042d4   0x080042d4   0x00000040   Code   RO         3259    i.HAL_NVIC_SetPriority  stm32g4xx_hal_cortex.o
    0x08004314   0x08004314   0x00000024   Code   RO         3260    i.HAL_NVIC_SetPriorityGrouping  stm32g4xx_hal_cortex.o
    0x08004338   0x08004338   0x000000bc   Code   RO         3007    i.HAL_PWREx_ControlVoltageScaling  stm32g4xx_hal_pwr_ex.o
    0x080043f4   0x080043f4   0x00000010   Code   RO         3019    i.HAL_PWREx_DisableUCPDDeadBattery  stm32g4xx_hal_pwr_ex.o
    0x08004404   0x08004404   0x00000300   Code   RO         2250    i.HAL_RCCEx_PeriphCLKConfig  stm32g4xx_hal_rcc_ex.o
    0x08004704   0x08004704   0x000001dc   Code   RO         2125    i.HAL_RCC_ClockConfig  stm32g4xx_hal_rcc.o
    0x080048e0   0x080048e0   0x00000024   Code   RO         2133    i.HAL_RCC_GetPCLK1Freq  stm32g4xx_hal_rcc.o
    0x08004904   0x08004904   0x00000024   Code   RO         2134    i.HAL_RCC_GetPCLK2Freq  stm32g4xx_hal_rcc.o
    0x08004928   0x08004928   0x0000006c   Code   RO         2135    i.HAL_RCC_GetSysClockFreq  stm32g4xx_hal_rcc.o
    0x08004994   0x08004994   0x00000404   Code   RO         2138    i.HAL_RCC_OscConfig  stm32g4xx_hal_rcc.o
    0x08004d98   0x08004d98   0x00000028   Code   RO         3264    i.HAL_SYSTICK_Config  stm32g4xx_hal_cortex.o
    0x08004dc0   0x08004dc0   0x00000002   Code   RO         4524    i.HAL_TIMEx_Break2Callback  stm32g4xx_hal_tim_ex.o
    0x08004dc2   0x08004dc2   0x00000002   Code   RO         4525    i.HAL_TIMEx_BreakCallback  stm32g4xx_hal_tim_ex.o
    0x08004dc4   0x08004dc4   0x00000002   Code   RO         4526    i.HAL_TIMEx_CommutCallback  stm32g4xx_hal_tim_ex.o
    0x08004dc6   0x08004dc6   0x00000002   PAD
    0x08004dc8   0x08004dc8   0x000000a8   Code   RO         4529    i.HAL_TIMEx_ConfigBreakDeadTime  stm32g4xx_hal_tim_ex.o
    0x08004e70   0x08004e70   0x00000002   Code   RO         4537    i.HAL_TIMEx_DirectionChangeCallback  stm32g4xx_hal_tim_ex.o
    0x08004e72   0x08004e72   0x00000002   Code   RO         4551    i.HAL_TIMEx_EncoderIndexCallback  stm32g4xx_hal_tim_ex.o
    0x08004e74   0x08004e74   0x00000002   Code   RO         4565    i.HAL_TIMEx_IndexErrorCallback  stm32g4xx_hal_tim_ex.o
    0x08004e76   0x08004e76   0x00000002   PAD
    0x08004e78   0x08004e78   0x000000b8   Code   RO         4566    i.HAL_TIMEx_MasterConfigSynchronization  stm32g4xx_hal_tim_ex.o
    0x08004f30   0x08004f30   0x000000cc   Code   RO         4578    i.HAL_TIMEx_PWMN_Start  stm32g4xx_hal_tim_ex.o
    0x08004ffc   0x08004ffc   0x00000068   Code   RO         4581    i.HAL_TIMEx_PWMN_Stop  stm32g4xx_hal_tim_ex.o
    0x08005064   0x08005064   0x00000002   Code   RO         4587    i.HAL_TIMEx_TransitionErrorCallback  stm32g4xx_hal_tim_ex.o
    0x08005066   0x08005066   0x00000062   Code   RO         3810    i.HAL_TIM_Base_Init  stm32g4xx_hal_tim.o
    0x080050c8   0x080050c8   0x0000004c   Code   RO         5601    i.HAL_TIM_Base_MspInit  bsp_tim.o
    0x08005114   0x08005114   0x00000080   Code   RO         3813    i.HAL_TIM_Base_Start  stm32g4xx_hal_tim.o
    0x08005194   0x08005194   0x00000026   Code   RO         3816    i.HAL_TIM_Base_Stop  stm32g4xx_hal_tim.o
    0x080051ba   0x080051ba   0x00000002   PAD
    0x080051bc   0x080051bc   0x000000f0   Code   RO         3819    i.HAL_TIM_ConfigClockSource  stm32g4xx_hal_tim.o
    0x080052ac   0x080052ac   0x00000002   Code   RO         3844    i.HAL_TIM_IC_CaptureCallback  stm32g4xx_hal_tim.o
    0x080052ae   0x080052ae   0x000001a2   Code   RO         3858    i.HAL_TIM_IRQHandler  stm32g4xx_hal_tim.o
    0x08005450   0x08005450   0x00000094   Code   RO         5602    i.HAL_TIM_MspPostInit  bsp_tim.o
    0x080054e4   0x080054e4   0x00000002   Code   RO         3861    i.HAL_TIM_OC_DelayElapsedCallback  stm32g4xx_hal_tim.o
    0x080054e6   0x080054e6   0x00000124   Code   RO         3882    i.HAL_TIM_PWM_ConfigChannel  stm32g4xx_hal_tim.o
    0x0800560a   0x0800560a   0x00000062   Code   RO         3885    i.HAL_TIM_PWM_Init  stm32g4xx_hal_tim.o
    0x0800566c   0x0800566c   0x00000002   Code   RO         3887    i.HAL_TIM_PWM_MspInit  stm32g4xx_hal_tim.o
    0x0800566e   0x0800566e   0x00000002   Code   RO         3888    i.HAL_TIM_PWM_PulseFinishedCallback  stm32g4xx_hal_tim.o
    0x08005670   0x08005670   0x00000114   Code   RO         3890    i.HAL_TIM_PWM_Start  stm32g4xx_hal_tim.o
    0x08005784   0x08005784   0x000000b8   Code   RO         3893    i.HAL_TIM_PWM_Stop  stm32g4xx_hal_tim.o
    0x0800583c   0x0800583c   0x00000002   Code   RO         3896    i.HAL_TIM_PeriodElapsedCallback  stm32g4xx_hal_tim.o
    0x0800583e   0x0800583e   0x00000002   Code   RO         3901    i.HAL_TIM_TriggerCallback  stm32g4xx_hal_tim.o
    0x08005840   0x08005840   0x0000003e   Code   RO         5373    i.HAL_UARTEx_DisableFifoMode  stm32g4xx_hal_uart_ex.o
    0x0800587e   0x0800587e   0x0000004c   Code   RO         5382    i.HAL_UARTEx_SetRxFifoThreshold  stm32g4xx_hal_uart_ex.o
    0x080058ca   0x080058ca   0x0000004c   Code   RO         5383    i.HAL_UARTEx_SetTxFifoThreshold  stm32g4xx_hal_uart_ex.o
    0x08005916   0x08005916   0x0000006a   Code   RO         4982    i.HAL_UART_Init     stm32g4xx_hal_uart.o
    0x08005980   0x08005980   0x000000f0   Code   RO         5532    i.HAL_UART_MspInit  bsp_usart.o
    0x08005a70   0x08005a70   0x000000ae   Code   RO         4991    i.HAL_UART_Transmit  stm32g4xx_hal_uart.o
    0x08005b1e   0x08005b1e   0x00000002   Code   RO          216    i.HardFault_Handler  stm32g4xx_it.o
    0x08005b20   0x08005b20   0x0000000c   Code   RO         1455    i.LL_ADC_GetOffsetChannel  stm32g4xx_hal_adc.o
    0x08005b2c   0x08005b2c   0x0000000c   Code   RO         1688    i.LL_ADC_GetOffsetChannel  stm32g4xx_hal_adc_ex.o
    0x08005b38   0x08005b38   0x00000008   Code   RO         1456    i.LL_ADC_INJ_IsConversionOngoing  stm32g4xx_hal_adc.o
    0x08005b40   0x08005b40   0x00000008   Code   RO         1689    i.LL_ADC_INJ_IsConversionOngoing  stm32g4xx_hal_adc_ex.o
    0x08005b48   0x08005b48   0x00000008   Code   RO         1457    i.LL_ADC_REG_IsConversionOngoing  stm32g4xx_hal_adc.o
    0x08005b50   0x08005b50   0x00000008   Code   RO         1690    i.LL_ADC_REG_IsConversionOngoing  stm32g4xx_hal_adc_ex.o
    0x08005b58   0x08005b58   0x00000010   Code   RO         1458    i.LL_ADC_REG_IsTriggerSourceSWStart  stm32g4xx_hal_adc.o
    0x08005b68   0x08005b68   0x0000001e   Code   RO         1460    i.LL_ADC_SetChannelSamplingTime  stm32g4xx_hal_adc.o
    0x08005b86   0x08005b86   0x0000001e   Code   RO         1691    i.LL_ADC_SetChannelSamplingTime  stm32g4xx_hal_adc_ex.o
    0x08005ba4   0x08005ba4   0x00000010   Code   RO         1461    i.LL_ADC_SetOffsetState  stm32g4xx_hal_adc.o
    0x08005bb4   0x08005bb4   0x00000010   Code   RO         1692    i.LL_ADC_SetOffsetState  stm32g4xx_hal_adc_ex.o
    0x08005bc4   0x08005bc4   0x00000104   Code   RO         5831    i.MX_ADC1_Init      bsp_adc.o
    0x08005cc8   0x08005cc8   0x000000e0   Code   RO         5832    i.MX_ADC2_Init      bsp_adc.o
    0x08005da8   0x08005da8   0x00000024   Code   RO         5789    i.MX_CORDIC_Init    bsp_cordic.o
    0x08005dcc   0x08005dcc   0x0000003c   Code   RO         5648    i.MX_DMA_Init       bsp_dma.o
    0x08005e08   0x08005e08   0x000000f0   Code   RO         5878    i.MX_GPIO_Init      bsp_gpio.o
    0x08005ef8   0x08005ef8   0x00000124   Code   RO         5603    i.MX_TIM1_Init      bsp_tim.o
    0x0800601c   0x0800601c   0x00000068   Code   RO         5533    i.MX_USART1_UART_Init  bsp_usart.o
    0x08006084   0x08006084   0x00000002   Code   RO          217    i.MemManage_Handler  stm32g4xx_it.o
    0x08006086   0x08006086   0x00000002   Code   RO          218    i.NMI_Handler       stm32g4xx_it.o
    0x08006088   0x08006088   0x00000020   Code   RO          438    i.PIController_Clamp  pi_controller.o
    0x080060a8   0x080060a8   0x00000028   Code   RO          439    i.PIController_Init  pi_controller.o
    0x080060d0   0x080060d0   0x00000014   Code   RO          440    i.PIController_Reset  pi_controller.o
    0x080060e4   0x080060e4   0x00000098   Code   RO          441    i.PIController_Run  pi_controller.o
    0x0800617c   0x0800617c   0x00000194   Code   RO          349    i.PLL_update        fluxobserver_pll.o
    0x08006310   0x08006310   0x00000002   Code   RO          219    i.PendSV_Handler    stm32g4xx_it.o
    0x08006312   0x08006312   0x00000002   Code   RO          220    i.SVC_Handler       stm32g4xx_it.o
    0x08006314   0x08006314   0x00000004   Code   RO          221    i.SysTick_Handler   stm32g4xx_it.o
    0x08006318   0x08006318   0x00000084   Code   RO           14    i.SystemClock_Config  main.o
    0x0800639c   0x0800639c   0x00000010   Code   RO         5492    i.SystemInit        system_stm32g4xx.o
    0x080063ac   0x080063ac   0x0000000c   Code   RO          222    i.TIM1_BRK_TIM15_IRQHandler  stm32g4xx_it.o
    0x080063b8   0x080063b8   0x0000000c   Code   RO          223    i.TIM1_UP_TIM16_IRQHandler  stm32g4xx_it.o
    0x080063c4   0x080063c4   0x000000e4   Code   RO         3903    i.TIM_Base_SetConfig  stm32g4xx_hal_tim.o
    0x080064a8   0x080064a8   0x0000001a   Code   RO         3904    i.TIM_CCxChannelCmd  stm32g4xx_hal_tim.o
    0x080064c2   0x080064c2   0x0000001a   Code   RO         4590    i.TIM_CCxNChannelCmd  stm32g4xx_hal_tim_ex.o
    0x080064dc   0x080064dc   0x00000014   Code   RO         3914    i.TIM_ETR_SetConfig  stm32g4xx_hal_tim.o
    0x080064f0   0x080064f0   0x00000014   Code   RO         3915    i.TIM_ITRx_SetConfig  stm32g4xx_hal_tim.o
    0x08006504   0x08006504   0x000000ac   Code   RO         3916    i.TIM_OC1_SetConfig  stm32g4xx_hal_tim.o
    0x080065b0   0x080065b0   0x000000a0   Code   RO         3917    i.TIM_OC2_SetConfig  stm32g4xx_hal_tim.o
    0x08006650   0x08006650   0x000000a0   Code   RO         3918    i.TIM_OC3_SetConfig  stm32g4xx_hal_tim.o
    0x080066f0   0x080066f0   0x000000a0   Code   RO         3919    i.TIM_OC4_SetConfig  stm32g4xx_hal_tim.o
    0x08006790   0x08006790   0x00000078   Code   RO         3920    i.TIM_OC5_SetConfig  stm32g4xx_hal_tim.o
    0x08006808   0x08006808   0x0000007c   Code   RO         3921    i.TIM_OC6_SetConfig  stm32g4xx_hal_tim.o
    0x08006884   0x08006884   0x00000022   Code   RO         3923    i.TIM_TI1_ConfigInputStage  stm32g4xx_hal_tim.o
    0x080068a6   0x080068a6   0x00000024   Code   RO         3925    i.TIM_TI2_ConfigInputStage  stm32g4xx_hal_tim.o
    0x080068ca   0x080068ca   0x00000002   PAD
    0x080068cc   0x080068cc   0x00000044   Code   RO         5387    i.UARTEx_SetNbDataToProcess  stm32g4xx_hal_uart_ex.o
    0x08006910   0x08006910   0x000000c8   Code   RO         4996    i.UART_AdvFeatureConfig  stm32g4xx_hal_uart.o
    0x080069d8   0x080069d8   0x000000ac   Code   RO         4997    i.UART_CheckIdleState  stm32g4xx_hal_uart.o
    0x08006a84   0x08006a84   0x00000054   Code   RO         5008    i.UART_EndRxTransfer  stm32g4xx_hal_uart.o
    0x08006ad8   0x08006ad8   0x00000298   Code   RO         5014    i.UART_SetConfig    stm32g4xx_hal_uart.o
    0x08006d70   0x08006d70   0x00000094   Code   RO         5021    i.UART_WaitOnFlagUntilTimeout  stm32g4xx_hal_uart.o
    0x08006e04   0x08006e04   0x00000002   Code   RO          224    i.UsageFault_Handler  stm32g4xx_it.o
    0x08006e06   0x08006e06   0x00000002   PAD
    0x08006e08   0x08006e08   0x00000020   Code   RO         6193    i.__0printf         mc_w.l(printfa.o)
    0x08006e28   0x08006e28   0x00000026   Code   RO         6223    i.__ARM_fpclassifyf  m_wm.l(fpclassifyf.o)
    0x08006e4e   0x08006e4e   0x00000020   Code   RO         3266    i.__NVIC_SetPriority  stm32g4xx_hal_cortex.o
    0x08006e6e   0x08006e6e   0x00000002   PAD
    0x08006e70   0x08006e70   0x000002ac   Code   RO         5899    i.__hardfp_atan2f   m_wm.l(atan2f.o)
    0x0800711c   0x0800711c   0x00000150   Code   RO         5911    i.__hardfp_cosf     m_wm.l(cosf.o)
    0x0800726c   0x0800726c   0x00000190   Code   RO         5923    i.__hardfp_sinf     m_wm.l(sinf.o)
    0x080073fc   0x080073fc   0x0000003a   Code   RO         5935    i.__hardfp_sqrtf    m_wm.l(sqrtf.o)
    0x08007436   0x08007436   0x00000002   PAD
    0x08007438   0x08007438   0x00000020   Code   RO         5534    i.__io_putchar      bsp_usart.o
    0x08007458   0x08007458   0x00000006   Code   RO         6226    i.__mathlib_flt_infnan  m_wm.l(funder.o)
    0x0800745e   0x0800745e   0x00000006   Code   RO         6227    i.__mathlib_flt_infnan2  m_wm.l(funder.o)
    0x08007464   0x08007464   0x00000010   Code   RO         6228    i.__mathlib_flt_invalid  m_wm.l(funder.o)
    0x08007474   0x08007474   0x00000010   Code   RO         6231    i.__mathlib_flt_underflow  m_wm.l(funder.o)
    0x08007484   0x08007484   0x00000154   Code   RO         6239    i.__mathlib_rredf2  m_wm.l(rredf.o)
    0x080075d8   0x080075d8   0x0000000e   Code   RO         6291    i.__scatterload_copy  mc_w.l(handlers.o)
    0x080075e6   0x080075e6   0x00000002   Code   RO         6292    i.__scatterload_null  mc_w.l(handlers.o)
    0x080075e8   0x080075e8   0x0000000e   Code   RO         6293    i.__scatterload_zeroinit  mc_w.l(handlers.o)
    0x080075f6   0x080075f6   0x00000002   PAD
    0x080075f8   0x080075f8   0x0000000c   Code   RO         6267    i.__set_errno       mc_w.l(errno.o)
    0x08007604   0x08007604   0x00000184   Code   RO         6200    i._fp_digits        mc_w.l(printfa.o)
    0x08007788   0x08007788   0x000006b4   Code   RO         6201    i._printf_core      mc_w.l(printfa.o)
    0x08007e3c   0x08007e3c   0x00000024   Code   RO         6202    i._printf_post_padding  mc_w.l(printfa.o)
    0x08007e60   0x08007e60   0x0000002e   Code   RO         6203    i._printf_pre_padding  mc_w.l(printfa.o)
    0x08007e8e   0x08007e8e   0x00000002   PAD
    0x08007e90   0x08007e90   0x00000048   Code   RO          487    i.app_foc_apply_voltage_command  app_foc.o
    0x08007ed8   0x08007ed8   0x00000064   Code   RO          488    i.app_foc_clear_current_loop_debug  app_foc.o
    0x08007f3c   0x08007f3c   0x0000003c   Code   RO          489    i.app_foc_commit_command_active  app_foc.o
    0x08007f78   0x08007f78   0x00000024   Code   RO          490    i.app_foc_d_axis_soft_reset  app_foc.o
    0x08007f9c   0x08007f9c   0x00000068   Code   RO          491    i.app_foc_d_axis_soft_update  app_foc.o
    0x08008004   0x08008004   0x00000018   Code   RO          492    i.app_foc_drive_enable  app_foc.o
    0x0800801c   0x0800801c   0x00000020   Code   RO          493    i.app_foc_enter_fault  app_foc.o
    0x0800803c   0x0800803c   0x00000294   Code   RO          494    i.app_foc_fill_runtime_snapshot  app_foc.o
    0x080082d0   0x080082d0   0x00000040   Code   RO          495    i.app_foc_get_active_command  app_foc.o
    0x08008310   0x08008310   0x000000e0   Code   RO          496    i.app_foc_latch_fault_snapshot  app_foc.o
    0x080083f0   0x080083f0   0x000001fc   Code   RO          497    i.app_foc_medium_handle_state_machine  app_foc.o
    0x080085ec   0x080085ec   0x00000048   Code   RO          498    i.app_foc_medium_reset_command_defaults  app_foc.o
    0x08008634   0x08008634   0x0000004c   Code   RO          499    i.app_foc_prepare_run_entry  app_foc.o
    0x08008680   0x08008680   0x000000c4   Code   RO          500    i.app_foc_run_align  app_foc.o
    0x08008744   0x08008744   0x000000ac   Code   RO          501    i.app_foc_run_openloop  app_foc.o
    0x080087f0   0x080087f0   0x0000009c   Code   RO          502    i.app_foc_run_run   app_foc.o
    0x0800888c   0x0800888c   0x00000040   Code   RO          503    i.app_foc_sampling_update  app_foc.o
    0x080088cc   0x080088cc   0x00000018   Code   RO          504    i.app_foc_shutdown_outputs  app_foc.o
    0x080088e4   0x080088e4   0x000002c4   Code   RO          505    i.app_foc_update_runtime_snapshot  app_foc.o
    0x08008ba8   0x08008ba8   0x00000020   Code   RO         5679    i.bsp_key_clampf    bsp_key.o
    0x08008bc8   0x08008bc8   0x00000020   Code   RO          350    i.clampf_local      fluxobserver_pll.o
    0x08008be8   0x08008be8   0x00000020   Code   RO          995    i.foc_current_loop_clampf  foc_current_loop.o
    0x08008c08   0x08008c08   0x00000030   Code   RO          996    i.foc_current_loop_clear_feedforward  foc_current_loop.o
    0x08008c38   0x08008c38   0x00000066   Code   RO          997    i.foc_current_loop_limit_vector  foc_current_loop.o
    0x08008c9e   0x08008c9e   0x00000002   PAD
    0x08008ca0   0x08008ca0   0x00000024   Code   RO          998    i.foc_current_loop_ramp_step  foc_current_loop.o
    0x08008cc4   0x08008cc4   0x00000024   Code   RO          999    i.foc_current_loop_set_pi_limit  foc_current_loop.o
    0x08008ce8   0x08008ce8   0x000001b4   Code   RO         1000    i.foc_current_loop_update_feedforward  foc_current_loop.o
    0x08008e9c   0x08008e9c   0x00000018   Code   RO          929    i.foc_pwm_clamp_ccr  foc_pwm.o
    0x08008eb4   0x08008eb4   0x0000013c   Code   RO          930    i.foc_pwm_get_sector_times  foc_pwm.o
    0x08008ff0   0x08008ff0   0x000000cc   Code   RO          931    i.foc_pwm_update_adc_trigger_ccr  foc_pwm.o
    0x080090bc   0x080090bc   0x00000018   Code   RO          816    i.foc_sampling_adc_to_voltage  foc_sampling.o
    0x080090d4   0x080090d4   0x00000030   Code   RO          817    i.foc_sampling_cache_injected_raw_debug  foc_sampling.o
    0x08009104   0x08009104   0x00000018   Code   RO          818    i.foc_sampling_current_from_adc  foc_sampling.o
    0x0800911c   0x0800911c   0x00000134   Code   RO          819    i.foc_sampling_update_currents  foc_sampling.o
    0x08009250   0x08009250   0x00000020   Code   RO         1097    i.foc_speed_loop_clampf  foc_speed_loop.o
    0x08009270   0x08009270   0x0000000a   Code   RO         1098    i.foc_speed_loop_elec_rad_s_to_mech_rad_s  foc_speed_loop.o
    0x0800927a   0x0800927a   0x00000002   PAD
    0x0800927c   0x0800927c   0x000000f0   Code   RO         1290    i.foc_switchover_condition  foc_switchover.o
    0x0800936c   0x0800936c   0x00000084   Code   RO         1291    i.foc_switchover_update_observer_lock  foc_switchover.o
    0x080093f0   0x080093f0   0x00000004   Code   RO         5536    i.fputc             bsp_usart.o
    0x080093f4   0x080093f4   0x0000003e   Code   RO           15    i.main              main.o
    0x08009432   0x08009432   0x00000018   Data   RO         5022    .constdata          stm32g4xx_hal_uart.o
    0x0800944a   0x0800944a   0x00000010   Data   RO         5388    .constdata          stm32g4xx_hal_uart_ex.o
    0x0800945a   0x0800945a   0x00000010   Data   RO         5493    .constdata          system_stm32g4xx.o
    0x0800946a   0x0800946a   0x00000008   Data   RO         5494    .constdata          system_stm32g4xx.o
    0x08009472   0x08009472   0x00000002   PAD
    0x08009474   0x08009474   0x00000020   Data   RO         5681    .constdata          bsp_key.o
    0x08009494   0x08009494   0x00000020   Data   RO         6240    .constdata          m_wm.l(rredf.o)
    0x080094b4   0x080094b4   0x00000052   Data   RO          758    .conststring        app_debug.o
    0x08009506   0x08009506   0x00000002   PAD
    0x08009508   0x08009508   0x00000020   Data   RO         6289    Region$$Table       anon$$obj.o


    Execution Region RW_IRAM1 (Exec base: 0x20000000, Load base: 0x08009528, Size: 0x00000ac0, Max: 0x00020000, ABSOLUTE)

    Exec Addr    Load Addr    Size         Type   Attr      Idx    E Section Name        Object

    0x20000000   0x08009528   0x00000018   Data   RW          352    .data               fluxobserver_pll.o
    0x20000018   0x08009540   0x00000020   Data   RW          507    .data               app_foc.o
    0x20000038   0x08009560   0x00000004   Data   RW          712    .data               app_foc_timing.o
    0x2000003c   0x08009564   0x00000004   Data   RW          759    .data               app_debug.o
    0x20000040   0x08009568   0x0000000c   Data   RW         1910    .data               stm32g4xx_hal.o
    0x2000004c   0x08009574   0x00000004   Data   RW         5495    .data               system_stm32g4xx.o
    0x20000050   0x08009578   0x00000008   Data   RW         5682    .data               bsp_key.o
    0x20000058   0x08009580   0x00000004   Data   RW         5834    .data               bsp_adc.o
    0x2000005c   0x08009584   0x00000004   Data   RW         6258    .data               mc_w.l(stdout.o)
    0x20000060   0x08009588   0x00000004   Data   RW         6268    .data               mc_w.l(errno.o)
    0x20000064        -       0x00000378   Zero   RW          506    .bss                app_foc.o
    0x200003dc        -       0x00000020   Zero   RW          711    .bss                app_foc_timing.o
    0x200003fc        -       0x00000154   Zero   RW         5537    .bss                bsp_usart.o
    0x20000550        -       0x0000004c   Zero   RW         5604    .bss                bsp_tim.o
    0x2000059c        -       0x00000020   Zero   RW         5680    .bss                bsp_key.o
    0x200005bc        -       0x00000028   Zero   RW         5790    .bss                bsp_cordic.o
    0x200005e4        -       0x000000d8   Zero   RW         5833    .bss                bsp_adc.o
    0x200006bc   0x0800958c   0x00000004   PAD
    0x200006c0        -       0x00000400   Zero   RW            1    STACK               startup_stm32g474xx.o


==============================================================================

Image component sizes


      Code (inc. data)   RO Data    RW Data    ZI Data      Debug   Object Name

       260         18         82          4          0       1260   app_debug.o
      4896        334          0         32        888      30286   app_foc.o
       240         42          0          4         32       2923   app_foc_timing.o
       684         58          0          4        216       2858   bsp_adc.o
        76         18          0          0         40       1632   bsp_cordic.o
        60          4          0          0          0        850   bsp_dma.o
       240         16          0          0          0       1079   bsp_gpio.o
       460         70         32          8         32       6182   bsp_key.o
       516         34          0          0         76       2692   bsp_tim.o
       380         36          0          0        340       3360   bsp_usart.o
       192          6          0          0          0       2895   clarke_park.o
       782        102          0         24          0       5702   fluxobserver_pll.o
      1992        116          0          0          0      11807   foc_current_loop.o
        50          0          0          0          0        794   foc_math.o
       284         36          0          0          0       4880   foc_observer.o
       302         62          0          0          0       5144   foc_openloop.o
       108         12          0          0          0       1099   foc_protection.o
      1260         92          0          0          0       6987   foc_pwm.o
       862         54          0          0          0       8155   foc_sampling.o
       666         36          0          0          0       6985   foc_speed_loop.o
       890         70          0          0          0       7490   foc_switchover.o
       198          0          0          0          0     931053   main.o
       244         16          0          0          0       3908   pi_controller.o
        36          8        472          0       1024        836   startup_stm32g474xx.o
       126         20          0         12          0       3693   stm32g4xx_hal.o
      3400        200          0          0          0      84876   stm32g4xx_hal_adc.o
      2814        154          0          0          0      83092   stm32g4xx_hal_adc_ex.o
        52          0          0          0          0       1122   stm32g4xx_hal_cordic.o
       198         14          0          0          0      33839   stm32g4xx_hal_cortex.o
       478         30          0          0          0       3364   stm32g4xx_hal_dma.o
       628         40          0          0          0       3630   stm32g4xx_hal_gpio.o
        56          6          0          0          0        878   stm32g4xx_hal_msp.o
       204         18          0          0          0       1409   stm32g4xx_hal_pwr_ex.o
      1684         88          0          0          0       6268   stm32g4xx_hal_rcc.o
       768         10          0          0          0       1968   stm32g4xx_hal_rcc_ex.o
      3044        320          0          0          0      20978   stm32g4xx_hal_tim.o
       700         82          0          0          0       8569   stm32g4xx_hal_tim_ex.o
      1548         76         24          0          0      26318   stm32g4xx_hal_uart.o
       282          6         16          0          0       3677   stm32g4xx_hal_uart_ex.o
        92         28          0          0          0       7594   stm32g4xx_it.o
        16          4         24          4          0       1127   system_stm32g4xx.o

    ----------------------------------------------------------------------
     31820       2336        686         92       2652    1343259   Object Totals
         0          0         32          0          0          0   (incl. Generated)
        52          0          4          0          4          0   (incl. Padding)

    ----------------------------------------------------------------------

      Code (inc. data)   RO Data    RW Data    ZI Data      Debug   Library Member Name

       684         90          0          0          0        208   atan2f.o
       336         56          0          0          0        136   cosf.o
        38          0          0          0          0        116   fpclassifyf.o
        44         12          0          0          0        464   funder.o
       340         24         32          0          0        160   rredf.o
       400         56          0          0          0        212   sinf.o
        58          0          0          0          0        136   sqrtf.o
         0          0          0          0          0          0   entry.o
         0          0          0          0          0          0   entry10a.o
         0          0          0          0          0          0   entry11a.o
         4          0          0          0          0          0   entry12b.o
         8          4          0          0          0          0   entry2.o
         4          0          0          0          0          0   entry5.o
         0          0          0          0          0          0   entry7b.o
         0          0          0          0          0          0   entry8b.o
         8          4          0          0          0          0   entry9a.o
        12          6          0          4          0         68   errno.o
        30          0          0          0          0          0   handlers.o
        36          8          0          0          0         68   init.o
         0          0          0          0          0          0   iusefp.o
        30          0          0          0          0         68   llshl.o
        36          0          0          0          0         68   llsshr.o
        32          0          0          0          0         68   llushr.o
        36          0          0          0          0         68   memcpya.o
        36          0          0          0          0        108   memseta.o
      2218         90          0          0          0        464   printfa.o
         0          0          0          4          0          0   stdout.o
        44          0          0          0          0         80   uidiv.o
        98          0          0          0          0         92   uldiv.o
        48          0          0          0          0         68   cdrcmple.o
       334          0          0          0          0        148   dadd.o
       222          0          0          0          0        100   ddiv.o
       186          0          0          0          0        176   depilogue.o
        48          0          0          0          0         68   dfixul.o
       228          0          0          0          0         96   dmul.o
        38          0          0          0          0         68   f2d.o

    ----------------------------------------------------------------------
      5646        350         32          8          0       3308   Library Totals
        10          0          0          0          0          0   (incl. Padding)

    ----------------------------------------------------------------------

      Code (inc. data)   RO Data    RW Data    ZI Data      Debug   Library Name

      1900        238         32          0          0       1432   m_wm.l
      2632        112          0          8          0       1152   mc_w.l
      1104          0          0          0          0        724   mf_w.l

    ----------------------------------------------------------------------
      5646        350         32          8          0       3308   Library Totals

    ----------------------------------------------------------------------

==============================================================================


      Code (inc. data)   RO Data    RW Data    ZI Data      Debug   

     37466       2686        718        100       2652    1320487   Grand Totals
     37466       2686        718        100       2652    1320487   ELF Image Totals
     37466       2686        718        100          0          0   ROM Totals

==============================================================================

    Total RO  Size (Code + RO Data)                38184 (  37.29kB)
    Total RW  Size (RW Data + ZI Data)              2752 (   2.69kB)
    Total ROM Size (Code + RO Data + RW Data)      38284 (  37.39kB)

==============================================================================

