<!doctype html public "-//w3c//dtd html 4.0 transitional//en">
<html><head>
<title>Static Call Graph - [Objects\STM32G474_20260408.axf]</title></head>
<body><HR>
<H1>Static Call Graph for image Objects\STM32G474_20260408.axf</H1><HR>
<BR><P>#&#060CALLGRAPH&#062# ARM Linker, 5060960: Last Updated: Sun Apr 26 21:40:34 2026
<BR><P>
<H3>Maximum Stack Usage =        384 bytes + Unknown(Cycles, Untraceable Function Pointers)</H3><H3>
Call chain for Maximum Stack Depth:</H3>
EXTI15_10_IRQHandler &rArr; HAL_GPIO_EXTI_IRQHandler &rArr; HAL_GPIO_EXTI_Callback &rArr; BSP_KEY_EXTI_Callback &rArr; AppFoc_Start &rArr; app_foc_update_runtime_snapshot &rArr; app_foc_fill_runtime_snapshot &rArr; FOC_ObserverGetFluxThetaRad &rArr; __hardfp_atan2f
<P>
<H3>
Mutually Recursive functions
</H3> <LI><a href="#[39]">ADC3_IRQHandler</a>&nbsp;&nbsp;&nbsp;&rArr;&nbsp;&nbsp;&nbsp;<a href="#[39]">ADC3_IRQHandler</a><BR>
 <LI><a href="#[4]">BusFault_Handler</a>&nbsp;&nbsp;&nbsp;&rArr;&nbsp;&nbsp;&nbsp;<a href="#[4]">BusFault_Handler</a><BR>
 <LI><a href="#[2]">HardFault_Handler</a>&nbsp;&nbsp;&nbsp;&rArr;&nbsp;&nbsp;&nbsp;<a href="#[2]">HardFault_Handler</a><BR>
 <LI><a href="#[3]">MemManage_Handler</a>&nbsp;&nbsp;&nbsp;&rArr;&nbsp;&nbsp;&nbsp;<a href="#[3]">MemManage_Handler</a><BR>
 <LI><a href="#[1]">NMI_Handler</a>&nbsp;&nbsp;&nbsp;&rArr;&nbsp;&nbsp;&nbsp;<a href="#[1]">NMI_Handler</a><BR>
 <LI><a href="#[5]">UsageFault_Handler</a>&nbsp;&nbsp;&nbsp;&rArr;&nbsp;&nbsp;&nbsp;<a href="#[5]">UsageFault_Handler</a><BR>
</UL>
<P>
<H3>
Function Pointers
</H3><UL>
 <LI><a href="#[1c]">ADC1_2_IRQHandler</a> from stm32g4xx_it.o(i.ADC1_2_IRQHandler) referenced from startup_stm32g474xx.o(RESET)
 <LI><a href="#[39]">ADC3_IRQHandler</a> from startup_stm32g474xx.o(.text) referenced from startup_stm32g474xx.o(RESET)
 <LI><a href="#[47]">ADC4_IRQHandler</a> from startup_stm32g474xx.o(.text) referenced from startup_stm32g474xx.o(RESET)
 <LI><a href="#[48]">ADC5_IRQHandler</a> from startup_stm32g474xx.o(.text) referenced from startup_stm32g474xx.o(RESET)
 <LI><a href="#[4]">BusFault_Handler</a> from stm32g4xx_it.o(i.BusFault_Handler) referenced from startup_stm32g474xx.o(RESET)
 <LI><a href="#[4a]">COMP1_2_3_IRQHandler</a> from startup_stm32g474xx.o(.text) referenced from startup_stm32g474xx.o(RESET)
 <LI><a href="#[4b]">COMP4_5_6_IRQHandler</a> from startup_stm32g474xx.o(.text) referenced from startup_stm32g474xx.o(RESET)
 <LI><a href="#[4c]">COMP7_IRQHandler</a> from startup_stm32g474xx.o(.text) referenced from startup_stm32g474xx.o(RESET)
 <LI><a href="#[6d]">CORDIC_IRQHandler</a> from startup_stm32g474xx.o(.text) referenced from startup_stm32g474xx.o(RESET)
 <LI><a href="#[55]">CRS_IRQHandler</a> from startup_stm32g474xx.o(.text) referenced from startup_stm32g474xx.o(RESET)
 <LI><a href="#[15]">DMA1_Channel1_IRQHandler</a> from stm32g4xx_it.o(i.DMA1_Channel1_IRQHandler) referenced from startup_stm32g474xx.o(RESET)
 <LI><a href="#[16]">DMA1_Channel2_IRQHandler</a> from startup_stm32g474xx.o(.text) referenced from startup_stm32g474xx.o(RESET)
 <LI><a href="#[17]">DMA1_Channel3_IRQHandler</a> from startup_stm32g474xx.o(.text) referenced from startup_stm32g474xx.o(RESET)
 <LI><a href="#[18]">DMA1_Channel4_IRQHandler</a> from startup_stm32g474xx.o(.text) referenced from startup_stm32g474xx.o(RESET)
 <LI><a href="#[19]">DMA1_Channel5_IRQHandler</a> from startup_stm32g474xx.o(.text) referenced from startup_stm32g474xx.o(RESET)
 <LI><a href="#[1a]">DMA1_Channel6_IRQHandler</a> from startup_stm32g474xx.o(.text) referenced from startup_stm32g474xx.o(RESET)
 <LI><a href="#[1b]">DMA1_Channel7_IRQHandler</a> from startup_stm32g474xx.o(.text) referenced from startup_stm32g474xx.o(RESET)
 <LI><a href="#[69]">DMA1_Channel8_IRQHandler</a> from startup_stm32g474xx.o(.text) referenced from startup_stm32g474xx.o(RESET)
 <LI><a href="#[42]">DMA2_Channel1_IRQHandler</a> from startup_stm32g474xx.o(.text) referenced from startup_stm32g474xx.o(RESET)
 <LI><a href="#[43]">DMA2_Channel2_IRQHandler</a> from startup_stm32g474xx.o(.text) referenced from startup_stm32g474xx.o(RESET)
 <LI><a href="#[44]">DMA2_Channel3_IRQHandler</a> from startup_stm32g474xx.o(.text) referenced from startup_stm32g474xx.o(RESET)
 <LI><a href="#[45]">DMA2_Channel4_IRQHandler</a> from startup_stm32g474xx.o(.text) referenced from startup_stm32g474xx.o(RESET)
 <LI><a href="#[46]">DMA2_Channel5_IRQHandler</a> from startup_stm32g474xx.o(.text) referenced from startup_stm32g474xx.o(RESET)
 <LI><a href="#[6a]">DMA2_Channel6_IRQHandler</a> from startup_stm32g474xx.o(.text) referenced from startup_stm32g474xx.o(RESET)
 <LI><a href="#[6b]">DMA2_Channel7_IRQHandler</a> from startup_stm32g474xx.o(.text) referenced from startup_stm32g474xx.o(RESET)
 <LI><a href="#[6c]">DMA2_Channel8_IRQHandler</a> from startup_stm32g474xx.o(.text) referenced from startup_stm32g474xx.o(RESET)
 <LI><a href="#[67]">DMAMUX_OVR_IRQHandler</a> from startup_stm32g474xx.o(.text) referenced from startup_stm32g474xx.o(RESET)
 <LI><a href="#[7]">DebugMon_Handler</a> from stm32g4xx_it.o(i.DebugMon_Handler) referenced from startup_stm32g474xx.o(RESET)
 <LI><a href="#[10]">EXTI0_IRQHandler</a> from startup_stm32g474xx.o(.text) referenced from startup_stm32g474xx.o(RESET)
 <LI><a href="#[32]">EXTI15_10_IRQHandler</a> from stm32g4xx_it.o(i.EXTI15_10_IRQHandler) referenced from startup_stm32g474xx.o(RESET)
 <LI><a href="#[11]">EXTI1_IRQHandler</a> from startup_stm32g474xx.o(.text) referenced from startup_stm32g474xx.o(RESET)
 <LI><a href="#[12]">EXTI2_IRQHandler</a> from startup_stm32g474xx.o(.text) referenced from startup_stm32g474xx.o(RESET)
 <LI><a href="#[13]">EXTI3_IRQHandler</a> from startup_stm32g474xx.o(.text) referenced from startup_stm32g474xx.o(RESET)
 <LI><a href="#[14]">EXTI4_IRQHandler</a> from startup_stm32g474xx.o(.text) referenced from startup_stm32g474xx.o(RESET)
 <LI><a href="#[21]">EXTI9_5_IRQHandler</a> from startup_stm32g474xx.o(.text) referenced from startup_stm32g474xx.o(RESET)
 <LI><a href="#[1f]">FDCAN1_IT0_IRQHandler</a> from startup_stm32g474xx.o(.text) referenced from startup_stm32g474xx.o(RESET)
 <LI><a href="#[20]">FDCAN1_IT1_IRQHandler</a> from startup_stm32g474xx.o(.text) referenced from startup_stm32g474xx.o(RESET)
 <LI><a href="#[5f]">FDCAN2_IT0_IRQHandler</a> from startup_stm32g474xx.o(.text) referenced from startup_stm32g474xx.o(RESET)
 <LI><a href="#[60]">FDCAN2_IT1_IRQHandler</a> from startup_stm32g474xx.o(.text) referenced from startup_stm32g474xx.o(RESET)
 <LI><a href="#[61]">FDCAN3_IT0_IRQHandler</a> from startup_stm32g474xx.o(.text) referenced from startup_stm32g474xx.o(RESET)
 <LI><a href="#[62]">FDCAN3_IT1_IRQHandler</a> from startup_stm32g474xx.o(.text) referenced from startup_stm32g474xx.o(RESET)
 <LI><a href="#[e]">FLASH_IRQHandler</a> from startup_stm32g474xx.o(.text) referenced from startup_stm32g474xx.o(RESET)
 <LI><a href="#[6e]">FMAC_IRQHandler</a> from startup_stm32g474xx.o(.text) referenced from startup_stm32g474xx.o(RESET)
 <LI><a href="#[3a]">FMC_IRQHandler</a> from startup_stm32g474xx.o(.text) referenced from startup_stm32g474xx.o(RESET)
 <LI><a href="#[5b]">FPU_IRQHandler</a> from startup_stm32g474xx.o(.text) referenced from startup_stm32g474xx.o(RESET)
 <LI><a href="#[53]">HRTIM1_FLT_IRQHandler</a> from startup_stm32g474xx.o(.text) referenced from startup_stm32g474xx.o(RESET)
 <LI><a href="#[4d]">HRTIM1_Master_IRQHandler</a> from startup_stm32g474xx.o(.text) referenced from startup_stm32g474xx.o(RESET)
 <LI><a href="#[4e]">HRTIM1_TIMA_IRQHandler</a> from startup_stm32g474xx.o(.text) referenced from startup_stm32g474xx.o(RESET)
 <LI><a href="#[4f]">HRTIM1_TIMB_IRQHandler</a> from startup_stm32g474xx.o(.text) referenced from startup_stm32g474xx.o(RESET)
 <LI><a href="#[50]">HRTIM1_TIMC_IRQHandler</a> from startup_stm32g474xx.o(.text) referenced from startup_stm32g474xx.o(RESET)
 <LI><a href="#[51]">HRTIM1_TIMD_IRQHandler</a> from startup_stm32g474xx.o(.text) referenced from startup_stm32g474xx.o(RESET)
 <LI><a href="#[52]">HRTIM1_TIME_IRQHandler</a> from startup_stm32g474xx.o(.text) referenced from startup_stm32g474xx.o(RESET)
 <LI><a href="#[54]">HRTIM1_TIMF_IRQHandler</a> from startup_stm32g474xx.o(.text) referenced from startup_stm32g474xx.o(RESET)
 <LI><a href="#[2]">HardFault_Handler</a> from stm32g4xx_it.o(i.HardFault_Handler) referenced from startup_stm32g474xx.o(RESET)
 <LI><a href="#[2a]">I2C1_ER_IRQHandler</a> from startup_stm32g474xx.o(.text) referenced from startup_stm32g474xx.o(RESET)
 <LI><a href="#[29]">I2C1_EV_IRQHandler</a> from startup_stm32g474xx.o(.text) referenced from startup_stm32g474xx.o(RESET)
 <LI><a href="#[2c]">I2C2_ER_IRQHandler</a> from startup_stm32g474xx.o(.text) referenced from startup_stm32g474xx.o(RESET)
 <LI><a href="#[2b]">I2C2_EV_IRQHandler</a> from startup_stm32g474xx.o(.text) referenced from startup_stm32g474xx.o(RESET)
 <LI><a href="#[66]">I2C3_ER_IRQHandler</a> from startup_stm32g474xx.o(.text) referenced from startup_stm32g474xx.o(RESET)
 <LI><a href="#[65]">I2C3_EV_IRQHandler</a> from startup_stm32g474xx.o(.text) referenced from startup_stm32g474xx.o(RESET)
 <LI><a href="#[5d]">I2C4_ER_IRQHandler</a> from startup_stm32g474xx.o(.text) referenced from startup_stm32g474xx.o(RESET)
 <LI><a href="#[5c]">I2C4_EV_IRQHandler</a> from startup_stm32g474xx.o(.text) referenced from startup_stm32g474xx.o(RESET)
 <LI><a href="#[3b]">LPTIM1_IRQHandler</a> from startup_stm32g474xx.o(.text) referenced from startup_stm32g474xx.o(RESET)
 <LI><a href="#[64]">LPUART1_IRQHandler</a> from startup_stm32g474xx.o(.text) referenced from startup_stm32g474xx.o(RESET)
 <LI><a href="#[3]">MemManage_Handler</a> from stm32g4xx_it.o(i.MemManage_Handler) referenced from startup_stm32g474xx.o(RESET)
 <LI><a href="#[1]">NMI_Handler</a> from stm32g4xx_it.o(i.NMI_Handler) referenced from startup_stm32g474xx.o(RESET)
 <LI><a href="#[b]">PVD_PVM_IRQHandler</a> from startup_stm32g474xx.o(.text) referenced from startup_stm32g474xx.o(RESET)
 <LI><a href="#[8]">PendSV_Handler</a> from stm32g4xx_it.o(i.PendSV_Handler) referenced from startup_stm32g474xx.o(RESET)
 <LI><a href="#[68]">QUADSPI_IRQHandler</a> from startup_stm32g474xx.o(.text) referenced from startup_stm32g474xx.o(RESET)
 <LI><a href="#[f]">RCC_IRQHandler</a> from startup_stm32g474xx.o(.text) referenced from startup_stm32g474xx.o(RESET)
 <LI><a href="#[63]">RNG_IRQHandler</a> from startup_stm32g474xx.o(.text) referenced from startup_stm32g474xx.o(RESET)
 <LI><a href="#[33]">RTC_Alarm_IRQHandler</a> from startup_stm32g474xx.o(.text) referenced from startup_stm32g474xx.o(RESET)
 <LI><a href="#[c]">RTC_TAMP_LSECSS_IRQHandler</a> from startup_stm32g474xx.o(.text) referenced from startup_stm32g474xx.o(RESET)
 <LI><a href="#[d]">RTC_WKUP_IRQHandler</a> from startup_stm32g474xx.o(.text) referenced from startup_stm32g474xx.o(RESET)
 <LI><a href="#[0]">Reset_Handler</a> from startup_stm32g474xx.o(.text) referenced from startup_stm32g474xx.o(RESET)
 <LI><a href="#[56]">SAI1_IRQHandler</a> from startup_stm32g474xx.o(.text) referenced from startup_stm32g474xx.o(RESET)
 <LI><a href="#[2d]">SPI1_IRQHandler</a> from startup_stm32g474xx.o(.text) referenced from startup_stm32g474xx.o(RESET)
 <LI><a href="#[2e]">SPI2_IRQHandler</a> from startup_stm32g474xx.o(.text) referenced from startup_stm32g474xx.o(RESET)
 <LI><a href="#[3d]">SPI3_IRQHandler</a> from startup_stm32g474xx.o(.text) referenced from startup_stm32g474xx.o(RESET)
 <LI><a href="#[5e]">SPI4_IRQHandler</a> from startup_stm32g474xx.o(.text) referenced from startup_stm32g474xx.o(RESET)
 <LI><a href="#[6]">SVC_Handler</a> from stm32g4xx_it.o(i.SVC_Handler) referenced from startup_stm32g474xx.o(RESET)
 <LI><a href="#[9]">SysTick_Handler</a> from stm32g4xx_it.o(i.SysTick_Handler) referenced from startup_stm32g474xx.o(RESET)
 <LI><a href="#[70]">SystemInit</a> from system_stm32g4xx.o(i.SystemInit) referenced from startup_stm32g474xx.o(.text)
 <LI><a href="#[22]">TIM1_BRK_TIM15_IRQHandler</a> from stm32g4xx_it.o(i.TIM1_BRK_TIM15_IRQHandler) referenced from startup_stm32g474xx.o(RESET)
 <LI><a href="#[25]">TIM1_CC_IRQHandler</a> from startup_stm32g474xx.o(.text) referenced from startup_stm32g474xx.o(RESET)
 <LI><a href="#[24]">TIM1_TRG_COM_TIM17_IRQHandler</a> from startup_stm32g474xx.o(.text) referenced from startup_stm32g474xx.o(RESET)
 <LI><a href="#[23]">TIM1_UP_TIM16_IRQHandler</a> from stm32g4xx_it.o(i.TIM1_UP_TIM16_IRQHandler) referenced from startup_stm32g474xx.o(RESET)
 <LI><a href="#[57]">TIM20_BRK_IRQHandler</a> from startup_stm32g474xx.o(.text) referenced from startup_stm32g474xx.o(RESET)
 <LI><a href="#[5a]">TIM20_CC_IRQHandler</a> from startup_stm32g474xx.o(.text) referenced from startup_stm32g474xx.o(RESET)
 <LI><a href="#[59]">TIM20_TRG_COM_IRQHandler</a> from startup_stm32g474xx.o(.text) referenced from startup_stm32g474xx.o(RESET)
 <LI><a href="#[58]">TIM20_UP_IRQHandler</a> from startup_stm32g474xx.o(.text) referenced from startup_stm32g474xx.o(RESET)
 <LI><a href="#[26]">TIM2_IRQHandler</a> from startup_stm32g474xx.o(.text) referenced from startup_stm32g474xx.o(RESET)
 <LI><a href="#[27]">TIM3_IRQHandler</a> from startup_stm32g474xx.o(.text) referenced from startup_stm32g474xx.o(RESET)
 <LI><a href="#[28]">TIM4_IRQHandler</a> from startup_stm32g474xx.o(.text) referenced from startup_stm32g474xx.o(RESET)
 <LI><a href="#[3c]">TIM5_IRQHandler</a> from startup_stm32g474xx.o(.text) referenced from startup_stm32g474xx.o(RESET)
 <LI><a href="#[40]">TIM6_DAC_IRQHandler</a> from startup_stm32g474xx.o(.text) referenced from startup_stm32g474xx.o(RESET)
 <LI><a href="#[41]">TIM7_DAC_IRQHandler</a> from startup_stm32g474xx.o(.text) referenced from startup_stm32g474xx.o(RESET)
 <LI><a href="#[35]">TIM8_BRK_IRQHandler</a> from startup_stm32g474xx.o(.text) referenced from startup_stm32g474xx.o(RESET)
 <LI><a href="#[38]">TIM8_CC_IRQHandler</a> from startup_stm32g474xx.o(.text) referenced from startup_stm32g474xx.o(RESET)
 <LI><a href="#[37]">TIM8_TRG_COM_IRQHandler</a> from startup_stm32g474xx.o(.text) referenced from startup_stm32g474xx.o(RESET)
 <LI><a href="#[36]">TIM8_UP_IRQHandler</a> from startup_stm32g474xx.o(.text) referenced from startup_stm32g474xx.o(RESET)
 <LI><a href="#[3e]">UART4_IRQHandler</a> from startup_stm32g474xx.o(.text) referenced from startup_stm32g474xx.o(RESET)
 <LI><a href="#[3f]">UART5_IRQHandler</a> from startup_stm32g474xx.o(.text) referenced from startup_stm32g474xx.o(RESET)
 <LI><a href="#[49]">UCPD1_IRQHandler</a> from startup_stm32g474xx.o(.text) referenced from startup_stm32g474xx.o(RESET)
 <LI><a href="#[2f]">USART1_IRQHandler</a> from startup_stm32g474xx.o(.text) referenced from startup_stm32g474xx.o(RESET)
 <LI><a href="#[30]">USART2_IRQHandler</a> from startup_stm32g474xx.o(.text) referenced from startup_stm32g474xx.o(RESET)
 <LI><a href="#[31]">USART3_IRQHandler</a> from startup_stm32g474xx.o(.text) referenced from startup_stm32g474xx.o(RESET)
 <LI><a href="#[34]">USBWakeUp_IRQHandler</a> from startup_stm32g474xx.o(.text) referenced from startup_stm32g474xx.o(RESET)
 <LI><a href="#[1d]">USB_HP_IRQHandler</a> from startup_stm32g474xx.o(.text) referenced from startup_stm32g474xx.o(RESET)
 <LI><a href="#[1e]">USB_LP_IRQHandler</a> from startup_stm32g474xx.o(.text) referenced from startup_stm32g474xx.o(RESET)
 <LI><a href="#[5]">UsageFault_Handler</a> from stm32g4xx_it.o(i.UsageFault_Handler) referenced from startup_stm32g474xx.o(RESET)
 <LI><a href="#[a]">WWDG_IRQHandler</a> from startup_stm32g474xx.o(.text) referenced from startup_stm32g474xx.o(RESET)
 <LI><a href="#[71]">__main</a> from entry.o(.ARM.Collect$$$$00000000) referenced from startup_stm32g474xx.o(.text)
 <LI><a href="#[6f]">main</a> from main.o(i.main) referenced from entry9a.o(.ARM.Collect$$$$0000000B)
</UL>
<P>
<H3>
Global Symbols
</H3>
<P><STRONG><a name="[71]"></a>__main</STRONG> (Thumb, 0 bytes, Stack size unknown bytes, entry.o(.ARM.Collect$$$$00000000))
<BR>[Address Reference Count : 1]<UL><LI> startup_stm32g474xx.o(.text)
</UL>
<P><STRONG><a name="[169]"></a>_main_stk</STRONG> (Thumb, 0 bytes, Stack size unknown bytes, entry2.o(.ARM.Collect$$$$00000001))

<P><STRONG><a name="[72]"></a>_main_scatterload</STRONG> (Thumb, 0 bytes, Stack size unknown bytes, entry5.o(.ARM.Collect$$$$00000004))
<BR><BR>[Calls]<UL><LI><a href="#[73]">&gt;&gt;</a>&nbsp;&nbsp;&nbsp;__scatterload
</UL>

<P><STRONG><a name="[7a]"></a>__main_after_scatterload</STRONG> (Thumb, 0 bytes, Stack size unknown bytes, entry5.o(.ARM.Collect$$$$00000004))
<BR><BR>[Called By]<UL><LI><a href="#[73]">&gt;&gt;</a>&nbsp;&nbsp;&nbsp;__scatterload
</UL>

<P><STRONG><a name="[16a]"></a>_main_clock</STRONG> (Thumb, 0 bytes, Stack size unknown bytes, entry7b.o(.ARM.Collect$$$$00000008))

<P><STRONG><a name="[16b]"></a>_main_cpp_init</STRONG> (Thumb, 0 bytes, Stack size unknown bytes, entry8b.o(.ARM.Collect$$$$0000000A))

<P><STRONG><a name="[16c]"></a>_main_init</STRONG> (Thumb, 0 bytes, Stack size unknown bytes, entry9a.o(.ARM.Collect$$$$0000000B))

<P><STRONG><a name="[16d]"></a>__rt_lib_shutdown_fini</STRONG> (Thumb, 0 bytes, Stack size unknown bytes, entry12b.o(.ARM.Collect$$$$0000000E))

<P><STRONG><a name="[16e]"></a>__rt_final_cpp</STRONG> (Thumb, 0 bytes, Stack size unknown bytes, entry10a.o(.ARM.Collect$$$$0000000F))

<P><STRONG><a name="[16f]"></a>__rt_final_exit</STRONG> (Thumb, 0 bytes, Stack size unknown bytes, entry11a.o(.ARM.Collect$$$$00000011))

<P><STRONG><a name="[0]"></a>Reset_Handler</STRONG> (Thumb, 8 bytes, Stack size 0 bytes, startup_stm32g474xx.o(.text))
<BR>[Address Reference Count : 1]<UL><LI> startup_stm32g474xx.o(RESET)
</UL>
<P><STRONG><a name="[39]"></a>ADC3_IRQHandler</STRONG> (Thumb, 0 bytes, Stack size 0 bytes, startup_stm32g474xx.o(.text))
<BR><BR>[Calls]<UL><LI><a href="#[39]">&gt;&gt;</a>&nbsp;&nbsp;&nbsp;ADC3_IRQHandler
</UL>
<BR>[Called By]<UL><LI><a href="#[39]">&gt;&gt;</a>&nbsp;&nbsp;&nbsp;ADC3_IRQHandler
</UL>
<BR>[Address Reference Count : 1]<UL><LI> startup_stm32g474xx.o(RESET)
</UL>
<P><STRONG><a name="[47]"></a>ADC4_IRQHandler</STRONG> (Thumb, 0 bytes, Stack size 0 bytes, startup_stm32g474xx.o(.text))
<BR>[Address Reference Count : 1]<UL><LI> startup_stm32g474xx.o(RESET)
</UL>
<P><STRONG><a name="[48]"></a>ADC5_IRQHandler</STRONG> (Thumb, 0 bytes, Stack size 0 bytes, startup_stm32g474xx.o(.text))
<BR>[Address Reference Count : 1]<UL><LI> startup_stm32g474xx.o(RESET)
</UL>
<P><STRONG><a name="[4a]"></a>COMP1_2_3_IRQHandler</STRONG> (Thumb, 0 bytes, Stack size 0 bytes, startup_stm32g474xx.o(.text))
<BR>[Address Reference Count : 1]<UL><LI> startup_stm32g474xx.o(RESET)
</UL>
<P><STRONG><a name="[4b]"></a>COMP4_5_6_IRQHandler</STRONG> (Thumb, 0 bytes, Stack size 0 bytes, startup_stm32g474xx.o(.text))
<BR>[Address Reference Count : 1]<UL><LI> startup_stm32g474xx.o(RESET)
</UL>
<P><STRONG><a name="[4c]"></a>COMP7_IRQHandler</STRONG> (Thumb, 0 bytes, Stack size 0 bytes, startup_stm32g474xx.o(.text))
<BR>[Address Reference Count : 1]<UL><LI> startup_stm32g474xx.o(RESET)
</UL>
<P><STRONG><a name="[6d]"></a>CORDIC_IRQHandler</STRONG> (Thumb, 0 bytes, Stack size 0 bytes, startup_stm32g474xx.o(.text))
<BR>[Address Reference Count : 1]<UL><LI> startup_stm32g474xx.o(RESET)
</UL>
<P><STRONG><a name="[55]"></a>CRS_IRQHandler</STRONG> (Thumb, 0 bytes, Stack size 0 bytes, startup_stm32g474xx.o(.text))
<BR>[Address Reference Count : 1]<UL><LI> startup_stm32g474xx.o(RESET)
</UL>
<P><STRONG><a name="[16]"></a>DMA1_Channel2_IRQHandler</STRONG> (Thumb, 0 bytes, Stack size 0 bytes, startup_stm32g474xx.o(.text))
<BR>[Address Reference Count : 1]<UL><LI> startup_stm32g474xx.o(RESET)
</UL>
<P><STRONG><a name="[17]"></a>DMA1_Channel3_IRQHandler</STRONG> (Thumb, 0 bytes, Stack size 0 bytes, startup_stm32g474xx.o(.text))
<BR>[Address Reference Count : 1]<UL><LI> startup_stm32g474xx.o(RESET)
</UL>
<P><STRONG><a name="[18]"></a>DMA1_Channel4_IRQHandler</STRONG> (Thumb, 0 bytes, Stack size 0 bytes, startup_stm32g474xx.o(.text))
<BR>[Address Reference Count : 1]<UL><LI> startup_stm32g474xx.o(RESET)
</UL>
<P><STRONG><a name="[19]"></a>DMA1_Channel5_IRQHandler</STRONG> (Thumb, 0 bytes, Stack size 0 bytes, startup_stm32g474xx.o(.text))
<BR>[Address Reference Count : 1]<UL><LI> startup_stm32g474xx.o(RESET)
</UL>
<P><STRONG><a name="[1a]"></a>DMA1_Channel6_IRQHandler</STRONG> (Thumb, 0 bytes, Stack size 0 bytes, startup_stm32g474xx.o(.text))
<BR>[Address Reference Count : 1]<UL><LI> startup_stm32g474xx.o(RESET)
</UL>
<P><STRONG><a name="[1b]"></a>DMA1_Channel7_IRQHandler</STRONG> (Thumb, 0 bytes, Stack size 0 bytes, startup_stm32g474xx.o(.text))
<BR>[Address Reference Count : 1]<UL><LI> startup_stm32g474xx.o(RESET)
</UL>
<P><STRONG><a name="[69]"></a>DMA1_Channel8_IRQHandler</STRONG> (Thumb, 0 bytes, Stack size 0 bytes, startup_stm32g474xx.o(.text))
<BR>[Address Reference Count : 1]<UL><LI> startup_stm32g474xx.o(RESET)
</UL>
<P><STRONG><a name="[42]"></a>DMA2_Channel1_IRQHandler</STRONG> (Thumb, 0 bytes, Stack size 0 bytes, startup_stm32g474xx.o(.text))
<BR>[Address Reference Count : 1]<UL><LI> startup_stm32g474xx.o(RESET)
</UL>
<P><STRONG><a name="[43]"></a>DMA2_Channel2_IRQHandler</STRONG> (Thumb, 0 bytes, Stack size 0 bytes, startup_stm32g474xx.o(.text))
<BR>[Address Reference Count : 1]<UL><LI> startup_stm32g474xx.o(RESET)
</UL>
<P><STRONG><a name="[44]"></a>DMA2_Channel3_IRQHandler</STRONG> (Thumb, 0 bytes, Stack size 0 bytes, startup_stm32g474xx.o(.text))
<BR>[Address Reference Count : 1]<UL><LI> startup_stm32g474xx.o(RESET)
</UL>
<P><STRONG><a name="[45]"></a>DMA2_Channel4_IRQHandler</STRONG> (Thumb, 0 bytes, Stack size 0 bytes, startup_stm32g474xx.o(.text))
<BR>[Address Reference Count : 1]<UL><LI> startup_stm32g474xx.o(RESET)
</UL>
<P><STRONG><a name="[46]"></a>DMA2_Channel5_IRQHandler</STRONG> (Thumb, 0 bytes, Stack size 0 bytes, startup_stm32g474xx.o(.text))
<BR>[Address Reference Count : 1]<UL><LI> startup_stm32g474xx.o(RESET)
</UL>
<P><STRONG><a name="[6a]"></a>DMA2_Channel6_IRQHandler</STRONG> (Thumb, 0 bytes, Stack size 0 bytes, startup_stm32g474xx.o(.text))
<BR>[Address Reference Count : 1]<UL><LI> startup_stm32g474xx.o(RESET)
</UL>
<P><STRONG><a name="[6b]"></a>DMA2_Channel7_IRQHandler</STRONG> (Thumb, 0 bytes, Stack size 0 bytes, startup_stm32g474xx.o(.text))
<BR>[Address Reference Count : 1]<UL><LI> startup_stm32g474xx.o(RESET)
</UL>
<P><STRONG><a name="[6c]"></a>DMA2_Channel8_IRQHandler</STRONG> (Thumb, 0 bytes, Stack size 0 bytes, startup_stm32g474xx.o(.text))
<BR>[Address Reference Count : 1]<UL><LI> startup_stm32g474xx.o(RESET)
</UL>
<P><STRONG><a name="[67]"></a>DMAMUX_OVR_IRQHandler</STRONG> (Thumb, 0 bytes, Stack size 0 bytes, startup_stm32g474xx.o(.text))
<BR>[Address Reference Count : 1]<UL><LI> startup_stm32g474xx.o(RESET)
</UL>
<P><STRONG><a name="[10]"></a>EXTI0_IRQHandler</STRONG> (Thumb, 0 bytes, Stack size 0 bytes, startup_stm32g474xx.o(.text))
<BR>[Address Reference Count : 1]<UL><LI> startup_stm32g474xx.o(RESET)
</UL>
<P><STRONG><a name="[11]"></a>EXTI1_IRQHandler</STRONG> (Thumb, 0 bytes, Stack size 0 bytes, startup_stm32g474xx.o(.text))
<BR>[Address Reference Count : 1]<UL><LI> startup_stm32g474xx.o(RESET)
</UL>
<P><STRONG><a name="[12]"></a>EXTI2_IRQHandler</STRONG> (Thumb, 0 bytes, Stack size 0 bytes, startup_stm32g474xx.o(.text))
<BR>[Address Reference Count : 1]<UL><LI> startup_stm32g474xx.o(RESET)
</UL>
<P><STRONG><a name="[13]"></a>EXTI3_IRQHandler</STRONG> (Thumb, 0 bytes, Stack size 0 bytes, startup_stm32g474xx.o(.text))
<BR>[Address Reference Count : 1]<UL><LI> startup_stm32g474xx.o(RESET)
</UL>
<P><STRONG><a name="[14]"></a>EXTI4_IRQHandler</STRONG> (Thumb, 0 bytes, Stack size 0 bytes, startup_stm32g474xx.o(.text))
<BR>[Address Reference Count : 1]<UL><LI> startup_stm32g474xx.o(RESET)
</UL>
<P><STRONG><a name="[21]"></a>EXTI9_5_IRQHandler</STRONG> (Thumb, 0 bytes, Stack size 0 bytes, startup_stm32g474xx.o(.text))
<BR>[Address Reference Count : 1]<UL><LI> startup_stm32g474xx.o(RESET)
</UL>
<P><STRONG><a name="[1f]"></a>FDCAN1_IT0_IRQHandler</STRONG> (Thumb, 0 bytes, Stack size 0 bytes, startup_stm32g474xx.o(.text))
<BR>[Address Reference Count : 1]<UL><LI> startup_stm32g474xx.o(RESET)
</UL>
<P><STRONG><a name="[20]"></a>FDCAN1_IT1_IRQHandler</STRONG> (Thumb, 0 bytes, Stack size 0 bytes, startup_stm32g474xx.o(.text))
<BR>[Address Reference Count : 1]<UL><LI> startup_stm32g474xx.o(RESET)
</UL>
<P><STRONG><a name="[5f]"></a>FDCAN2_IT0_IRQHandler</STRONG> (Thumb, 0 bytes, Stack size 0 bytes, startup_stm32g474xx.o(.text))
<BR>[Address Reference Count : 1]<UL><LI> startup_stm32g474xx.o(RESET)
</UL>
<P><STRONG><a name="[60]"></a>FDCAN2_IT1_IRQHandler</STRONG> (Thumb, 0 bytes, Stack size 0 bytes, startup_stm32g474xx.o(.text))
<BR>[Address Reference Count : 1]<UL><LI> startup_stm32g474xx.o(RESET)
</UL>
<P><STRONG><a name="[61]"></a>FDCAN3_IT0_IRQHandler</STRONG> (Thumb, 0 bytes, Stack size 0 bytes, startup_stm32g474xx.o(.text))
<BR>[Address Reference Count : 1]<UL><LI> startup_stm32g474xx.o(RESET)
</UL>
<P><STRONG><a name="[62]"></a>FDCAN3_IT1_IRQHandler</STRONG> (Thumb, 0 bytes, Stack size 0 bytes, startup_stm32g474xx.o(.text))
<BR>[Address Reference Count : 1]<UL><LI> startup_stm32g474xx.o(RESET)
</UL>
<P><STRONG><a name="[e]"></a>FLASH_IRQHandler</STRONG> (Thumb, 0 bytes, Stack size 0 bytes, startup_stm32g474xx.o(.text))
<BR>[Address Reference Count : 1]<UL><LI> startup_stm32g474xx.o(RESET)
</UL>
<P><STRONG><a name="[6e]"></a>FMAC_IRQHandler</STRONG> (Thumb, 0 bytes, Stack size 0 bytes, startup_stm32g474xx.o(.text))
<BR>[Address Reference Count : 1]<UL><LI> startup_stm32g474xx.o(RESET)
</UL>
<P><STRONG><a name="[3a]"></a>FMC_IRQHandler</STRONG> (Thumb, 0 bytes, Stack size 0 bytes, startup_stm32g474xx.o(.text))
<BR>[Address Reference Count : 1]<UL><LI> startup_stm32g474xx.o(RESET)
</UL>
<P><STRONG><a name="[5b]"></a>FPU_IRQHandler</STRONG> (Thumb, 0 bytes, Stack size 0 bytes, startup_stm32g474xx.o(.text))
<BR>[Address Reference Count : 1]<UL><LI> startup_stm32g474xx.o(RESET)
</UL>
<P><STRONG><a name="[53]"></a>HRTIM1_FLT_IRQHandler</STRONG> (Thumb, 0 bytes, Stack size 0 bytes, startup_stm32g474xx.o(.text))
<BR>[Address Reference Count : 1]<UL><LI> startup_stm32g474xx.o(RESET)
</UL>
<P><STRONG><a name="[4d]"></a>HRTIM1_Master_IRQHandler</STRONG> (Thumb, 0 bytes, Stack size 0 bytes, startup_stm32g474xx.o(.text))
<BR>[Address Reference Count : 1]<UL><LI> startup_stm32g474xx.o(RESET)
</UL>
<P><STRONG><a name="[4e]"></a>HRTIM1_TIMA_IRQHandler</STRONG> (Thumb, 0 bytes, Stack size 0 bytes, startup_stm32g474xx.o(.text))
<BR>[Address Reference Count : 1]<UL><LI> startup_stm32g474xx.o(RESET)
</UL>
<P><STRONG><a name="[4f]"></a>HRTIM1_TIMB_IRQHandler</STRONG> (Thumb, 0 bytes, Stack size 0 bytes, startup_stm32g474xx.o(.text))
<BR>[Address Reference Count : 1]<UL><LI> startup_stm32g474xx.o(RESET)
</UL>
<P><STRONG><a name="[50]"></a>HRTIM1_TIMC_IRQHandler</STRONG> (Thumb, 0 bytes, Stack size 0 bytes, startup_stm32g474xx.o(.text))
<BR>[Address Reference Count : 1]<UL><LI> startup_stm32g474xx.o(RESET)
</UL>
<P><STRONG><a name="[51]"></a>HRTIM1_TIMD_IRQHandler</STRONG> (Thumb, 0 bytes, Stack size 0 bytes, startup_stm32g474xx.o(.text))
<BR>[Address Reference Count : 1]<UL><LI> startup_stm32g474xx.o(RESET)
</UL>
<P><STRONG><a name="[52]"></a>HRTIM1_TIME_IRQHandler</STRONG> (Thumb, 0 bytes, Stack size 0 bytes, startup_stm32g474xx.o(.text))
<BR>[Address Reference Count : 1]<UL><LI> startup_stm32g474xx.o(RESET)
</UL>
<P><STRONG><a name="[54]"></a>HRTIM1_TIMF_IRQHandler</STRONG> (Thumb, 0 bytes, Stack size 0 bytes, startup_stm32g474xx.o(.text))
<BR>[Address Reference Count : 1]<UL><LI> startup_stm32g474xx.o(RESET)
</UL>
<P><STRONG><a name="[2a]"></a>I2C1_ER_IRQHandler</STRONG> (Thumb, 0 bytes, Stack size 0 bytes, startup_stm32g474xx.o(.text))
<BR>[Address Reference Count : 1]<UL><LI> startup_stm32g474xx.o(RESET)
</UL>
<P><STRONG><a name="[29]"></a>I2C1_EV_IRQHandler</STRONG> (Thumb, 0 bytes, Stack size 0 bytes, startup_stm32g474xx.o(.text))
<BR>[Address Reference Count : 1]<UL><LI> startup_stm32g474xx.o(RESET)
</UL>
<P><STRONG><a name="[2c]"></a>I2C2_ER_IRQHandler</STRONG> (Thumb, 0 bytes, Stack size 0 bytes, startup_stm32g474xx.o(.text))
<BR>[Address Reference Count : 1]<UL><LI> startup_stm32g474xx.o(RESET)
</UL>
<P><STRONG><a name="[2b]"></a>I2C2_EV_IRQHandler</STRONG> (Thumb, 0 bytes, Stack size 0 bytes, startup_stm32g474xx.o(.text))
<BR>[Address Reference Count : 1]<UL><LI> startup_stm32g474xx.o(RESET)
</UL>
<P><STRONG><a name="[66]"></a>I2C3_ER_IRQHandler</STRONG> (Thumb, 0 bytes, Stack size 0 bytes, startup_stm32g474xx.o(.text))
<BR>[Address Reference Count : 1]<UL><LI> startup_stm32g474xx.o(RESET)
</UL>
<P><STRONG><a name="[65]"></a>I2C3_EV_IRQHandler</STRONG> (Thumb, 0 bytes, Stack size 0 bytes, startup_stm32g474xx.o(.text))
<BR>[Address Reference Count : 1]<UL><LI> startup_stm32g474xx.o(RESET)
</UL>
<P><STRONG><a name="[5d]"></a>I2C4_ER_IRQHandler</STRONG> (Thumb, 0 bytes, Stack size 0 bytes, startup_stm32g474xx.o(.text))
<BR>[Address Reference Count : 1]<UL><LI> startup_stm32g474xx.o(RESET)
</UL>
<P><STRONG><a name="[5c]"></a>I2C4_EV_IRQHandler</STRONG> (Thumb, 0 bytes, Stack size 0 bytes, startup_stm32g474xx.o(.text))
<BR>[Address Reference Count : 1]<UL><LI> startup_stm32g474xx.o(RESET)
</UL>
<P><STRONG><a name="[3b]"></a>LPTIM1_IRQHandler</STRONG> (Thumb, 0 bytes, Stack size 0 bytes, startup_stm32g474xx.o(.text))
<BR>[Address Reference Count : 1]<UL><LI> startup_stm32g474xx.o(RESET)
</UL>
<P><STRONG><a name="[64]"></a>LPUART1_IRQHandler</STRONG> (Thumb, 0 bytes, Stack size 0 bytes, startup_stm32g474xx.o(.text))
<BR>[Address Reference Count : 1]<UL><LI> startup_stm32g474xx.o(RESET)
</UL>
<P><STRONG><a name="[b]"></a>PVD_PVM_IRQHandler</STRONG> (Thumb, 0 bytes, Stack size 0 bytes, startup_stm32g474xx.o(.text))
<BR>[Address Reference Count : 1]<UL><LI> startup_stm32g474xx.o(RESET)
</UL>
<P><STRONG><a name="[68]"></a>QUADSPI_IRQHandler</STRONG> (Thumb, 0 bytes, Stack size 0 bytes, startup_stm32g474xx.o(.text))
<BR>[Address Reference Count : 1]<UL><LI> startup_stm32g474xx.o(RESET)
</UL>
<P><STRONG><a name="[f]"></a>RCC_IRQHandler</STRONG> (Thumb, 0 bytes, Stack size 0 bytes, startup_stm32g474xx.o(.text))
<BR>[Address Reference Count : 1]<UL><LI> startup_stm32g474xx.o(RESET)
</UL>
<P><STRONG><a name="[63]"></a>RNG_IRQHandler</STRONG> (Thumb, 0 bytes, Stack size 0 bytes, startup_stm32g474xx.o(.text))
<BR>[Address Reference Count : 1]<UL><LI> startup_stm32g474xx.o(RESET)
</UL>
<P><STRONG><a name="[33]"></a>RTC_Alarm_IRQHandler</STRONG> (Thumb, 0 bytes, Stack size 0 bytes, startup_stm32g474xx.o(.text))
<BR>[Address Reference Count : 1]<UL><LI> startup_stm32g474xx.o(RESET)
</UL>
<P><STRONG><a name="[c]"></a>RTC_TAMP_LSECSS_IRQHandler</STRONG> (Thumb, 0 bytes, Stack size 0 bytes, startup_stm32g474xx.o(.text))
<BR>[Address Reference Count : 1]<UL><LI> startup_stm32g474xx.o(RESET)
</UL>
<P><STRONG><a name="[d]"></a>RTC_WKUP_IRQHandler</STRONG> (Thumb, 0 bytes, Stack size 0 bytes, startup_stm32g474xx.o(.text))
<BR>[Address Reference Count : 1]<UL><LI> startup_stm32g474xx.o(RESET)
</UL>
<P><STRONG><a name="[56]"></a>SAI1_IRQHandler</STRONG> (Thumb, 0 bytes, Stack size 0 bytes, startup_stm32g474xx.o(.text))
<BR>[Address Reference Count : 1]<UL><LI> startup_stm32g474xx.o(RESET)
</UL>
<P><STRONG><a name="[2d]"></a>SPI1_IRQHandler</STRONG> (Thumb, 0 bytes, Stack size 0 bytes, startup_stm32g474xx.o(.text))
<BR>[Address Reference Count : 1]<UL><LI> startup_stm32g474xx.o(RESET)
</UL>
<P><STRONG><a name="[2e]"></a>SPI2_IRQHandler</STRONG> (Thumb, 0 bytes, Stack size 0 bytes, startup_stm32g474xx.o(.text))
<BR>[Address Reference Count : 1]<UL><LI> startup_stm32g474xx.o(RESET)
</UL>
<P><STRONG><a name="[3d]"></a>SPI3_IRQHandler</STRONG> (Thumb, 0 bytes, Stack size 0 bytes, startup_stm32g474xx.o(.text))
<BR>[Address Reference Count : 1]<UL><LI> startup_stm32g474xx.o(RESET)
</UL>
<P><STRONG><a name="[5e]"></a>SPI4_IRQHandler</STRONG> (Thumb, 0 bytes, Stack size 0 bytes, startup_stm32g474xx.o(.text))
<BR>[Address Reference Count : 1]<UL><LI> startup_stm32g474xx.o(RESET)
</UL>
<P><STRONG><a name="[25]"></a>TIM1_CC_IRQHandler</STRONG> (Thumb, 0 bytes, Stack size 0 bytes, startup_stm32g474xx.o(.text))
<BR>[Address Reference Count : 1]<UL><LI> startup_stm32g474xx.o(RESET)
</UL>
<P><STRONG><a name="[24]"></a>TIM1_TRG_COM_TIM17_IRQHandler</STRONG> (Thumb, 0 bytes, Stack size 0 bytes, startup_stm32g474xx.o(.text))
<BR>[Address Reference Count : 1]<UL><LI> startup_stm32g474xx.o(RESET)
</UL>
<P><STRONG><a name="[57]"></a>TIM20_BRK_IRQHandler</STRONG> (Thumb, 0 bytes, Stack size 0 bytes, startup_stm32g474xx.o(.text))
<BR>[Address Reference Count : 1]<UL><LI> startup_stm32g474xx.o(RESET)
</UL>
<P><STRONG><a name="[5a]"></a>TIM20_CC_IRQHandler</STRONG> (Thumb, 0 bytes, Stack size 0 bytes, startup_stm32g474xx.o(.text))
<BR>[Address Reference Count : 1]<UL><LI> startup_stm32g474xx.o(RESET)
</UL>
<P><STRONG><a name="[59]"></a>TIM20_TRG_COM_IRQHandler</STRONG> (Thumb, 0 bytes, Stack size 0 bytes, startup_stm32g474xx.o(.text))
<BR>[Address Reference Count : 1]<UL><LI> startup_stm32g474xx.o(RESET)
</UL>
<P><STRONG><a name="[58]"></a>TIM20_UP_IRQHandler</STRONG> (Thumb, 0 bytes, Stack size 0 bytes, startup_stm32g474xx.o(.text))
<BR>[Address Reference Count : 1]<UL><LI> startup_stm32g474xx.o(RESET)
</UL>
<P><STRONG><a name="[26]"></a>TIM2_IRQHandler</STRONG> (Thumb, 0 bytes, Stack size 0 bytes, startup_stm32g474xx.o(.text))
<BR>[Address Reference Count : 1]<UL><LI> startup_stm32g474xx.o(RESET)
</UL>
<P><STRONG><a name="[27]"></a>TIM3_IRQHandler</STRONG> (Thumb, 0 bytes, Stack size 0 bytes, startup_stm32g474xx.o(.text))
<BR>[Address Reference Count : 1]<UL><LI> startup_stm32g474xx.o(RESET)
</UL>
<P><STRONG><a name="[28]"></a>TIM4_IRQHandler</STRONG> (Thumb, 0 bytes, Stack size 0 bytes, startup_stm32g474xx.o(.text))
<BR>[Address Reference Count : 1]<UL><LI> startup_stm32g474xx.o(RESET)
</UL>
<P><STRONG><a name="[3c]"></a>TIM5_IRQHandler</STRONG> (Thumb, 0 bytes, Stack size 0 bytes, startup_stm32g474xx.o(.text))
<BR>[Address Reference Count : 1]<UL><LI> startup_stm32g474xx.o(RESET)
</UL>
<P><STRONG><a name="[40]"></a>TIM6_DAC_IRQHandler</STRONG> (Thumb, 0 bytes, Stack size 0 bytes, startup_stm32g474xx.o(.text))
<BR>[Address Reference Count : 1]<UL><LI> startup_stm32g474xx.o(RESET)
</UL>
<P><STRONG><a name="[41]"></a>TIM7_DAC_IRQHandler</STRONG> (Thumb, 0 bytes, Stack size 0 bytes, startup_stm32g474xx.o(.text))
<BR>[Address Reference Count : 1]<UL><LI> startup_stm32g474xx.o(RESET)
</UL>
<P><STRONG><a name="[35]"></a>TIM8_BRK_IRQHandler</STRONG> (Thumb, 0 bytes, Stack size 0 bytes, startup_stm32g474xx.o(.text))
<BR>[Address Reference Count : 1]<UL><LI> startup_stm32g474xx.o(RESET)
</UL>
<P><STRONG><a name="[38]"></a>TIM8_CC_IRQHandler</STRONG> (Thumb, 0 bytes, Stack size 0 bytes, startup_stm32g474xx.o(.text))
<BR>[Address Reference Count : 1]<UL><LI> startup_stm32g474xx.o(RESET)
</UL>
<P><STRONG><a name="[37]"></a>TIM8_TRG_COM_IRQHandler</STRONG> (Thumb, 0 bytes, Stack size 0 bytes, startup_stm32g474xx.o(.text))
<BR>[Address Reference Count : 1]<UL><LI> startup_stm32g474xx.o(RESET)
</UL>
<P><STRONG><a name="[36]"></a>TIM8_UP_IRQHandler</STRONG> (Thumb, 0 bytes, Stack size 0 bytes, startup_stm32g474xx.o(.text))
<BR>[Address Reference Count : 1]<UL><LI> startup_stm32g474xx.o(RESET)
</UL>
<P><STRONG><a name="[3e]"></a>UART4_IRQHandler</STRONG> (Thumb, 0 bytes, Stack size 0 bytes, startup_stm32g474xx.o(.text))
<BR>[Address Reference Count : 1]<UL><LI> startup_stm32g474xx.o(RESET)
</UL>
<P><STRONG><a name="[3f]"></a>UART5_IRQHandler</STRONG> (Thumb, 0 bytes, Stack size 0 bytes, startup_stm32g474xx.o(.text))
<BR>[Address Reference Count : 1]<UL><LI> startup_stm32g474xx.o(RESET)
</UL>
<P><STRONG><a name="[49]"></a>UCPD1_IRQHandler</STRONG> (Thumb, 0 bytes, Stack size 0 bytes, startup_stm32g474xx.o(.text))
<BR>[Address Reference Count : 1]<UL><LI> startup_stm32g474xx.o(RESET)
</UL>
<P><STRONG><a name="[2f]"></a>USART1_IRQHandler</STRONG> (Thumb, 0 bytes, Stack size 0 bytes, startup_stm32g474xx.o(.text))
<BR>[Address Reference Count : 1]<UL><LI> startup_stm32g474xx.o(RESET)
</UL>
<P><STRONG><a name="[30]"></a>USART2_IRQHandler</STRONG> (Thumb, 0 bytes, Stack size 0 bytes, startup_stm32g474xx.o(.text))
<BR>[Address Reference Count : 1]<UL><LI> startup_stm32g474xx.o(RESET)
</UL>
<P><STRONG><a name="[31]"></a>USART3_IRQHandler</STRONG> (Thumb, 0 bytes, Stack size 0 bytes, startup_stm32g474xx.o(.text))
<BR>[Address Reference Count : 1]<UL><LI> startup_stm32g474xx.o(RESET)
</UL>
<P><STRONG><a name="[34]"></a>USBWakeUp_IRQHandler</STRONG> (Thumb, 0 bytes, Stack size 0 bytes, startup_stm32g474xx.o(.text))
<BR>[Address Reference Count : 1]<UL><LI> startup_stm32g474xx.o(RESET)
</UL>
<P><STRONG><a name="[1d]"></a>USB_HP_IRQHandler</STRONG> (Thumb, 0 bytes, Stack size 0 bytes, startup_stm32g474xx.o(.text))
<BR>[Address Reference Count : 1]<UL><LI> startup_stm32g474xx.o(RESET)
</UL>
<P><STRONG><a name="[1e]"></a>USB_LP_IRQHandler</STRONG> (Thumb, 0 bytes, Stack size 0 bytes, startup_stm32g474xx.o(.text))
<BR>[Address Reference Count : 1]<UL><LI> startup_stm32g474xx.o(RESET)
</UL>
<P><STRONG><a name="[a]"></a>WWDG_IRQHandler</STRONG> (Thumb, 0 bytes, Stack size 0 bytes, startup_stm32g474xx.o(.text))
<BR>[Address Reference Count : 1]<UL><LI> startup_stm32g474xx.o(RESET)
</UL>
<P><STRONG><a name="[74]"></a>__aeabi_uldivmod</STRONG> (Thumb, 98 bytes, Stack size 40 bytes, uldiv.o(.text))
<BR><BR>[Stack]<UL><LI>Max Depth = 40<LI>Call Chain = __aeabi_uldivmod
</UL>
<BR>[Calls]<UL><LI><a href="#[75]">&gt;&gt;</a>&nbsp;&nbsp;&nbsp;__aeabi_llsr
<LI><a href="#[76]">&gt;&gt;</a>&nbsp;&nbsp;&nbsp;__aeabi_llsl
</UL>
<BR>[Called By]<UL><LI><a href="#[137]">&gt;&gt;</a>&nbsp;&nbsp;&nbsp;UART_SetConfig
</UL>

<P><STRONG><a name="[170]"></a>__aeabi_memcpy</STRONG> (Thumb, 36 bytes, Stack size 0 bytes, memcpya.o(.text), UNUSED)

<P><STRONG><a name="[15a]"></a>__aeabi_memcpy4</STRONG> (Thumb, 0 bytes, Stack size 0 bytes, memcpya.o(.text))
<BR><BR>[Called By]<UL><LI><a href="#[159]">&gt;&gt;</a>&nbsp;&nbsp;&nbsp;app_foc_get_active_command
</UL>

<P><STRONG><a name="[171]"></a>__aeabi_memcpy8</STRONG> (Thumb, 0 bytes, Stack size 0 bytes, memcpya.o(.text), UNUSED)

<P><STRONG><a name="[78]"></a>__aeabi_memset</STRONG> (Thumb, 14 bytes, Stack size 0 bytes, memseta.o(.text), UNUSED)
<BR><BR>[Called By]<UL><LI><a href="#[79]">&gt;&gt;</a>&nbsp;&nbsp;&nbsp;_memset$wrapper
<LI><a href="#[77]">&gt;&gt;</a>&nbsp;&nbsp;&nbsp;__aeabi_memclr
</UL>

<P><STRONG><a name="[172]"></a>__aeabi_memset4</STRONG> (Thumb, 0 bytes, Stack size 0 bytes, memseta.o(.text), UNUSED)

<P><STRONG><a name="[173]"></a>__aeabi_memset8</STRONG> (Thumb, 0 bytes, Stack size 0 bytes, memseta.o(.text), UNUSED)

<P><STRONG><a name="[77]"></a>__aeabi_memclr</STRONG> (Thumb, 4 bytes, Stack size 0 bytes, memseta.o(.text), UNUSED)
<BR><BR>[Calls]<UL><LI><a href="#[78]">&gt;&gt;</a>&nbsp;&nbsp;&nbsp;__aeabi_memset
</UL>

<P><STRONG><a name="[fa]"></a>__aeabi_memclr4</STRONG> (Thumb, 0 bytes, Stack size 0 bytes, memseta.o(.text))
<BR><BR>[Called By]<UL><LI><a href="#[13e]">&gt;&gt;</a>&nbsp;&nbsp;&nbsp;MX_TIM1_Init
<LI><a href="#[13d]">&gt;&gt;</a>&nbsp;&nbsp;&nbsp;MX_GPIO_Init
<LI><a href="#[13a]">&gt;&gt;</a>&nbsp;&nbsp;&nbsp;MX_ADC2_Init
<LI><a href="#[139]">&gt;&gt;</a>&nbsp;&nbsp;&nbsp;MX_ADC1_Init
<LI><a href="#[146]">&gt;&gt;</a>&nbsp;&nbsp;&nbsp;SystemClock_Config
<LI><a href="#[f9]">&gt;&gt;</a>&nbsp;&nbsp;&nbsp;HAL_ADC_MspInit
<LI><a href="#[126]">&gt;&gt;</a>&nbsp;&nbsp;&nbsp;HAL_TIM_MspPostInit
<LI><a href="#[135]">&gt;&gt;</a>&nbsp;&nbsp;&nbsp;HAL_UART_MspInit
</UL>

<P><STRONG><a name="[174]"></a>__aeabi_memclr8</STRONG> (Thumb, 0 bytes, Stack size 0 bytes, memseta.o(.text), UNUSED)

<P><STRONG><a name="[79]"></a>_memset$wrapper</STRONG> (Thumb, 18 bytes, Stack size 8 bytes, memseta.o(.text), UNUSED)
<BR><BR>[Calls]<UL><LI><a href="#[78]">&gt;&gt;</a>&nbsp;&nbsp;&nbsp;__aeabi_memset
</UL>

<P><STRONG><a name="[76]"></a>__aeabi_llsl</STRONG> (Thumb, 30 bytes, Stack size 0 bytes, llshl.o(.text))
<BR><BR>[Called By]<UL><LI><a href="#[74]">&gt;&gt;</a>&nbsp;&nbsp;&nbsp;__aeabi_uldivmod
</UL>

<P><STRONG><a name="[175]"></a>_ll_shift_l</STRONG> (Thumb, 0 bytes, Stack size 0 bytes, llshl.o(.text), UNUSED)

<P><STRONG><a name="[75]"></a>__aeabi_llsr</STRONG> (Thumb, 32 bytes, Stack size 0 bytes, llushr.o(.text))
<BR><BR>[Called By]<UL><LI><a href="#[74]">&gt;&gt;</a>&nbsp;&nbsp;&nbsp;__aeabi_uldivmod
</UL>

<P><STRONG><a name="[176]"></a>_ll_ushift_r</STRONG> (Thumb, 0 bytes, Stack size 0 bytes, llushr.o(.text), UNUSED)

<P><STRONG><a name="[177]"></a>__I$use$fp</STRONG> (Thumb, 0 bytes, Stack size 0 bytes, iusefp.o(.text), UNUSED)

<P><STRONG><a name="[73]"></a>__scatterload</STRONG> (Thumb, 28 bytes, Stack size 0 bytes, init.o(.text))
<BR><BR>[Calls]<UL><LI><a href="#[7a]">&gt;&gt;</a>&nbsp;&nbsp;&nbsp;__main_after_scatterload
</UL>
<BR>[Called By]<UL><LI><a href="#[72]">&gt;&gt;</a>&nbsp;&nbsp;&nbsp;_main_scatterload
</UL>

<P><STRONG><a name="[178]"></a>__scatterload_rt2</STRONG> (Thumb, 0 bytes, Stack size 0 bytes, init.o(.text), UNUSED)

<P><STRONG><a name="[1c]"></a>ADC1_2_IRQHandler</STRONG> (Thumb, 6 bytes, Stack size 0 bytes, stm32g4xx_it.o(i.ADC1_2_IRQHandler))
<BR><BR>[Stack]<UL><LI>Max Depth = 292<LI>Call Chain = ADC1_2_IRQHandler &rArr; HAL_ADC_IRQHandler &rArr; HAL_ADCEx_InjectedConvCpltCallback &rArr; AppFoc_HighFreqTask &rArr; app_foc_run_run &rArr; FOC_CurrentLoopRunDSoft &rArr; FOC_CurrentLoopMeasureDQ &rArr; ClarkePark_Park &rArr; FOC_Math_SinCos &rArr; __hardfp_sinf &rArr; __mathlib_rredf2
</UL>
<BR>[Calls]<UL><LI><a href="#[7b]">&gt;&gt;</a>&nbsp;&nbsp;&nbsp;HAL_ADC_IRQHandler
</UL>
<BR>[Address Reference Count : 1]<UL><LI> startup_stm32g474xx.o(RESET)
</UL>
<P><STRONG><a name="[7c]"></a>ADC_ConversionStop</STRONG> (Thumb, 220 bytes, Stack size 24 bytes, stm32g4xx_hal_adc.o(i.ADC_ConversionStop))
<BR><BR>[Stack]<UL><LI>Max Depth = 24<LI>Call Chain = ADC_ConversionStop
</UL>
<BR>[Calls]<UL><LI><a href="#[7d]">&gt;&gt;</a>&nbsp;&nbsp;&nbsp;LL_ADC_REG_IsConversionOngoing
<LI><a href="#[7e]">&gt;&gt;</a>&nbsp;&nbsp;&nbsp;LL_ADC_INJ_IsConversionOngoing
<LI><a href="#[7f]">&gt;&gt;</a>&nbsp;&nbsp;&nbsp;HAL_GetTick
</UL>
<BR>[Called By]<UL><LI><a href="#[ab]">&gt;&gt;</a>&nbsp;&nbsp;&nbsp;HAL_ADC_Stop
<LI><a href="#[aa]">&gt;&gt;</a>&nbsp;&nbsp;&nbsp;HAL_ADCEx_InjectedStop_IT
<LI><a href="#[a9]">&gt;&gt;</a>&nbsp;&nbsp;&nbsp;HAL_ADCEx_InjectedStop
</UL>

<P><STRONG><a name="[80]"></a>ADC_Disable</STRONG> (Thumb, 106 bytes, Stack size 16 bytes, stm32g4xx_hal_adc.o(i.ADC_Disable))
<BR><BR>[Stack]<UL><LI>Max Depth = 16<LI>Call Chain = ADC_Disable
</UL>
<BR>[Calls]<UL><LI><a href="#[7f]">&gt;&gt;</a>&nbsp;&nbsp;&nbsp;HAL_GetTick
</UL>
<BR>[Called By]<UL><LI><a href="#[e3]">&gt;&gt;</a>&nbsp;&nbsp;&nbsp;HAL_ADCEx_Calibration_Start
<LI><a href="#[ab]">&gt;&gt;</a>&nbsp;&nbsp;&nbsp;HAL_ADC_Stop
<LI><a href="#[aa]">&gt;&gt;</a>&nbsp;&nbsp;&nbsp;HAL_ADCEx_InjectedStop_IT
<LI><a href="#[a9]">&gt;&gt;</a>&nbsp;&nbsp;&nbsp;HAL_ADCEx_InjectedStop
</UL>

<P><STRONG><a name="[81]"></a>ADC_Enable</STRONG> (Thumb, 172 bytes, Stack size 24 bytes, stm32g4xx_hal_adc.o(i.ADC_Enable))
<BR><BR>[Stack]<UL><LI>Max Depth = 24<LI>Call Chain = ADC_Enable
</UL>
<BR>[Calls]<UL><LI><a href="#[7f]">&gt;&gt;</a>&nbsp;&nbsp;&nbsp;HAL_GetTick
</UL>
<BR>[Called By]<UL><LI><a href="#[9d]">&gt;&gt;</a>&nbsp;&nbsp;&nbsp;HAL_ADC_Start
<LI><a href="#[a0]">&gt;&gt;</a>&nbsp;&nbsp;&nbsp;HAL_ADCEx_InjectedStart_IT
<LI><a href="#[9f]">&gt;&gt;</a>&nbsp;&nbsp;&nbsp;HAL_ADCEx_InjectedStart
</UL>

<P><STRONG><a name="[168]"></a>AppDebug_Task</STRONG> (Thumb, 2 bytes, Stack size 0 bytes, app_debug.o(i.AppDebug_Task))
<BR><BR>[Called By]<UL><LI><a href="#[6f]">&gt;&gt;</a>&nbsp;&nbsp;&nbsp;main
</UL>

<P><STRONG><a name="[b1]"></a>AppFoc_GetState</STRONG> (Thumb, 6 bytes, Stack size 0 bytes, app_foc.o(i.AppFoc_GetState))
<BR><BR>[Called By]<UL><LI><a href="#[af]">&gt;&gt;</a>&nbsp;&nbsp;&nbsp;BSP_KEY_EXTI_Callback
</UL>

<P><STRONG><a name="[82]"></a>AppFoc_HighFreqTask</STRONG> (Thumb, 118 bytes, Stack size 8 bytes, app_foc.o(i.AppFoc_HighFreqTask))
<BR><BR>[Stack]<UL><LI>Max Depth = 252<LI>Call Chain = AppFoc_HighFreqTask &rArr; app_foc_run_run &rArr; FOC_CurrentLoopRunDSoft &rArr; FOC_CurrentLoopMeasureDQ &rArr; ClarkePark_Park &rArr; FOC_Math_SinCos &rArr; __hardfp_sinf &rArr; __mathlib_rredf2
</UL>
<BR>[Calls]<UL><LI><a href="#[8a]">&gt;&gt;</a>&nbsp;&nbsp;&nbsp;app_foc_stop_to_fault
<LI><a href="#[89]">&gt;&gt;</a>&nbsp;&nbsp;&nbsp;app_foc_run_run
<LI><a href="#[88]">&gt;&gt;</a>&nbsp;&nbsp;&nbsp;app_foc_run_openloop
<LI><a href="#[87]">&gt;&gt;</a>&nbsp;&nbsp;&nbsp;app_foc_run_align
<LI><a href="#[85]">&gt;&gt;</a>&nbsp;&nbsp;&nbsp;app_foc_drive_enable
<LI><a href="#[84]">&gt;&gt;</a>&nbsp;&nbsp;&nbsp;app_foc_clear_current_loop_debug
<LI><a href="#[86]">&gt;&gt;</a>&nbsp;&nbsp;&nbsp;FOC_SamplingModule_RunOffsetCalib
<LI><a href="#[83]">&gt;&gt;</a>&nbsp;&nbsp;&nbsp;FOC_PwmModule_SetTim1Mid
</UL>
<BR>[Called By]<UL><LI><a href="#[ea]">&gt;&gt;</a>&nbsp;&nbsp;&nbsp;HAL_ADCEx_InjectedConvCpltCallback
</UL>

<P><STRONG><a name="[8b]"></a>AppFoc_Init</STRONG> (Thumb, 122 bytes, Stack size 16 bytes, app_foc.o(i.AppFoc_Init))
<BR><BR>[Stack]<UL><LI>Max Depth = 352<LI>Call Chain = AppFoc_Init &rArr; app_foc_update_runtime_snapshot &rArr; app_foc_fill_runtime_snapshot &rArr; FOC_ObserverGetFluxThetaRad &rArr; __hardfp_atan2f
</UL>
<BR>[Calls]<UL><LI><a href="#[96]">&gt;&gt;</a>&nbsp;&nbsp;&nbsp;app_foc_update_runtime_snapshot
<LI><a href="#[92]">&gt;&gt;</a>&nbsp;&nbsp;&nbsp;app_foc_speed_loop_init
<LI><a href="#[93]">&gt;&gt;</a>&nbsp;&nbsp;&nbsp;app_foc_medium_reset_command_defaults
<LI><a href="#[85]">&gt;&gt;</a>&nbsp;&nbsp;&nbsp;app_foc_drive_enable
<LI><a href="#[95]">&gt;&gt;</a>&nbsp;&nbsp;&nbsp;app_foc_d_axis_soft_reset
<LI><a href="#[94]">&gt;&gt;</a>&nbsp;&nbsp;&nbsp;app_foc_commit_command_active
<LI><a href="#[91]">&gt;&gt;</a>&nbsp;&nbsp;&nbsp;FOC_SwitchoverInit
<LI><a href="#[8c]">&gt;&gt;</a>&nbsp;&nbsp;&nbsp;FOC_SamplingModule_Init
<LI><a href="#[83]">&gt;&gt;</a>&nbsp;&nbsp;&nbsp;FOC_PwmModule_SetTim1Mid
<LI><a href="#[8d]">&gt;&gt;</a>&nbsp;&nbsp;&nbsp;FOC_PwmModule_Init
<LI><a href="#[8f]">&gt;&gt;</a>&nbsp;&nbsp;&nbsp;FOC_OpenLoopInit
<LI><a href="#[90]">&gt;&gt;</a>&nbsp;&nbsp;&nbsp;FOC_ObserverInit
<LI><a href="#[8e]">&gt;&gt;</a>&nbsp;&nbsp;&nbsp;FOC_CurrentLoopInit
</UL>
<BR>[Called By]<UL><LI><a href="#[6f]">&gt;&gt;</a>&nbsp;&nbsp;&nbsp;main
</UL>

<P><STRONG><a name="[97]"></a>AppFoc_MediumFreqTask</STRONG> (Thumb, 50 bytes, Stack size 8 bytes, app_foc.o(i.AppFoc_MediumFreqTask))
<BR><BR>[Stack]<UL><LI>Max Depth = 344<LI>Call Chain = AppFoc_MediumFreqTask &rArr; app_foc_update_runtime_snapshot &rArr; app_foc_fill_runtime_snapshot &rArr; FOC_ObserverGetFluxThetaRad &rArr; __hardfp_atan2f
</UL>
<BR>[Calls]<UL><LI><a href="#[96]">&gt;&gt;</a>&nbsp;&nbsp;&nbsp;app_foc_update_runtime_snapshot
<LI><a href="#[98]">&gt;&gt;</a>&nbsp;&nbsp;&nbsp;app_foc_medium_handle_state_machine
<LI><a href="#[7f]">&gt;&gt;</a>&nbsp;&nbsp;&nbsp;HAL_GetTick
</UL>
<BR>[Called By]<UL><LI><a href="#[6f]">&gt;&gt;</a>&nbsp;&nbsp;&nbsp;main
</UL>

<P><STRONG><a name="[b5]"></a>AppFoc_SetSpeedTargetMechHz</STRONG> (Thumb, 46 bytes, Stack size 0 bytes, app_foc.o(i.AppFoc_SetSpeedTargetMechHz))
<BR><BR>[Called By]<UL><LI><a href="#[b3]">&gt;&gt;</a>&nbsp;&nbsp;&nbsp;BSP_KEY_ProgramSpeedTarget
</UL>

<P><STRONG><a name="[99]"></a>AppFoc_Start</STRONG> (Thumb, 232 bytes, Stack size 24 bytes, app_foc.o(i.AppFoc_Start))
<BR><BR>[Stack]<UL><LI>Max Depth = 360<LI>Call Chain = AppFoc_Start &rArr; app_foc_update_runtime_snapshot &rArr; app_foc_fill_runtime_snapshot &rArr; FOC_ObserverGetFluxThetaRad &rArr; __hardfp_atan2f
</UL>
<BR>[Calls]<UL><LI><a href="#[96]">&gt;&gt;</a>&nbsp;&nbsp;&nbsp;app_foc_update_runtime_snapshot
<LI><a href="#[a7]">&gt;&gt;</a>&nbsp;&nbsp;&nbsp;app_foc_speed_loop_reset
<LI><a href="#[93]">&gt;&gt;</a>&nbsp;&nbsp;&nbsp;app_foc_medium_reset_command_defaults
<LI><a href="#[85]">&gt;&gt;</a>&nbsp;&nbsp;&nbsp;app_foc_drive_enable
<LI><a href="#[95]">&gt;&gt;</a>&nbsp;&nbsp;&nbsp;app_foc_d_axis_soft_reset
<LI><a href="#[94]">&gt;&gt;</a>&nbsp;&nbsp;&nbsp;app_foc_commit_command_active
<LI><a href="#[9a]">&gt;&gt;</a>&nbsp;&nbsp;&nbsp;HAL_TIM_PWM_Start
<LI><a href="#[9c]">&gt;&gt;</a>&nbsp;&nbsp;&nbsp;HAL_TIM_Base_Start
<LI><a href="#[9b]">&gt;&gt;</a>&nbsp;&nbsp;&nbsp;HAL_TIMEx_PWMN_Start
<LI><a href="#[7f]">&gt;&gt;</a>&nbsp;&nbsp;&nbsp;HAL_GetTick
<LI><a href="#[9d]">&gt;&gt;</a>&nbsp;&nbsp;&nbsp;HAL_ADC_Start
<LI><a href="#[a0]">&gt;&gt;</a>&nbsp;&nbsp;&nbsp;HAL_ADCEx_InjectedStart_IT
<LI><a href="#[9f]">&gt;&gt;</a>&nbsp;&nbsp;&nbsp;HAL_ADCEx_InjectedStart
<LI><a href="#[a2]">&gt;&gt;</a>&nbsp;&nbsp;&nbsp;FOC_SwitchoverReset
<LI><a href="#[9e]">&gt;&gt;</a>&nbsp;&nbsp;&nbsp;FOC_SamplingModule_SetAdc1Ready
<LI><a href="#[a6]">&gt;&gt;</a>&nbsp;&nbsp;&nbsp;FOC_SamplingModule_ResetRuntime
<LI><a href="#[83]">&gt;&gt;</a>&nbsp;&nbsp;&nbsp;FOC_PwmModule_SetTim1Mid
<LI><a href="#[a5]">&gt;&gt;</a>&nbsp;&nbsp;&nbsp;FOC_OpenLoopResetRun
<LI><a href="#[a4]">&gt;&gt;</a>&nbsp;&nbsp;&nbsp;FOC_OpenLoopResetAlign
<LI><a href="#[a1]">&gt;&gt;</a>&nbsp;&nbsp;&nbsp;FOC_ObserverReset
<LI><a href="#[a3]">&gt;&gt;</a>&nbsp;&nbsp;&nbsp;FOC_CurrentLoopReset
</UL>
<BR>[Called By]<UL><LI><a href="#[6f]">&gt;&gt;</a>&nbsp;&nbsp;&nbsp;main
<LI><a href="#[af]">&gt;&gt;</a>&nbsp;&nbsp;&nbsp;BSP_KEY_EXTI_Callback
</UL>

<P><STRONG><a name="[a8]"></a>AppFoc_Stop</STRONG> (Thumb, 110 bytes, Stack size 8 bytes, app_foc.o(i.AppFoc_Stop))
<BR><BR>[Stack]<UL><LI>Max Depth = 344<LI>Call Chain = AppFoc_Stop &rArr; app_foc_update_runtime_snapshot &rArr; app_foc_fill_runtime_snapshot &rArr; FOC_ObserverGetFluxThetaRad &rArr; __hardfp_atan2f
</UL>
<BR>[Calls]<UL><LI><a href="#[96]">&gt;&gt;</a>&nbsp;&nbsp;&nbsp;app_foc_update_runtime_snapshot
<LI><a href="#[8a]">&gt;&gt;</a>&nbsp;&nbsp;&nbsp;app_foc_stop_to_fault
<LI><a href="#[93]">&gt;&gt;</a>&nbsp;&nbsp;&nbsp;app_foc_medium_reset_command_defaults
<LI><a href="#[94]">&gt;&gt;</a>&nbsp;&nbsp;&nbsp;app_foc_commit_command_active
<LI><a href="#[ae]">&gt;&gt;</a>&nbsp;&nbsp;&nbsp;HAL_TIM_PWM_Stop
<LI><a href="#[ac]">&gt;&gt;</a>&nbsp;&nbsp;&nbsp;HAL_TIM_Base_Stop
<LI><a href="#[ad]">&gt;&gt;</a>&nbsp;&nbsp;&nbsp;HAL_TIMEx_PWMN_Stop
<LI><a href="#[ab]">&gt;&gt;</a>&nbsp;&nbsp;&nbsp;HAL_ADC_Stop
<LI><a href="#[aa]">&gt;&gt;</a>&nbsp;&nbsp;&nbsp;HAL_ADCEx_InjectedStop_IT
<LI><a href="#[a9]">&gt;&gt;</a>&nbsp;&nbsp;&nbsp;HAL_ADCEx_InjectedStop
<LI><a href="#[9e]">&gt;&gt;</a>&nbsp;&nbsp;&nbsp;FOC_SamplingModule_SetAdc1Ready
</UL>
<BR>[Called By]<UL><LI><a href="#[af]">&gt;&gt;</a>&nbsp;&nbsp;&nbsp;BSP_KEY_EXTI_Callback
</UL>

<P><STRONG><a name="[af]"></a>BSP_KEY_EXTI_Callback</STRONG> (Thumb, 66 bytes, Stack size 16 bytes, bsp_key.o(i.BSP_KEY_EXTI_Callback))
<BR><BR>[Stack]<UL><LI>Max Depth = 376<LI>Call Chain = BSP_KEY_EXTI_Callback &rArr; AppFoc_Start &rArr; app_foc_update_runtime_snapshot &rArr; app_foc_fill_runtime_snapshot &rArr; FOC_ObserverGetFluxThetaRad &rArr; __hardfp_atan2f
</UL>
<BR>[Calls]<UL><LI><a href="#[99]">&gt;&gt;</a>&nbsp;&nbsp;&nbsp;AppFoc_Start
<LI><a href="#[b0]">&gt;&gt;</a>&nbsp;&nbsp;&nbsp;HAL_GPIO_ReadPin
<LI><a href="#[7f]">&gt;&gt;</a>&nbsp;&nbsp;&nbsp;HAL_GetTick
<LI><a href="#[a8]">&gt;&gt;</a>&nbsp;&nbsp;&nbsp;AppFoc_Stop
<LI><a href="#[b1]">&gt;&gt;</a>&nbsp;&nbsp;&nbsp;AppFoc_GetState
</UL>
<BR>[Called By]<UL><LI><a href="#[105]">&gt;&gt;</a>&nbsp;&nbsp;&nbsp;HAL_GPIO_EXTI_Callback
</UL>

<P><STRONG><a name="[167]"></a>BSP_KEY_Init</STRONG> (Thumb, 32 bytes, Stack size 16 bytes, bsp_key.o(i.BSP_KEY_Init))
<BR><BR>[Stack]<UL><LI>Max Depth = 16<LI>Call Chain = BSP_KEY_Init
</UL>
<BR>[Called By]<UL><LI><a href="#[6f]">&gt;&gt;</a>&nbsp;&nbsp;&nbsp;main
</UL>

<P><STRONG><a name="[b6]"></a>BSP_KEY_SetSpeedTargetHz</STRONG> (Thumb, 22 bytes, Stack size 8 bytes, bsp_key.o(i.BSP_KEY_SetSpeedTargetHz))
<BR><BR>[Stack]<UL><LI>Max Depth = 8<LI>Call Chain = BSP_KEY_SetSpeedTargetHz
</UL>
<BR>[Calls]<UL><LI><a href="#[b4]">&gt;&gt;</a>&nbsp;&nbsp;&nbsp;bsp_key_clampf
</UL>
<BR>[Called By]<UL><LI><a href="#[15c]">&gt;&gt;</a>&nbsp;&nbsp;&nbsp;app_foc_prepare_run_entry
</UL>

<P><STRONG><a name="[b7]"></a>BSP_KEY_Task</STRONG> (Thumb, 80 bytes, Stack size 16 bytes, bsp_key.o(i.BSP_KEY_Task))
<BR><BR>[Stack]<UL><LI>Max Depth = 48<LI>Call Chain = BSP_KEY_Task &rArr; BSP_KEY_HandleSpeedStep &rArr; BSP_KEY_ProgramSpeedTarget
</UL>
<BR>[Calls]<UL><LI><a href="#[b0]">&gt;&gt;</a>&nbsp;&nbsp;&nbsp;HAL_GPIO_ReadPin
<LI><a href="#[b2]">&gt;&gt;</a>&nbsp;&nbsp;&nbsp;BSP_KEY_HandleSpeedStep
</UL>
<BR>[Called By]<UL><LI><a href="#[6f]">&gt;&gt;</a>&nbsp;&nbsp;&nbsp;main
</UL>

<P><STRONG><a name="[4]"></a>BusFault_Handler</STRONG> (Thumb, 2 bytes, Stack size 0 bytes, stm32g4xx_it.o(i.BusFault_Handler))
<BR><BR>[Calls]<UL><LI><a href="#[4]">&gt;&gt;</a>&nbsp;&nbsp;&nbsp;BusFault_Handler
</UL>
<BR>[Called By]<UL><LI><a href="#[4]">&gt;&gt;</a>&nbsp;&nbsp;&nbsp;BusFault_Handler
</UL>
<BR>[Address Reference Count : 1]<UL><LI> startup_stm32g474xx.o(RESET)
</UL>
<P><STRONG><a name="[bf]"></a>ClarkePark_Clarke</STRONG> (Thumb, 30 bytes, Stack size 0 bytes, clarke_park.o(i.ClarkePark_Clarke))
<BR><BR>[Called By]<UL><LI><a href="#[be]">&gt;&gt;</a>&nbsp;&nbsp;&nbsp;FOC_CurrentLoopMeasureDQ
</UL>

<P><STRONG><a name="[b8]"></a>ClarkePark_InvPark</STRONG> (Thumb, 78 bytes, Stack size 24 bytes, clarke_park.o(i.ClarkePark_InvPark))
<BR><BR>[Stack]<UL><LI>Max Depth = 84<LI>Call Chain = ClarkePark_InvPark &rArr; FOC_Math_SinCos &rArr; __hardfp_sinf &rArr; __mathlib_rredf2
</UL>
<BR>[Calls]<UL><LI><a href="#[b9]">&gt;&gt;</a>&nbsp;&nbsp;&nbsp;FOC_Math_SinCos
</UL>
<BR>[Called By]<UL><LI><a href="#[87]">&gt;&gt;</a>&nbsp;&nbsp;&nbsp;app_foc_run_align
<LI><a href="#[c5]">&gt;&gt;</a>&nbsp;&nbsp;&nbsp;FOC_CurrentLoopRunWithRef
<LI><a href="#[c1]">&gt;&gt;</a>&nbsp;&nbsp;&nbsp;FOC_CurrentLoopRunDSoft
</UL>

<P><STRONG><a name="[ba]"></a>ClarkePark_Park</STRONG> (Thumb, 78 bytes, Stack size 24 bytes, clarke_park.o(i.ClarkePark_Park))
<BR><BR>[Stack]<UL><LI>Max Depth = 84<LI>Call Chain = ClarkePark_Park &rArr; FOC_Math_SinCos &rArr; __hardfp_sinf &rArr; __mathlib_rredf2
</UL>
<BR>[Calls]<UL><LI><a href="#[b9]">&gt;&gt;</a>&nbsp;&nbsp;&nbsp;FOC_Math_SinCos
</UL>
<BR>[Called By]<UL><LI><a href="#[be]">&gt;&gt;</a>&nbsp;&nbsp;&nbsp;FOC_CurrentLoopMeasureDQ
</UL>

<P><STRONG><a name="[15]"></a>DMA1_Channel1_IRQHandler</STRONG> (Thumb, 6 bytes, Stack size 0 bytes, stm32g4xx_it.o(i.DMA1_Channel1_IRQHandler))
<BR><BR>[Stack]<UL><LI>Max Depth = 16<LI>Call Chain = DMA1_Channel1_IRQHandler &rArr; HAL_DMA_IRQHandler
</UL>
<BR>[Calls]<UL><LI><a href="#[bb]">&gt;&gt;</a>&nbsp;&nbsp;&nbsp;HAL_DMA_IRQHandler
</UL>
<BR>[Address Reference Count : 1]<UL><LI> startup_stm32g474xx.o(RESET)
</UL>
<P><STRONG><a name="[7]"></a>DebugMon_Handler</STRONG> (Thumb, 2 bytes, Stack size 0 bytes, stm32g4xx_it.o(i.DebugMon_Handler))
<BR>[Address Reference Count : 1]<UL><LI> startup_stm32g474xx.o(RESET)
</UL>
<P><STRONG><a name="[32]"></a>EXTI15_10_IRQHandler</STRONG> (Thumb, 8 bytes, Stack size 0 bytes, stm32g4xx_it.o(i.EXTI15_10_IRQHandler))
<BR><BR>[Stack]<UL><LI>Max Depth = 384<LI>Call Chain = EXTI15_10_IRQHandler &rArr; HAL_GPIO_EXTI_IRQHandler &rArr; HAL_GPIO_EXTI_Callback &rArr; BSP_KEY_EXTI_Callback &rArr; AppFoc_Start &rArr; app_foc_update_runtime_snapshot &rArr; app_foc_fill_runtime_snapshot &rArr; FOC_ObserverGetFluxThetaRad &rArr; __hardfp_atan2f
</UL>
<BR>[Calls]<UL><LI><a href="#[bc]">&gt;&gt;</a>&nbsp;&nbsp;&nbsp;HAL_GPIO_EXTI_IRQHandler
</UL>
<BR>[Address Reference Count : 1]<UL><LI> startup_stm32g474xx.o(RESET)
</UL>
<P><STRONG><a name="[fc]"></a>Error_Handler</STRONG> (Thumb, 4 bytes, Stack size 0 bytes, main.o(i.Error_Handler))
<BR><BR>[Called By]<UL><LI><a href="#[141]">&gt;&gt;</a>&nbsp;&nbsp;&nbsp;MX_USART1_UART_Init
<LI><a href="#[13e]">&gt;&gt;</a>&nbsp;&nbsp;&nbsp;MX_TIM1_Init
<LI><a href="#[13b]">&gt;&gt;</a>&nbsp;&nbsp;&nbsp;MX_CORDIC_Init
<LI><a href="#[13a]">&gt;&gt;</a>&nbsp;&nbsp;&nbsp;MX_ADC2_Init
<LI><a href="#[139]">&gt;&gt;</a>&nbsp;&nbsp;&nbsp;MX_ADC1_Init
<LI><a href="#[f9]">&gt;&gt;</a>&nbsp;&nbsp;&nbsp;HAL_ADC_MspInit
<LI><a href="#[135]">&gt;&gt;</a>&nbsp;&nbsp;&nbsp;HAL_UART_MspInit
</UL>

<P><STRONG><a name="[8e]"></a>FOC_CurrentLoopInit</STRONG> (Thumb, 62 bytes, Stack size 8 bytes, foc_current_loop.o(i.FOC_CurrentLoopInit))
<BR><BR>[Stack]<UL><LI>Max Depth = 16<LI>Call Chain = FOC_CurrentLoopInit &rArr; FOC_CurrentLoopReset
</UL>
<BR>[Calls]<UL><LI><a href="#[bd]">&gt;&gt;</a>&nbsp;&nbsp;&nbsp;PIController_Init
<LI><a href="#[a3]">&gt;&gt;</a>&nbsp;&nbsp;&nbsp;FOC_CurrentLoopReset
</UL>
<BR>[Called By]<UL><LI><a href="#[8b]">&gt;&gt;</a>&nbsp;&nbsp;&nbsp;AppFoc_Init
</UL>

<P><STRONG><a name="[be]"></a>FOC_CurrentLoopMeasureDQ</STRONG> (Thumb, 110 bytes, Stack size 40 bytes, foc_current_loop.o(i.FOC_CurrentLoopMeasureDQ))
<BR><BR>[Stack]<UL><LI>Max Depth = 124<LI>Call Chain = FOC_CurrentLoopMeasureDQ &rArr; ClarkePark_Park &rArr; FOC_Math_SinCos &rArr; __hardfp_sinf &rArr; __mathlib_rredf2
</UL>
<BR>[Calls]<UL><LI><a href="#[ba]">&gt;&gt;</a>&nbsp;&nbsp;&nbsp;ClarkePark_Park
<LI><a href="#[bf]">&gt;&gt;</a>&nbsp;&nbsp;&nbsp;ClarkePark_Clarke
</UL>
<BR>[Called By]<UL><LI><a href="#[c5]">&gt;&gt;</a>&nbsp;&nbsp;&nbsp;FOC_CurrentLoopRunWithRef
<LI><a href="#[c1]">&gt;&gt;</a>&nbsp;&nbsp;&nbsp;FOC_CurrentLoopRunDSoft
</UL>

<P><STRONG><a name="[a3]"></a>FOC_CurrentLoopReset</STRONG> (Thumb, 68 bytes, Stack size 8 bytes, foc_current_loop.o(i.FOC_CurrentLoopReset))
<BR><BR>[Stack]<UL><LI>Max Depth = 8<LI>Call Chain = FOC_CurrentLoopReset
</UL>
<BR>[Calls]<UL><LI><a href="#[c0]">&gt;&gt;</a>&nbsp;&nbsp;&nbsp;PIController_Reset
</UL>
<BR>[Called By]<UL><LI><a href="#[98]">&gt;&gt;</a>&nbsp;&nbsp;&nbsp;app_foc_medium_handle_state_machine
<LI><a href="#[99]">&gt;&gt;</a>&nbsp;&nbsp;&nbsp;AppFoc_Start
<LI><a href="#[8e]">&gt;&gt;</a>&nbsp;&nbsp;&nbsp;FOC_CurrentLoopInit
</UL>

<P><STRONG><a name="[c1]"></a>FOC_CurrentLoopRunDSoft</STRONG> (Thumb, 338 bytes, Stack size 72 bytes, foc_current_loop.o(i.FOC_CurrentLoopRunDSoft))
<BR><BR>[Stack]<UL><LI>Max Depth = 196<LI>Call Chain = FOC_CurrentLoopRunDSoft &rArr; FOC_CurrentLoopMeasureDQ &rArr; ClarkePark_Park &rArr; FOC_Math_SinCos &rArr; __hardfp_sinf &rArr; __mathlib_rredf2
</UL>
<BR>[Calls]<UL><LI><a href="#[c3]">&gt;&gt;</a>&nbsp;&nbsp;&nbsp;PIController_Run
<LI><a href="#[c0]">&gt;&gt;</a>&nbsp;&nbsp;&nbsp;PIController_Reset
<LI><a href="#[b8]">&gt;&gt;</a>&nbsp;&nbsp;&nbsp;ClarkePark_InvPark
<LI><a href="#[be]">&gt;&gt;</a>&nbsp;&nbsp;&nbsp;FOC_CurrentLoopMeasureDQ
<LI><a href="#[c2]">&gt;&gt;</a>&nbsp;&nbsp;&nbsp;foc_current_loop_set_pi_limit
<LI><a href="#[c4]">&gt;&gt;</a>&nbsp;&nbsp;&nbsp;foc_current_loop_limit_vector
</UL>
<BR>[Called By]<UL><LI><a href="#[89]">&gt;&gt;</a>&nbsp;&nbsp;&nbsp;app_foc_run_run
<LI><a href="#[88]">&gt;&gt;</a>&nbsp;&nbsp;&nbsp;app_foc_run_openloop
</UL>

<P><STRONG><a name="[c5]"></a>FOC_CurrentLoopRunWithRef</STRONG> (Thumb, 236 bytes, Stack size 64 bytes, foc_current_loop.o(i.FOC_CurrentLoopRunWithRef))
<BR><BR>[Stack]<UL><LI>Max Depth = 188<LI>Call Chain = FOC_CurrentLoopRunWithRef &rArr; FOC_CurrentLoopMeasureDQ &rArr; ClarkePark_Park &rArr; FOC_Math_SinCos &rArr; __hardfp_sinf &rArr; __mathlib_rredf2
</UL>
<BR>[Calls]<UL><LI><a href="#[c3]">&gt;&gt;</a>&nbsp;&nbsp;&nbsp;PIController_Run
<LI><a href="#[b8]">&gt;&gt;</a>&nbsp;&nbsp;&nbsp;ClarkePark_InvPark
<LI><a href="#[be]">&gt;&gt;</a>&nbsp;&nbsp;&nbsp;FOC_CurrentLoopMeasureDQ
<LI><a href="#[c2]">&gt;&gt;</a>&nbsp;&nbsp;&nbsp;foc_current_loop_set_pi_limit
<LI><a href="#[c4]">&gt;&gt;</a>&nbsp;&nbsp;&nbsp;foc_current_loop_limit_vector
</UL>
<BR>[Called By]<UL><LI><a href="#[87]">&gt;&gt;</a>&nbsp;&nbsp;&nbsp;app_foc_run_align
</UL>

<P><STRONG><a name="[b9]"></a>FOC_Math_SinCos</STRONG> (Thumb, 50 bytes, Stack size 24 bytes, foc_math.o(i.FOC_Math_SinCos))
<BR><BR>[Stack]<UL><LI>Max Depth = 60<LI>Call Chain = FOC_Math_SinCos &rArr; __hardfp_sinf &rArr; __mathlib_rredf2
</UL>
<BR>[Calls]<UL><LI><a href="#[c6]">&gt;&gt;</a>&nbsp;&nbsp;&nbsp;__hardfp_sinf
<LI><a href="#[c7]">&gt;&gt;</a>&nbsp;&nbsp;&nbsp;__hardfp_cosf
</UL>
<BR>[Called By]<UL><LI><a href="#[ba]">&gt;&gt;</a>&nbsp;&nbsp;&nbsp;ClarkePark_Park
<LI><a href="#[b8]">&gt;&gt;</a>&nbsp;&nbsp;&nbsp;ClarkePark_InvPark
</UL>

<P><STRONG><a name="[df]"></a>FOC_ObserverGetAngleErrDeg</STRONG> (Thumb, 14 bytes, Stack size 0 bytes, foc_observer.o(i.FOC_ObserverGetAngleErrDeg))
<BR><BR>[Called By]<UL><LI><a href="#[de]">&gt;&gt;</a>&nbsp;&nbsp;&nbsp;foc_switchover_condition
<LI><a href="#[dd]">&gt;&gt;</a>&nbsp;&nbsp;&nbsp;FOC_SwitchoverUpdate
</UL>

<P><STRONG><a name="[c8]"></a>FOC_ObserverGetFluxThetaRad</STRONG> (Thumb, 20 bytes, Stack size 0 bytes, foc_observer.o(i.FOC_ObserverGetFluxThetaRad))
<BR><BR>[Stack]<UL><LI>Max Depth = 32<LI>Call Chain = FOC_ObserverGetFluxThetaRad &rArr; __hardfp_atan2f
</UL>
<BR>[Calls]<UL><LI><a href="#[c9]">&gt;&gt;</a>&nbsp;&nbsp;&nbsp;__hardfp_atan2f
</UL>
<BR>[Called By]<UL><LI><a href="#[156]">&gt;&gt;</a>&nbsp;&nbsp;&nbsp;app_foc_fill_runtime_snapshot
</UL>

<P><STRONG><a name="[157]"></a>FOC_ObserverGetInputs</STRONG> (Thumb, 52 bytes, Stack size 8 bytes, foc_observer.o(i.FOC_ObserverGetInputs))
<BR><BR>[Stack]<UL><LI>Max Depth = 8<LI>Call Chain = FOC_ObserverGetInputs
</UL>
<BR>[Called By]<UL><LI><a href="#[156]">&gt;&gt;</a>&nbsp;&nbsp;&nbsp;app_foc_fill_runtime_snapshot
</UL>

<P><STRONG><a name="[165]"></a>FOC_ObserverGetSpeedRadPerSec</STRONG> (Thumb, 14 bytes, Stack size 0 bytes, foc_observer.o(i.FOC_ObserverGetSpeedRadPerSec))
<BR><BR>[Called By]<UL><LI><a href="#[de]">&gt;&gt;</a>&nbsp;&nbsp;&nbsp;foc_switchover_condition
</UL>

<P><STRONG><a name="[db]"></a>FOC_ObserverGetThetaRad</STRONG> (Thumb, 14 bytes, Stack size 0 bytes, foc_observer.o(i.FOC_ObserverGetThetaRad))
<BR><BR>[Called By]<UL><LI><a href="#[89]">&gt;&gt;</a>&nbsp;&nbsp;&nbsp;app_foc_run_run
<LI><a href="#[d9]">&gt;&gt;</a>&nbsp;&nbsp;&nbsp;FOC_SwitchoverSelectTheta
</UL>

<P><STRONG><a name="[90]"></a>FOC_ObserverInit</STRONG> (Thumb, 36 bytes, Stack size 8 bytes, foc_observer.o(i.FOC_ObserverInit))
<BR><BR>[Stack]<UL><LI>Max Depth = 8<LI>Call Chain = FOC_ObserverInit
</UL>
<BR>[Calls]<UL><LI><a href="#[ca]">&gt;&gt;</a>&nbsp;&nbsp;&nbsp;FluxObserver_PLL_reset
</UL>
<BR>[Called By]<UL><LI><a href="#[8b]">&gt;&gt;</a>&nbsp;&nbsp;&nbsp;AppFoc_Init
<LI><a href="#[a1]">&gt;&gt;</a>&nbsp;&nbsp;&nbsp;FOC_ObserverReset
</UL>

<P><STRONG><a name="[a1]"></a>FOC_ObserverReset</STRONG> (Thumb, 4 bytes, Stack size 0 bytes, foc_observer.o(i.FOC_ObserverReset))
<BR><BR>[Stack]<UL><LI>Max Depth = 8<LI>Call Chain = FOC_ObserverReset &rArr; FOC_ObserverInit
</UL>
<BR>[Calls]<UL><LI><a href="#[90]">&gt;&gt;</a>&nbsp;&nbsp;&nbsp;FOC_ObserverInit
</UL>
<BR>[Called By]<UL><LI><a href="#[99]">&gt;&gt;</a>&nbsp;&nbsp;&nbsp;AppFoc_Start
</UL>

<P><STRONG><a name="[cb]"></a>FOC_ObserverUpdate</STRONG> (Thumb, 240 bytes, Stack size 16 bytes, foc_observer.o(i.FOC_ObserverUpdate))
<BR><BR>[Stack]<UL><LI>Max Depth = 108<LI>Call Chain = FOC_ObserverUpdate &rArr; FluxObserver_PLL_update &rArr; PLL_update &rArr; __hardfp_sinf &rArr; __mathlib_rredf2
</UL>
<BR>[Calls]<UL><LI><a href="#[cc]">&gt;&gt;</a>&nbsp;&nbsp;&nbsp;FluxObserver_PLL_update
</UL>
<BR>[Called By]<UL><LI><a href="#[89]">&gt;&gt;</a>&nbsp;&nbsp;&nbsp;app_foc_run_run
<LI><a href="#[88]">&gt;&gt;</a>&nbsp;&nbsp;&nbsp;app_foc_run_openloop
</UL>

<P><STRONG><a name="[161]"></a>FOC_OpenLoopAdvance</STRONG> (Thumb, 124 bytes, Stack size 0 bytes, foc_openloop.o(i.FOC_OpenLoopAdvance))
<BR><BR>[Called By]<UL><LI><a href="#[88]">&gt;&gt;</a>&nbsp;&nbsp;&nbsp;app_foc_run_openloop
</UL>

<P><STRONG><a name="[158]"></a>FOC_OpenLoopGetElecSpeedRadPerSec</STRONG> (Thumb, 30 bytes, Stack size 0 bytes, foc_openloop.o(i.FOC_OpenLoopGetElecSpeedRadPerSec))
<BR><BR>[Called By]<UL><LI><a href="#[15c]">&gt;&gt;</a>&nbsp;&nbsp;&nbsp;app_foc_prepare_run_entry
<LI><a href="#[15b]">&gt;&gt;</a>&nbsp;&nbsp;&nbsp;app_foc_latch_fault_snapshot
<LI><a href="#[156]">&gt;&gt;</a>&nbsp;&nbsp;&nbsp;app_foc_fill_runtime_snapshot
<LI><a href="#[de]">&gt;&gt;</a>&nbsp;&nbsp;&nbsp;foc_switchover_condition
</UL>

<P><STRONG><a name="[166]"></a>FOC_OpenLoopGetFreqHz</STRONG> (Thumb, 14 bytes, Stack size 0 bytes, foc_openloop.o(i.FOC_OpenLoopGetFreqHz))
<BR><BR>[Called By]<UL><LI><a href="#[de]">&gt;&gt;</a>&nbsp;&nbsp;&nbsp;foc_switchover_condition
</UL>

<P><STRONG><a name="[da]"></a>FOC_OpenLoopGetThetaErad</STRONG> (Thumb, 14 bytes, Stack size 0 bytes, foc_openloop.o(i.FOC_OpenLoopGetThetaErad))
<BR><BR>[Called By]<UL><LI><a href="#[d9]">&gt;&gt;</a>&nbsp;&nbsp;&nbsp;FOC_SwitchoverSelectTheta
</UL>

<P><STRONG><a name="[8f]"></a>FOC_OpenLoopInit</STRONG> (Thumb, 26 bytes, Stack size 0 bytes, foc_openloop.o(i.FOC_OpenLoopInit))
<BR><BR>[Called By]<UL><LI><a href="#[8b]">&gt;&gt;</a>&nbsp;&nbsp;&nbsp;AppFoc_Init
</UL>

<P><STRONG><a name="[a4]"></a>FOC_OpenLoopResetAlign</STRONG> (Thumb, 10 bytes, Stack size 0 bytes, foc_openloop.o(i.FOC_OpenLoopResetAlign))
<BR><BR>[Called By]<UL><LI><a href="#[98]">&gt;&gt;</a>&nbsp;&nbsp;&nbsp;app_foc_medium_handle_state_machine
<LI><a href="#[99]">&gt;&gt;</a>&nbsp;&nbsp;&nbsp;AppFoc_Start
</UL>

<P><STRONG><a name="[a5]"></a>FOC_OpenLoopResetRun</STRONG> (Thumb, 22 bytes, Stack size 0 bytes, foc_openloop.o(i.FOC_OpenLoopResetRun))
<BR><BR>[Called By]<UL><LI><a href="#[98]">&gt;&gt;</a>&nbsp;&nbsp;&nbsp;app_foc_medium_handle_state_machine
<LI><a href="#[99]">&gt;&gt;</a>&nbsp;&nbsp;&nbsp;AppFoc_Start
</UL>

<P><STRONG><a name="[cd]"></a>FOC_ProtectionApplyStop</STRONG> (Thumb, 32 bytes, Stack size 8 bytes, foc_protection.o(i.FOC_ProtectionApplyStop))
<BR><BR>[Stack]<UL><LI>Max Depth = 8<LI>Call Chain = FOC_ProtectionApplyStop
</UL>
<BR>[Calls]<UL><LI><a href="#[ce]">&gt;&gt;</a>&nbsp;&nbsp;&nbsp;HAL_GPIO_WritePin
<LI><a href="#[83]">&gt;&gt;</a>&nbsp;&nbsp;&nbsp;FOC_PwmModule_SetTim1Mid
</UL>
<BR>[Called By]<UL><LI><a href="#[8a]">&gt;&gt;</a>&nbsp;&nbsp;&nbsp;app_foc_stop_to_fault
</UL>

<P><STRONG><a name="[160]"></a>FOC_ProtectionCheckFault</STRONG> (Thumb, 96 bytes, Stack size 0 bytes, foc_protection.o(i.FOC_ProtectionCheckFault))
<BR><BR>[Called By]<UL><LI><a href="#[89]">&gt;&gt;</a>&nbsp;&nbsp;&nbsp;app_foc_run_run
<LI><a href="#[88]">&gt;&gt;</a>&nbsp;&nbsp;&nbsp;app_foc_run_openloop
<LI><a href="#[87]">&gt;&gt;</a>&nbsp;&nbsp;&nbsp;app_foc_run_align
</UL>

<P><STRONG><a name="[cf]"></a>FOC_PwmModule_ApplySvpwm</STRONG> (Thumb, 496 bytes, Stack size 48 bytes, foc_pwm.o(i.FOC_PwmModule_ApplySvpwm))
<BR><BR>[Stack]<UL><LI>Max Depth = 140<LI>Call Chain = FOC_PwmModule_ApplySvpwm &rArr; foc_pwm_get_sector_times &rArr; __hardfp_sinf &rArr; __mathlib_rredf2
</UL>
<BR>[Calls]<UL><LI><a href="#[d2]">&gt;&gt;</a>&nbsp;&nbsp;&nbsp;foc_pwm_update_adc_trigger_ccr
<LI><a href="#[d0]">&gt;&gt;</a>&nbsp;&nbsp;&nbsp;foc_pwm_get_sector_times
<LI><a href="#[d1]">&gt;&gt;</a>&nbsp;&nbsp;&nbsp;foc_pwm_clamp_ccr
<LI><a href="#[c9]">&gt;&gt;</a>&nbsp;&nbsp;&nbsp;__hardfp_atan2f
</UL>
<BR>[Called By]<UL><LI><a href="#[153]">&gt;&gt;</a>&nbsp;&nbsp;&nbsp;app_foc_apply_voltage_command
</UL>

<P><STRONG><a name="[8d]"></a>FOC_PwmModule_Init</STRONG> (Thumb, 82 bytes, Stack size 0 bytes, foc_pwm.o(i.FOC_PwmModule_Init))
<BR><BR>[Called By]<UL><LI><a href="#[8b]">&gt;&gt;</a>&nbsp;&nbsp;&nbsp;AppFoc_Init
</UL>

<P><STRONG><a name="[83]"></a>FOC_PwmModule_SetTim1Mid</STRONG> (Thumb, 96 bytes, Stack size 0 bytes, foc_pwm.o(i.FOC_PwmModule_SetTim1Mid))
<BR><BR>[Called By]<UL><LI><a href="#[82]">&gt;&gt;</a>&nbsp;&nbsp;&nbsp;AppFoc_HighFreqTask
<LI><a href="#[99]">&gt;&gt;</a>&nbsp;&nbsp;&nbsp;AppFoc_Start
<LI><a href="#[8b]">&gt;&gt;</a>&nbsp;&nbsp;&nbsp;AppFoc_Init
<LI><a href="#[cd]">&gt;&gt;</a>&nbsp;&nbsp;&nbsp;FOC_ProtectionApplyStop
</UL>

<P><STRONG><a name="[8c]"></a>FOC_SamplingModule_Init</STRONG> (Thumb, 114 bytes, Stack size 0 bytes, foc_sampling.o(i.FOC_SamplingModule_Init))
<BR><BR>[Called By]<UL><LI><a href="#[8b]">&gt;&gt;</a>&nbsp;&nbsp;&nbsp;AppFoc_Init
</UL>

<P><STRONG><a name="[a6]"></a>FOC_SamplingModule_ResetRuntime</STRONG> (Thumb, 50 bytes, Stack size 0 bytes, foc_sampling.o(i.FOC_SamplingModule_ResetRuntime))
<BR><BR>[Called By]<UL><LI><a href="#[99]">&gt;&gt;</a>&nbsp;&nbsp;&nbsp;AppFoc_Start
</UL>

<P><STRONG><a name="[86]"></a>FOC_SamplingModule_RunOffsetCalib</STRONG> (Thumb, 186 bytes, Stack size 24 bytes, foc_sampling.o(i.FOC_SamplingModule_RunOffsetCalib))
<BR><BR>[Stack]<UL><LI>Max Depth = 48<LI>Call Chain = FOC_SamplingModule_RunOffsetCalib &rArr; foc_sampling_cache_injected_raw_debug
</UL>
<BR>[Calls]<UL><LI><a href="#[d3]">&gt;&gt;</a>&nbsp;&nbsp;&nbsp;HAL_ADCEx_InjectedGetValue
<LI><a href="#[d4]">&gt;&gt;</a>&nbsp;&nbsp;&nbsp;foc_sampling_cache_injected_raw_debug
<LI><a href="#[d5]">&gt;&gt;</a>&nbsp;&nbsp;&nbsp;foc_sampling_adc_to_voltage
</UL>
<BR>[Called By]<UL><LI><a href="#[82]">&gt;&gt;</a>&nbsp;&nbsp;&nbsp;AppFoc_HighFreqTask
</UL>

<P><STRONG><a name="[9e]"></a>FOC_SamplingModule_SetAdc1Ready</STRONG> (Thumb, 10 bytes, Stack size 0 bytes, foc_sampling.o(i.FOC_SamplingModule_SetAdc1Ready))
<BR><BR>[Called By]<UL><LI><a href="#[99]">&gt;&gt;</a>&nbsp;&nbsp;&nbsp;AppFoc_Start
<LI><a href="#[a8]">&gt;&gt;</a>&nbsp;&nbsp;&nbsp;AppFoc_Stop
</UL>

<P><STRONG><a name="[163]"></a>FOC_SamplingModule_SetFallbackRequest</STRONG> (Thumb, 10 bytes, Stack size 0 bytes, foc_sampling.o(i.FOC_SamplingModule_SetFallbackRequest))
<BR><BR>[Called By]<UL><LI><a href="#[15f]">&gt;&gt;</a>&nbsp;&nbsp;&nbsp;app_foc_sampling_update
</UL>

<P><STRONG><a name="[162]"></a>FOC_SamplingModule_SetSampleSector</STRONG> (Thumb, 10 bytes, Stack size 0 bytes, foc_sampling.o(i.FOC_SamplingModule_SetSampleSector))
<BR><BR>[Called By]<UL><LI><a href="#[15f]">&gt;&gt;</a>&nbsp;&nbsp;&nbsp;app_foc_sampling_update
</UL>

<P><STRONG><a name="[d6]"></a>FOC_SamplingModule_Update</STRONG> (Thumb, 54 bytes, Stack size 8 bytes, foc_sampling.o(i.FOC_SamplingModule_Update))
<BR><BR>[Stack]<UL><LI>Max Depth = 72<LI>Call Chain = FOC_SamplingModule_Update &rArr; foc_sampling_update_currents &rArr; foc_sampling_cache_injected_raw_debug
</UL>
<BR>[Calls]<UL><LI><a href="#[d7]">&gt;&gt;</a>&nbsp;&nbsp;&nbsp;HAL_ADC_GetValue
<LI><a href="#[d8]">&gt;&gt;</a>&nbsp;&nbsp;&nbsp;foc_sampling_update_currents
<LI><a href="#[d5]">&gt;&gt;</a>&nbsp;&nbsp;&nbsp;foc_sampling_adc_to_voltage
</UL>
<BR>[Called By]<UL><LI><a href="#[15f]">&gt;&gt;</a>&nbsp;&nbsp;&nbsp;app_foc_sampling_update
</UL>

<P><STRONG><a name="[91]"></a>FOC_SwitchoverInit</STRONG> (Thumb, 4 bytes, Stack size 0 bytes, foc_switchover.o(i.FOC_SwitchoverInit))
<BR><BR>[Called By]<UL><LI><a href="#[8b]">&gt;&gt;</a>&nbsp;&nbsp;&nbsp;AppFoc_Init
</UL>

<P><STRONG><a name="[a2]"></a>FOC_SwitchoverReset</STRONG> (Thumb, 52 bytes, Stack size 0 bytes, foc_switchover.o(i.FOC_SwitchoverReset))
<BR><BR>[Called By]<UL><LI><a href="#[98]">&gt;&gt;</a>&nbsp;&nbsp;&nbsp;app_foc_medium_handle_state_machine
<LI><a href="#[99]">&gt;&gt;</a>&nbsp;&nbsp;&nbsp;AppFoc_Start
<LI><a href="#[dd]">&gt;&gt;</a>&nbsp;&nbsp;&nbsp;FOC_SwitchoverUpdate
</UL>

<P><STRONG><a name="[d9]"></a>FOC_SwitchoverSelectTheta</STRONG> (Thumb, 140 bytes, Stack size 24 bytes, foc_switchover.o(i.FOC_SwitchoverSelectTheta))
<BR><BR>[Stack]<UL><LI>Max Depth = 24<LI>Call Chain = FOC_SwitchoverSelectTheta
</UL>
<BR>[Calls]<UL><LI><a href="#[dc]">&gt;&gt;</a>&nbsp;&nbsp;&nbsp;FOC_MathWrap2Pi
<LI><a href="#[da]">&gt;&gt;</a>&nbsp;&nbsp;&nbsp;FOC_OpenLoopGetThetaErad
<LI><a href="#[db]">&gt;&gt;</a>&nbsp;&nbsp;&nbsp;FOC_ObserverGetThetaRad
</UL>
<BR>[Called By]<UL><LI><a href="#[88]">&gt;&gt;</a>&nbsp;&nbsp;&nbsp;app_foc_run_openloop
</UL>

<P><STRONG><a name="[dd]"></a>FOC_SwitchoverUpdate</STRONG> (Thumb, 234 bytes, Stack size 40 bytes, foc_switchover.o(i.FOC_SwitchoverUpdate))
<BR><BR>[Stack]<UL><LI>Max Depth = 72<LI>Call Chain = FOC_SwitchoverUpdate &rArr; foc_switchover_condition
</UL>
<BR>[Calls]<UL><LI><a href="#[de]">&gt;&gt;</a>&nbsp;&nbsp;&nbsp;foc_switchover_condition
<LI><a href="#[df]">&gt;&gt;</a>&nbsp;&nbsp;&nbsp;FOC_ObserverGetAngleErrDeg
<LI><a href="#[a2]">&gt;&gt;</a>&nbsp;&nbsp;&nbsp;FOC_SwitchoverReset
</UL>
<BR>[Called By]<UL><LI><a href="#[88]">&gt;&gt;</a>&nbsp;&nbsp;&nbsp;app_foc_run_openloop
</UL>

<P><STRONG><a name="[ca]"></a>FluxObserver_PLL_reset</STRONG> (Thumb, 102 bytes, Stack size 0 bytes, fluxobserver_pll.o(i.FluxObserver_PLL_reset))
<BR><BR>[Called By]<UL><LI><a href="#[90]">&gt;&gt;</a>&nbsp;&nbsp;&nbsp;FOC_ObserverInit
</UL>

<P><STRONG><a name="[cc]"></a>FluxObserver_PLL_update</STRONG> (Thumb, 22 bytes, Stack size 8 bytes, fluxobserver_pll.o(i.FluxObserver_PLL_update))
<BR><BR>[Stack]<UL><LI>Max Depth = 92<LI>Call Chain = FluxObserver_PLL_update &rArr; PLL_update &rArr; __hardfp_sinf &rArr; __mathlib_rredf2
</UL>
<BR>[Calls]<UL><LI><a href="#[e1]">&gt;&gt;</a>&nbsp;&nbsp;&nbsp;PLL_update
<LI><a href="#[e0]">&gt;&gt;</a>&nbsp;&nbsp;&nbsp;FluxObserver_update
</UL>
<BR>[Called By]<UL><LI><a href="#[cb]">&gt;&gt;</a>&nbsp;&nbsp;&nbsp;FOC_ObserverUpdate
</UL>

<P><STRONG><a name="[e3]"></a>HAL_ADCEx_Calibration_Start</STRONG> (Thumb, 138 bytes, Stack size 24 bytes, stm32g4xx_hal_adc_ex.o(i.HAL_ADCEx_Calibration_Start))
<BR><BR>[Stack]<UL><LI>Max Depth = 40<LI>Call Chain = HAL_ADCEx_Calibration_Start &rArr; ADC_Disable
</UL>
<BR>[Calls]<UL><LI><a href="#[80]">&gt;&gt;</a>&nbsp;&nbsp;&nbsp;ADC_Disable
</UL>
<BR>[Called By]<UL><LI><a href="#[13a]">&gt;&gt;</a>&nbsp;&nbsp;&nbsp;MX_ADC2_Init
<LI><a href="#[139]">&gt;&gt;</a>&nbsp;&nbsp;&nbsp;MX_ADC1_Init
</UL>

<P><STRONG><a name="[f0]"></a>HAL_ADCEx_EndOfSamplingCallback</STRONG> (Thumb, 2 bytes, Stack size 0 bytes, stm32g4xx_hal_adc_ex.o(i.HAL_ADCEx_EndOfSamplingCallback))
<BR><BR>[Called By]<UL><LI><a href="#[7b]">&gt;&gt;</a>&nbsp;&nbsp;&nbsp;HAL_ADC_IRQHandler
</UL>

<P><STRONG><a name="[e4]"></a>HAL_ADCEx_InjectedConfigChannel</STRONG> (Thumb, 1324 bytes, Stack size 40 bytes, stm32g4xx_hal_adc_ex.o(i.HAL_ADCEx_InjectedConfigChannel))
<BR><BR>[Stack]<UL><LI>Max Depth = 48<LI>Call Chain = HAL_ADCEx_InjectedConfigChannel &rArr; LL_ADC_SetChannelSamplingTime
</UL>
<BR>[Calls]<UL><LI><a href="#[e9]">&gt;&gt;</a>&nbsp;&nbsp;&nbsp;LL_ADC_SetOffsetState
<LI><a href="#[e7]">&gt;&gt;</a>&nbsp;&nbsp;&nbsp;LL_ADC_SetChannelSamplingTime
<LI><a href="#[e6]">&gt;&gt;</a>&nbsp;&nbsp;&nbsp;LL_ADC_REG_IsConversionOngoing
<LI><a href="#[e5]">&gt;&gt;</a>&nbsp;&nbsp;&nbsp;LL_ADC_INJ_IsConversionOngoing
<LI><a href="#[e8]">&gt;&gt;</a>&nbsp;&nbsp;&nbsp;LL_ADC_GetOffsetChannel
</UL>
<BR>[Called By]<UL><LI><a href="#[13a]">&gt;&gt;</a>&nbsp;&nbsp;&nbsp;MX_ADC2_Init
<LI><a href="#[139]">&gt;&gt;</a>&nbsp;&nbsp;&nbsp;MX_ADC1_Init
</UL>

<P><STRONG><a name="[ea]"></a>HAL_ADCEx_InjectedConvCpltCallback</STRONG> (Thumb, 12 bytes, Stack size 0 bytes, stm32g4xx_it.o(i.HAL_ADCEx_InjectedConvCpltCallback))
<BR><BR>[Stack]<UL><LI>Max Depth = 252<LI>Call Chain = HAL_ADCEx_InjectedConvCpltCallback &rArr; AppFoc_HighFreqTask &rArr; app_foc_run_run &rArr; FOC_CurrentLoopRunDSoft &rArr; FOC_CurrentLoopMeasureDQ &rArr; ClarkePark_Park &rArr; FOC_Math_SinCos &rArr; __hardfp_sinf &rArr; __mathlib_rredf2
</UL>
<BR>[Calls]<UL><LI><a href="#[82]">&gt;&gt;</a>&nbsp;&nbsp;&nbsp;AppFoc_HighFreqTask
</UL>
<BR>[Called By]<UL><LI><a href="#[7b]">&gt;&gt;</a>&nbsp;&nbsp;&nbsp;HAL_ADC_IRQHandler
</UL>

<P><STRONG><a name="[d3]"></a>HAL_ADCEx_InjectedGetValue</STRONG> (Thumb, 46 bytes, Stack size 0 bytes, stm32g4xx_hal_adc_ex.o(i.HAL_ADCEx_InjectedGetValue))
<BR><BR>[Called By]<UL><LI><a href="#[d8]">&gt;&gt;</a>&nbsp;&nbsp;&nbsp;foc_sampling_update_currents
<LI><a href="#[d4]">&gt;&gt;</a>&nbsp;&nbsp;&nbsp;foc_sampling_cache_injected_raw_debug
<LI><a href="#[86]">&gt;&gt;</a>&nbsp;&nbsp;&nbsp;FOC_SamplingModule_RunOffsetCalib
</UL>

<P><STRONG><a name="[f7]"></a>HAL_ADCEx_InjectedQueueOverflowCallback</STRONG> (Thumb, 2 bytes, Stack size 0 bytes, stm32g4xx_hal_adc_ex.o(i.HAL_ADCEx_InjectedQueueOverflowCallback))
<BR><BR>[Called By]<UL><LI><a href="#[7b]">&gt;&gt;</a>&nbsp;&nbsp;&nbsp;HAL_ADC_IRQHandler
</UL>

<P><STRONG><a name="[9f]"></a>HAL_ADCEx_InjectedStart</STRONG> (Thumb, 262 bytes, Stack size 24 bytes, stm32g4xx_hal_adc_ex.o(i.HAL_ADCEx_InjectedStart))
<BR><BR>[Stack]<UL><LI>Max Depth = 48<LI>Call Chain = HAL_ADCEx_InjectedStart &rArr; ADC_Enable
</UL>
<BR>[Calls]<UL><LI><a href="#[e5]">&gt;&gt;</a>&nbsp;&nbsp;&nbsp;LL_ADC_INJ_IsConversionOngoing
<LI><a href="#[81]">&gt;&gt;</a>&nbsp;&nbsp;&nbsp;ADC_Enable
</UL>
<BR>[Called By]<UL><LI><a href="#[99]">&gt;&gt;</a>&nbsp;&nbsp;&nbsp;AppFoc_Start
</UL>

<P><STRONG><a name="[a0]"></a>HAL_ADCEx_InjectedStart_IT</STRONG> (Thumb, 320 bytes, Stack size 24 bytes, stm32g4xx_hal_adc_ex.o(i.HAL_ADCEx_InjectedStart_IT))
<BR><BR>[Stack]<UL><LI>Max Depth = 48<LI>Call Chain = HAL_ADCEx_InjectedStart_IT &rArr; ADC_Enable
</UL>
<BR>[Calls]<UL><LI><a href="#[e5]">&gt;&gt;</a>&nbsp;&nbsp;&nbsp;LL_ADC_INJ_IsConversionOngoing
<LI><a href="#[81]">&gt;&gt;</a>&nbsp;&nbsp;&nbsp;ADC_Enable
</UL>
<BR>[Called By]<UL><LI><a href="#[99]">&gt;&gt;</a>&nbsp;&nbsp;&nbsp;AppFoc_Start
</UL>

<P><STRONG><a name="[a9]"></a>HAL_ADCEx_InjectedStop</STRONG> (Thumb, 84 bytes, Stack size 16 bytes, stm32g4xx_hal_adc_ex.o(i.HAL_ADCEx_InjectedStop))
<BR><BR>[Stack]<UL><LI>Max Depth = 40<LI>Call Chain = HAL_ADCEx_InjectedStop &rArr; ADC_ConversionStop
</UL>
<BR>[Calls]<UL><LI><a href="#[e6]">&gt;&gt;</a>&nbsp;&nbsp;&nbsp;LL_ADC_REG_IsConversionOngoing
<LI><a href="#[80]">&gt;&gt;</a>&nbsp;&nbsp;&nbsp;ADC_Disable
<LI><a href="#[7c]">&gt;&gt;</a>&nbsp;&nbsp;&nbsp;ADC_ConversionStop
</UL>
<BR>[Called By]<UL><LI><a href="#[a8]">&gt;&gt;</a>&nbsp;&nbsp;&nbsp;AppFoc_Stop
</UL>

<P><STRONG><a name="[aa]"></a>HAL_ADCEx_InjectedStop_IT</STRONG> (Thumb, 94 bytes, Stack size 16 bytes, stm32g4xx_hal_adc_ex.o(i.HAL_ADCEx_InjectedStop_IT))
<BR><BR>[Stack]<UL><LI>Max Depth = 40<LI>Call Chain = HAL_ADCEx_InjectedStop_IT &rArr; ADC_ConversionStop
</UL>
<BR>[Calls]<UL><LI><a href="#[e6]">&gt;&gt;</a>&nbsp;&nbsp;&nbsp;LL_ADC_REG_IsConversionOngoing
<LI><a href="#[80]">&gt;&gt;</a>&nbsp;&nbsp;&nbsp;ADC_Disable
<LI><a href="#[7c]">&gt;&gt;</a>&nbsp;&nbsp;&nbsp;ADC_ConversionStop
</UL>
<BR>[Called By]<UL><LI><a href="#[a8]">&gt;&gt;</a>&nbsp;&nbsp;&nbsp;AppFoc_Stop
</UL>

<P><STRONG><a name="[f4]"></a>HAL_ADCEx_LevelOutOfWindow2Callback</STRONG> (Thumb, 2 bytes, Stack size 0 bytes, stm32g4xx_hal_adc_ex.o(i.HAL_ADCEx_LevelOutOfWindow2Callback))
<BR><BR>[Called By]<UL><LI><a href="#[7b]">&gt;&gt;</a>&nbsp;&nbsp;&nbsp;HAL_ADC_IRQHandler
</UL>

<P><STRONG><a name="[f5]"></a>HAL_ADCEx_LevelOutOfWindow3Callback</STRONG> (Thumb, 2 bytes, Stack size 0 bytes, stm32g4xx_hal_adc_ex.o(i.HAL_ADCEx_LevelOutOfWindow3Callback))
<BR><BR>[Called By]<UL><LI><a href="#[7b]">&gt;&gt;</a>&nbsp;&nbsp;&nbsp;HAL_ADC_IRQHandler
</UL>

<P><STRONG><a name="[eb]"></a>HAL_ADCEx_MultiModeConfigChannel</STRONG> (Thumb, 326 bytes, Stack size 144 bytes, stm32g4xx_hal_adc_ex.o(i.HAL_ADCEx_MultiModeConfigChannel))
<BR><BR>[Stack]<UL><LI>Max Depth = 144<LI>Call Chain = HAL_ADCEx_MultiModeConfigChannel
</UL>
<BR>[Calls]<UL><LI><a href="#[e6]">&gt;&gt;</a>&nbsp;&nbsp;&nbsp;LL_ADC_REG_IsConversionOngoing
</UL>
<BR>[Called By]<UL><LI><a href="#[139]">&gt;&gt;</a>&nbsp;&nbsp;&nbsp;MX_ADC1_Init
</UL>

<P><STRONG><a name="[ec]"></a>HAL_ADC_ConfigChannel</STRONG> (Thumb, 1066 bytes, Stack size 40 bytes, stm32g4xx_hal_adc.o(i.HAL_ADC_ConfigChannel))
<BR><BR>[Stack]<UL><LI>Max Depth = 48<LI>Call Chain = HAL_ADC_ConfigChannel &rArr; LL_ADC_SetChannelSamplingTime
</UL>
<BR>[Calls]<UL><LI><a href="#[ef]">&gt;&gt;</a>&nbsp;&nbsp;&nbsp;LL_ADC_SetOffsetState
<LI><a href="#[ed]">&gt;&gt;</a>&nbsp;&nbsp;&nbsp;LL_ADC_SetChannelSamplingTime
<LI><a href="#[7d]">&gt;&gt;</a>&nbsp;&nbsp;&nbsp;LL_ADC_REG_IsConversionOngoing
<LI><a href="#[7e]">&gt;&gt;</a>&nbsp;&nbsp;&nbsp;LL_ADC_INJ_IsConversionOngoing
<LI><a href="#[ee]">&gt;&gt;</a>&nbsp;&nbsp;&nbsp;LL_ADC_GetOffsetChannel
</UL>
[...]
</UL>
<BR>[Calls]<UL><LI><a href="#[8a]">&gt;&gt;</a>&nbsp;&nbsp;&nbsp;app_foc_stop_to_fault
<LI><a href="#[15f]">&gt;&gt;</a>&nbsp;&nbsp;&nbsp;app_foc_sampling_update
<LI><a href="#[159]">&gt;&gt;</a>&nbsp;&nbsp;&nbsp;app_foc_get_active_command
<LI><a href="#[154]">&gt;&gt;</a>&nbsp;&nbsp;&nbsp;app_foc_d_axis_soft_update
<LI><a href="#[153]">&gt;&gt;</a>&nbsp;&nbsp;&nbsp;app_foc_apply_voltage_command
<LI><a href="#[160]">&gt;&gt;</a>&nbsp;&nbsp;&nbsp;FOC_ProtectionCheckFault
<LI><a href="#[cb]">&gt;&gt;</a>&nbsp;&nbsp;&nbsp;FOC_ObserverUpdate
<LI><a href="#[db]">&gt;&gt;</a>&nbsp;&nbsp;&nbsp;FOC_ObserverGetThetaRad
<LI><a href="#[c1]">&gt;&gt;</a>&nbsp;&nbsp;&nbsp;FOC_CurrentLoopRunDSoft
</UL>
<BR>[Called By]<UL><LI><a href="#[82]">&gt;&gt;</a>&nbsp;&nbsp;&nbsp;AppFoc_HighFreqTask
</UL>

<P><STRONG><a name="[15f]"></a>app_foc_sampling_update</STRONG> (Thumb, 56 bytes, Stack size 16 bytes, app_foc.o(i.app_foc_sampling_update))
<BR><BR>[Stack]<UL><LI>Max Depth = 88<LI>Call Chain = app_foc_sampling_update &rArr; FOC_SamplingModule_Update &rArr; foc_sampling_update_currents &rArr; foc_sampling_cache_injected_raw_debug
</UL>
<BR>[Calls]<UL><LI><a href="#[d6]">&gt;&gt;</a>&nbsp;&nbsp;&nbsp;FOC_SamplingModule_Update
<LI><a href="#[162]">&gt;&gt;</a>&nbsp;&nbsp;&nbsp;FOC_SamplingModule_SetSampleSector
<LI><a href="#[163]">&gt;&gt;</a>&nbsp;&nbsp;&nbsp;FOC_SamplingModule_SetFallbackRequest
</UL>
<BR>[Called By]<UL><LI><a href="#[89]">&gt;&gt;</a>&nbsp;&nbsp;&nbsp;app_foc_run_run
<LI><a href="#[88]">&gt;&gt;</a>&nbsp;&nbsp;&nbsp;app_foc_run_openloop
<LI><a href="#[87]">&gt;&gt;</a>&nbsp;&nbsp;&nbsp;app_foc_run_align
</UL>

<P><STRONG><a name="[92]"></a>app_foc_speed_loop_init</STRONG> (Thumb, 68 bytes, Stack size 8 bytes, app_foc.o(i.app_foc_speed_loop_init))
<BR><BR>[Stack]<UL><LI>Max Depth = 8<LI>Call Chain = app_foc_speed_loop_init
</UL>
<BR>[Calls]<UL><LI><a href="#[c0]">&gt;&gt;</a>&nbsp;&nbsp;&nbsp;PIController_Reset
<LI><a href="#[bd]">&gt;&gt;</a>&nbsp;&nbsp;&nbsp;PIController_Init
</UL>
<BR>[Called By]<UL><LI><a href="#[8b]">&gt;&gt;</a>&nbsp;&nbsp;&nbsp;AppFoc_Init
</UL>

<P><STRONG><a name="[a7]"></a>app_foc_speed_loop_reset</STRONG> (Thumb, 62 bytes, Stack size 16 bytes, app_foc.o(i.app_foc_speed_loop_reset))
<BR><BR>[Stack]<UL><LI>Max Depth = 16<LI>Call Chain = app_foc_speed_loop_reset
</UL>
<BR>[Calls]<UL><LI><a href="#[c0]">&gt;&gt;</a>&nbsp;&nbsp;&nbsp;PIController_Reset
<LI><a href="#[7f]">&gt;&gt;</a>&nbsp;&nbsp;&nbsp;HAL_GetTick
</UL>
<BR>[Called By]<UL><LI><a href="#[15c]">&gt;&gt;</a>&nbsp;&nbsp;&nbsp;app_foc_prepare_run_entry
<LI><a href="#[99]">&gt;&gt;</a>&nbsp;&nbsp;&nbsp;AppFoc_Start
</UL>

<P><STRONG><a name="[15d]"></a>app_foc_speed_loop_step</STRONG> (Thumb, 332 bytes, Stack size 24 bytes, app_foc.o(i.app_foc_speed_loop_step))
<BR><BR>[Stack]<UL><LI>Max Depth = 48<LI>Call Chain = app_foc_speed_loop_step &rArr; PIController_Run
</UL>
<BR>[Calls]<UL><LI><a href="#[15e]">&gt;&gt;</a>&nbsp;&nbsp;&nbsp;app_foc_elec_rad_s_to_mech_rad_s
<LI><a href="#[155]">&gt;&gt;</a>&nbsp;&nbsp;&nbsp;app_foc_clampf
<LI><a href="#[c3]">&gt;&gt;</a>&nbsp;&nbsp;&nbsp;PIController_Run
<LI><a href="#[c0]">&gt;&gt;</a>&nbsp;&nbsp;&nbsp;PIController_Reset
<LI><a href="#[7f]">&gt;&gt;</a>&nbsp;&nbsp;&nbsp;HAL_GetTick
</UL>
<BR>[Called By]<UL><LI><a href="#[98]">&gt;&gt;</a>&nbsp;&nbsp;&nbsp;app_foc_medium_handle_state_machine
</UL>

<P><STRONG><a name="[8a]"></a>app_foc_stop_to_fault</STRONG> (Thumb, 30 bytes, Stack size 8 bytes, app_foc.o(i.app_foc_stop_to_fault))
<BR><BR>[Stack]<UL><LI>Max Depth = 24<LI>Call Chain = app_foc_stop_to_fault &rArr; app_foc_latch_fault_snapshot
</UL>
<BR>[Calls]<UL><LI><a href="#[15b]">&gt;&gt;</a>&nbsp;&nbsp;&nbsp;app_foc_latch_fault_snapshot
<LI><a href="#[cd]">&gt;&gt;</a>&nbsp;&nbsp;&nbsp;FOC_ProtectionApplyStop
</UL>
<BR>[Called By]<UL><LI><a href="#[89]">&gt;&gt;</a>&nbsp;&nbsp;&nbsp;app_foc_run_run
<LI><a href="#[88]">&gt;&gt;</a>&nbsp;&nbsp;&nbsp;app_foc_run_openloop
<LI><a href="#[87]">&gt;&gt;</a>&nbsp;&nbsp;&nbsp;app_foc_run_align
<LI><a href="#[82]">&gt;&gt;</a>&nbsp;&nbsp;&nbsp;AppFoc_HighFreqTask
<LI><a href="#[a8]">&gt;&gt;</a>&nbsp;&nbsp;&nbsp;AppFoc_Stop
</UL>

<P><STRONG><a name="[96]"></a>app_foc_update_runtime_snapshot</STRONG> (Thumb, 618 bytes, Stack size 272 bytes, app_foc.o(i.app_foc_update_runtime_snapshot))
<BR><BR>[Stack]<UL><LI>Max Depth = 336<LI>Call Chain = app_foc_update_runtime_snapshot &rArr; app_foc_fill_runtime_snapshot &rArr; FOC_ObserverGetFluxThetaRad &rArr; __hardfp_atan2f
</UL>
<BR>[Calls]<UL><LI><a href="#[156]">&gt;&gt;</a>&nbsp;&nbsp;&nbsp;app_foc_fill_runtime_snapshot
</UL>
<BR>[Called By]<UL><LI><a href="#[99]">&gt;&gt;</a>&nbsp;&nbsp;&nbsp;AppFoc_Start
<LI><a href="#[97]">&gt;&gt;</a>&nbsp;&nbsp;&nbsp;AppFoc_MediumFreqTask
<LI><a href="#[8b]">&gt;&gt;</a>&nbsp;&nbsp;&nbsp;AppFoc_Init
<LI><a href="#[a8]">&gt;&gt;</a>&nbsp;&nbsp;&nbsp;AppFoc_Stop
</UL>

<P><STRONG><a name="[d5]"></a>foc_sampling_adc_to_voltage</STRONG> (Thumb, 18 bytes, Stack size 0 bytes, foc_sampling.o(i.foc_sampling_adc_to_voltage))
<BR><BR>[Called By]<UL><LI><a href="#[d8]">&gt;&gt;</a>&nbsp;&nbsp;&nbsp;foc_sampling_update_currents
<LI><a href="#[d6]">&gt;&gt;</a>&nbsp;&nbsp;&nbsp;FOC_SamplingModule_Update
<LI><a href="#[86]">&gt;&gt;</a>&nbsp;&nbsp;&nbsp;FOC_SamplingModule_RunOffsetCalib
</UL>

<P><STRONG><a name="[d4]"></a>foc_sampling_cache_injected_raw_debug</STRONG> (Thumb, 44 bytes, Stack size 24 bytes, foc_sampling.o(i.foc_sampling_cache_injected_raw_debug))
<BR><BR>[Stack]<UL><LI>Max Depth = 24<LI>Call Chain = foc_sampling_cache_injected_raw_debug
</UL>
<BR>[Calls]<UL><LI><a href="#[d3]">&gt;&gt;</a>&nbsp;&nbsp;&nbsp;HAL_ADCEx_InjectedGetValue
</UL>
<BR>[Called By]<UL><LI><a href="#[d8]">&gt;&gt;</a>&nbsp;&nbsp;&nbsp;foc_sampling_update_currents
<LI><a href="#[86]">&gt;&gt;</a>&nbsp;&nbsp;&nbsp;FOC_SamplingModule_RunOffsetCalib
</UL>

<P><STRONG><a name="[164]"></a>foc_sampling_current_from_adc</STRONG> (Thumb, 18 bytes, Stack size 0 bytes, foc_sampling.o(i.foc_sampling_current_from_adc))
<BR><BR>[Called By]<UL><LI><a href="#[d8]">&gt;&gt;</a>&nbsp;&nbsp;&nbsp;foc_sampling_update_currents
</UL>

<P><STRONG><a name="[d8]"></a>foc_sampling_update_currents</STRONG> (Thumb, 302 bytes, Stack size 40 bytes, foc_sampling.o(i.foc_sampling_update_currents))
<BR><BR>[Stack]<UL><LI>Max Depth = 64<LI>Call Chain = foc_sampling_update_currents &rArr; foc_sampling_cache_injected_raw_debug
</UL>
<BR>[Calls]<UL><LI><a href="#[d3]">&gt;&gt;</a>&nbsp;&nbsp;&nbsp;HAL_ADCEx_InjectedGetValue
<LI><a href="#[164]">&gt;&gt;</a>&nbsp;&nbsp;&nbsp;foc_sampling_current_from_adc
<LI><a href="#[d4]">&gt;&gt;</a>&nbsp;&nbsp;&nbsp;foc_sampling_cache_injected_raw_debug
<LI><a href="#[d5]">&gt;&gt;</a>&nbsp;&nbsp;&nbsp;foc_sampling_adc_to_voltage
</UL>
<BR>[Called By]<UL><LI><a href="#[d6]">&gt;&gt;</a>&nbsp;&nbsp;&nbsp;FOC_SamplingModule_Update
</UL>

<P><STRONG><a name="[d1]"></a>foc_pwm_clamp_ccr</STRONG> (Thumb, 24 bytes, Stack size 0 bytes, foc_pwm.o(i.foc_pwm_clamp_ccr))
<BR><BR>[Called By]<UL><LI><a href="#[d2]">&gt;&gt;</a>&nbsp;&nbsp;&nbsp;foc_pwm_update_adc_trigger_ccr
<LI><a href="#[cf]">&gt;&gt;</a>&nbsp;&nbsp;&nbsp;FOC_PwmModule_ApplySvpwm
</UL>

<P><STRONG><a name="[d0]"></a>foc_pwm_get_sector_times</STRONG> (Thumb, 284 bytes, Stack size 56 bytes, foc_pwm.o(i.foc_pwm_get_sector_times))
<BR><BR>[Stack]<UL><LI>Max Depth = 92<LI>Call Chain = foc_pwm_get_sector_times &rArr; __hardfp_sinf &rArr; __mathlib_rredf2
</UL>
<BR>[Calls]<UL><LI><a href="#[e2]">&gt;&gt;</a>&nbsp;&nbsp;&nbsp;__hardfp_sqrtf
<LI><a href="#[c6]">&gt;&gt;</a>&nbsp;&nbsp;&nbsp;__hardfp_sinf
<LI><a href="#[c9]">&gt;&gt;</a>&nbsp;&nbsp;&nbsp;__hardfp_atan2f
</UL>
<BR>[Called By]<UL><LI><a href="#[cf]">&gt;&gt;</a>&nbsp;&nbsp;&nbsp;FOC_PwmModule_ApplySvpwm
</UL>

<P><STRONG><a name="[d2]"></a>foc_pwm_update_adc_trigger_ccr</STRONG> (Thumb, 200 bytes, Stack size 32 bytes, foc_pwm.o(i.foc_pwm_update_adc_trigger_ccr))
<BR><BR>[Stack]<UL><LI>Max Depth = 32<LI>Call Chain = foc_pwm_update_adc_trigger_ccr
</UL>
<BR>[Calls]<UL><LI><a href="#[d1]">&gt;&gt;</a>&nbsp;&nbsp;&nbsp;foc_pwm_clamp_ccr
</UL>
<BR>[Called By]<UL><LI><a href="#[cf]">&gt;&gt;</a>&nbsp;&nbsp;&nbsp;FOC_PwmModule_ApplySvpwm
</UL>

<P><STRONG><a name="[c4]"></a>foc_current_loop_limit_vector</STRONG> (Thumb, 102 bytes, Stack size 24 bytes, foc_current_loop.o(i.foc_current_loop_limit_vector))
<BR><BR>[Stack]<UL><LI>Max Depth = 40<LI>Call Chain = foc_current_loop_limit_vector &rArr; __hardfp_sqrtf
</UL>
<BR>[Calls]<UL><LI><a href="#[e2]">&gt;&gt;</a>&nbsp;&nbsp;&nbsp;__hardfp_sqrtf
</UL>
<BR>[Called By]<UL><LI><a href="#[c5]">&gt;&gt;</a>&nbsp;&nbsp;&nbsp;FOC_CurrentLoopRunWithRef
<LI><a href="#[c1]">&gt;&gt;</a>&nbsp;&nbsp;&nbsp;FOC_CurrentLoopRunDSoft
</UL>

<P><STRONG><a name="[c2]"></a>foc_current_loop_set_pi_limit</STRONG> (Thumb, 36 bytes, Stack size 0 bytes, foc_current_loop.o(i.foc_current_loop_set_pi_limit))
<BR><BR>[Called By]<UL><LI><a href="#[c5]">&gt;&gt;</a>&nbsp;&nbsp;&nbsp;FOC_CurrentLoopRunWithRef
<LI><a href="#[c1]">&gt;&gt;</a>&nbsp;&nbsp;&nbsp;FOC_CurrentLoopRunDSoft
</UL>

<P><STRONG><a name="[dc]"></a>FOC_MathWrap2Pi</STRONG> (Thumb, 40 bytes, Stack size 0 bytes, foc_switchover.o(i.FOC_MathWrap2Pi))
<BR><BR>[Called By]<UL><LI><a href="#[d9]">&gt;&gt;</a>&nbsp;&nbsp;&nbsp;FOC_SwitchoverSelectTheta
</UL>

<P><STRONG><a name="[de]"></a>foc_switchover_condition</STRONG> (Thumb, 178 bytes, Stack size 32 bytes, foc_switchover.o(i.foc_switchover_condition))
<BR><BR>[Stack]<UL><LI>Max Depth = 32<LI>Call Chain = foc_switchover_condition
</UL>
<BR>[Calls]<UL><LI><a href="#[165]">&gt;&gt;</a>&nbsp;&nbsp;&nbsp;FOC_ObserverGetSpeedRadPerSec
<LI><a href="#[df]">&gt;&gt;</a>&nbsp;&nbsp;&nbsp;FOC_ObserverGetAngleErrDeg
<LI><a href="#[166]">&gt;&gt;</a>&nbsp;&nbsp;&nbsp;FOC_OpenLoopGetFreqHz
<LI><a href="#[158]">&gt;&gt;</a>&nbsp;&nbsp;&nbsp;FOC_OpenLoopGetElecSpeedRadPerSec
</UL>
<BR>[Called By]<UL><LI><a href="#[dd]">&gt;&gt;</a>&nbsp;&nbsp;&nbsp;FOC_SwitchoverUpdate
</UL>

<P><STRONG><a name="[ee]"></a>LL_ADC_GetOffsetChannel</STRONG> (Thumb, 12 bytes, Stack size 0 bytes, stm32g4xx_hal_adc.o(i.LL_ADC_GetOffsetChannel))
<BR><BR>[Called By]<UL><LI><a href="#[ec]">&gt;&gt;</a>&nbsp;&nbsp;&nbsp;HAL_ADC_ConfigChannel
</UL>

<P><STRONG><a name="[7e]"></a>LL_ADC_INJ_IsConversionOngoing</STRONG> (Thumb, 8 bytes, Stack size 0 bytes, stm32g4xx_hal_adc.o(i.LL_ADC_INJ_IsConversionOngoing))
<BR><BR>[Called By]<UL><LI><a href="#[7b]">&gt;&gt;</a>&nbsp;&nbsp;&nbsp;HAL_ADC_IRQHandler
<LI><a href="#[f8]">&gt;&gt;</a>&nbsp;&nbsp;&nbsp;HAL_ADC_Init
<LI><a href="#[ec]">&gt;&gt;</a>&nbsp;&nbsp;&nbsp;HAL_ADC_ConfigChannel
<LI><a href="#[7c]">&gt;&gt;</a>&nbsp;&nbsp;&nbsp;ADC_ConversionStop
</UL>

<P><STRONG><a name="[7d]"></a>LL_ADC_REG_IsConversionOngoing</STRONG> (Thumb, 8 bytes, Stack size 0 bytes, stm32g4xx_hal_adc.o(i.LL_ADC_REG_IsConversionOngoing))
<BR><BR>[Called By]<UL><LI><a href="#[7b]">&gt;&gt;</a>&nbsp;&nbsp;&nbsp;HAL_ADC_IRQHandler
<LI><a href="#[f8]">&gt;&gt;</a>&nbsp;&nbsp;&nbsp;HAL_ADC_Init
<LI><a href="#[ec]">&gt;&gt;</a>&nbsp;&nbsp;&nbsp;HAL_ADC_ConfigChannel
<LI><a href="#[7c]">&gt;&gt;</a>&nbsp;&nbsp;&nbsp;ADC_ConversionStop
<LI><a href="#[9d]">&gt;&gt;</a>&nbsp;&nbsp;&nbsp;HAL_ADC_Start
</UL>

<P><STRONG><a name="[f1]"></a>LL_ADC_REG_IsTriggerSourceSWStart</STRONG> (Thumb, 16 bytes, Stack size 0 bytes, stm32g4xx_hal_adc.o(i.LL_ADC_REG_IsTriggerSourceSWStart))
<BR><BR>[Called By]<UL><LI><a href="#[7b]">&gt;&gt;</a>&nbsp;&nbsp;&nbsp;HAL_ADC_IRQHandler
</UL>

<P><STRONG><a name="[ed]"></a>LL_ADC_SetChannelSamplingTime</STRONG> (Thumb, 30 bytes, Stack size 8 bytes, stm32g4xx_hal_adc.o(i.LL_ADC_SetChannelSamplingTime))
<BR><BR>[Stack]<UL><LI>Max Depth = 8<LI>Call Chain = LL_ADC_SetChannelSamplingTime
</UL>
<BR>[Called By]<UL><LI><a href="#[ec]">&gt;&gt;</a>&nbsp;&nbsp;&nbsp;HAL_ADC_ConfigChannel
</UL>

<P><STRONG><a name="[ef]"></a>LL_ADC_SetOffsetState</STRONG> (Thumb, 16 bytes, Stack size 0 bytes, stm32g4xx_hal_adc.o(i.LL_ADC_SetOffsetState))
<BR><BR>[Called By]<UL><LI><a href="#[ec]">&gt;&gt;</a>&nbsp;&nbsp;&nbsp;HAL_ADC_ConfigChannel
</UL>

<P><STRONG><a name="[e8]"></a>LL_ADC_GetOffsetChannel</STRONG> (Thumb, 12 bytes, Stack size 0 bytes, stm32g4xx_hal_adc_ex.o(i.LL_ADC_GetOffsetChannel))
<BR><BR>[Called By]<UL><LI><a href="#[e4]">&gt;&gt;</a>&nbsp;&nbsp;&nbsp;HAL_ADCEx_InjectedConfigChannel
</UL>

<P><STRONG><a name="[e5]"></a>LL_ADC_INJ_IsConversionOngoing</STRONG> (Thumb, 8 bytes, Stack size 0 bytes, stm32g4xx_hal_adc_ex.o(i.LL_ADC_INJ_IsConversionOngoing))
<BR><BR>[Called By]<UL><LI><a href="#[e4]">&gt;&gt;</a>&nbsp;&nbsp;&nbsp;HAL_ADCEx_InjectedConfigChannel
<LI><a href="#[a0]">&gt;&gt;</a>&nbsp;&nbsp;&nbsp;HAL_ADCEx_InjectedStart_IT
<LI><a href="#[9f]">&gt;&gt;</a>&nbsp;&nbsp;&nbsp;HAL_ADCEx_InjectedStart
</UL>

<P><STRONG><a name="[e6]"></a>LL_ADC_REG_IsConversionOngoing</STRONG> (Thumb, 8 bytes, Stack size 0 bytes, stm32g4xx_hal_adc_ex.o(i.LL_ADC_REG_IsConversionOngoing))
<BR><BR>[Called By]<UL><LI><a href="#[eb]">&gt;&gt;</a>&nbsp;&nbsp;&nbsp;HAL_ADCEx_MultiModeConfigChannel
<LI><a href="#[e4]">&gt;&gt;</a>&nbsp;&nbsp;&nbsp;HAL_ADCEx_InjectedConfigChannel
<LI><a href="#[aa]">&gt;&gt;</a>&nbsp;&nbsp;&nbsp;HAL_ADCEx_InjectedStop_IT
<LI><a href="#[a9]">&gt;&gt;</a>&nbsp;&nbsp;&nbsp;HAL_ADCEx_InjectedStop
</UL>

<P><STRONG><a name="[e7]"></a>LL_ADC_SetChannelSamplingTime</STRONG> (Thumb, 30 bytes, Stack size 8 bytes, stm32g4xx_hal_adc_ex.o(i.LL_ADC_SetChannelSamplingTime))
<BR><BR>[Stack]<UL><LI>Max Depth = 8<LI>Call Chain = LL_ADC_SetChannelSamplingTime
</UL>
<BR>[Called By]<UL><LI><a href="#[e4]">&gt;&gt;</a>&nbsp;&nbsp;&nbsp;HAL_ADCEx_InjectedConfigChannel
</UL>

<P><STRONG><a name="[e9]"></a>LL_ADC_SetOffsetState</STRONG> (Thumb, 16 bytes, Stack size 0 bytes, stm32g4xx_hal_adc_ex.o(i.LL_ADC_SetOffsetState))
<BR><BR>[Called By]<UL><LI><a href="#[e4]">&gt;&gt;</a>&nbsp;&nbsp;&nbsp;HAL_ADCEx_InjectedConfigChannel
</UL>

<P><STRONG><a name="[103]"></a>DMA_CalcDMAMUXChannelBaseAndMask</STRONG> (Thumb, 54 bytes, Stack size 0 bytes, stm32g4xx_hal_dma.o(i.DMA_CalcDMAMUXChannelBaseAndMask))
<BR><BR>[Called By]<UL><LI><a href="#[102]">&gt;&gt;</a>&nbsp;&nbsp;&nbsp;HAL_DMA_Init
</UL>

<P><STRONG><a name="[104]"></a>DMA_CalcDMAMUXRequestGenBaseAndMask</STRONG> (Thumb, 30 bytes, Stack size 0 bytes, stm32g4xx_hal_dma.o(i.DMA_CalcDMAMUXRequestGenBaseAndMask))
<BR><BR>[Called By]<UL><LI><a href="#[102]">&gt;&gt;</a>&nbsp;&nbsp;&nbsp;HAL_DMA_Init
</UL>

<P><STRONG><a name="[10c]"></a>__NVIC_SetPriority</STRONG> (Thumb, 32 bytes, Stack size 0 bytes, stm32g4xx_hal_cortex.o(i.__NVIC_SetPriority))
<BR><BR>[Called By]<UL><LI><a href="#[10a]">&gt;&gt;</a>&nbsp;&nbsp;&nbsp;HAL_SYSTICK_Config
<LI><a href="#[fe]">&gt;&gt;</a>&nbsp;&nbsp;&nbsp;HAL_NVIC_SetPriority
</UL>

<P><STRONG><a name="[118]"></a>TIM_ITRx_SetConfig</STRONG> (Thumb, 16 bytes, Stack size 0 bytes, stm32g4xx_hal_tim.o(i.TIM_ITRx_SetConfig))
<BR><BR>[Called By]<UL><LI><a href="#[114]">&gt;&gt;</a>&nbsp;&nbsp;&nbsp;HAL_TIM_ConfigClockSource
</UL>

<P><STRONG><a name="[128]"></a>TIM_OC1_SetConfig</STRONG> (Thumb, 144 bytes, Stack size 32 bytes, stm32g4xx_hal_tim.o(i.TIM_OC1_SetConfig))
<BR><BR>[Stack]<UL><LI>Max Depth = 32<LI>Call Chain = TIM_OC1_SetConfig
</UL>
<BR>[Called By]<UL><LI><a href="#[127]">&gt;&gt;</a>&nbsp;&nbsp;&nbsp;HAL_TIM_PWM_ConfigChannel
</UL>

<P><STRONG><a name="[12a]"></a>TIM_OC3_SetConfig</STRONG> (Thumb, 130 bytes, Stack size 20 bytes, stm32g4xx_hal_tim.o(i.TIM_OC3_SetConfig))
<BR><BR>[Stack]<UL><LI>Max Depth = 20<LI>Call Chain = TIM_OC3_SetConfig
</UL>
<BR>[Called By]<UL><LI><a href="#[127]">&gt;&gt;</a>&nbsp;&nbsp;&nbsp;HAL_TIM_PWM_ConfigChannel
</UL>

<P><STRONG><a name="[12b]"></a>TIM_OC4_SetConfig</STRONG> (Thumb, 132 bytes, Stack size 20 bytes, stm32g4xx_hal_tim.o(i.TIM_OC4_SetConfig))
<BR><BR>[Stack]<UL><LI>Max Depth = 20<LI>Call Chain = TIM_OC4_SetConfig
</UL>
<BR>[Called By]<UL><LI><a href="#[127]">&gt;&gt;</a>&nbsp;&nbsp;&nbsp;HAL_TIM_PWM_ConfigChannel
</UL>

<P><STRONG><a name="[12c]"></a>TIM_OC5_SetConfig</STRONG> (Thumb, 92 bytes, Stack size 12 bytes, stm32g4xx_hal_tim.o(i.TIM_OC5_SetConfig))
<BR><BR>[Stack]<UL><LI>Max Depth = 12<LI>Call Chain = TIM_OC5_SetConfig
</UL>
<BR>[Called By]<UL><LI><a href="#[127]">&gt;&gt;</a>&nbsp;&nbsp;&nbsp;HAL_TIM_PWM_ConfigChannel
</UL>

<P><STRONG><a name="[12d]"></a>TIM_OC6_SetConfig</STRONG> (Thumb, 94 bytes, Stack size 12 bytes, stm32g4xx_hal_tim.o(i.TIM_OC6_SetConfig))
<BR><BR>[Stack]<UL><LI>Max Depth = 12<LI>Call Chain = TIM_OC6_SetConfig
</UL>
<BR>[Called By]<UL><LI><a href="#[127]">&gt;&gt;</a>&nbsp;&nbsp;&nbsp;HAL_TIM_PWM_ConfigChannel
</UL>

<P><STRONG><a name="[116]"></a>TIM_TI1_ConfigInputStage</STRONG> (Thumb, 34 bytes, Stack size 8 bytes, stm32g4xx_hal_tim.o(i.TIM_TI1_ConfigInputStage))
<BR><BR>[Stack]<UL><LI>Max Depth = 8<LI>Call Chain = TIM_TI1_ConfigInputStage
</UL>
<BR>[Called By]<UL><LI><a href="#[114]">&gt;&gt;</a>&nbsp;&nbsp;&nbsp;HAL_TIM_ConfigClockSource
</UL>

<P><STRONG><a name="[117]"></a>TIM_TI2_ConfigInputStage</STRONG> (Thumb, 36 bytes, Stack size 8 bytes, stm32g4xx_hal_tim.o(i.TIM_TI2_ConfigInputStage))
<BR><BR>[Stack]<UL><LI>Max Depth = 8<LI>Call Chain = TIM_TI2_ConfigInputStage
</UL>
<BR>[Called By]<UL><LI><a href="#[114]">&gt;&gt;</a>&nbsp;&nbsp;&nbsp;HAL_TIM_ConfigClockSource
</UL>

<P><STRONG><a name="[110]"></a>TIM_CCxNChannelCmd</STRONG> (Thumb, 26 bytes, Stack size 8 bytes, stm32g4xx_hal_tim_ex.o(i.TIM_CCxNChannelCmd))
<BR><BR>[Stack]<UL><LI>Max Depth = 8<LI>Call Chain = TIM_CCxNChannelCmd
</UL>
<BR>[Called By]<UL><LI><a href="#[ad]">&gt;&gt;</a>&nbsp;&nbsp;&nbsp;HAL_TIMEx_PWMN_Stop
<LI><a href="#[9b]">&gt;&gt;</a>&nbsp;&nbsp;&nbsp;HAL_TIMEx_PWMN_Start
</UL>

<P><STRONG><a name="[14b]"></a>UART_EndRxTransfer</STRONG> (Thumb, 78 bytes, Stack size 8 bytes, stm32g4xx_hal_uart.o(i.UART_EndRxTransfer))
<BR><BR>[Stack]<UL><LI>Max Depth = 8<LI>Call Chain = UART_EndRxTransfer
</UL>
<BR>[Called By]<UL><LI><a href="#[148]">&gt;&gt;</a>&nbsp;&nbsp;&nbsp;UART_WaitOnFlagUntilTimeout
</UL>

<P><STRONG><a name="[132]"></a>UARTEx_SetNbDataToProcess</STRONG> (Thumb, 62 bytes, Stack size 12 bytes, stm32g4xx_hal_uart_ex.o(i.UARTEx_SetNbDataToProcess))
<BR><BR>[Stack]<UL><LI>Max Depth = 12<LI>Call Chain = UARTEx_SetNbDataToProcess
</UL>
<BR>[Called By]<UL><LI><a href="#[133]">&gt;&gt;</a>&nbsp;&nbsp;&nbsp;HAL_UARTEx_SetTxFifoThreshold
<LI><a href="#[131]">&gt;&gt;</a>&nbsp;&nbsp;&nbsp;HAL_UARTEx_SetRxFifoThreshold
</UL>

<P><STRONG><a name="[b2]"></a>BSP_KEY_HandleSpeedStep</STRONG> (Thumb, 126 bytes, Stack size 24 bytes, bsp_key.o(i.BSP_KEY_HandleSpeedStep))
<BR><BR>[Stack]<UL><LI>Max Depth = 32<LI>Call Chain = BSP_KEY_HandleSpeedStep &rArr; BSP_KEY_ProgramSpeedTarget
</UL>
<BR>[Calls]<UL><LI><a href="#[7f]">&gt;&gt;</a>&nbsp;&nbsp;&nbsp;HAL_GetTick
<LI><a href="#[b3]">&gt;&gt;</a>&nbsp;&nbsp;&nbsp;BSP_KEY_ProgramSpeedTarget
</UL>
<BR>[Called By]<UL><LI><a href="#[b7]">&gt;&gt;</a>&nbsp;&nbsp;&nbsp;BSP_KEY_Task
</UL>

<P><STRONG><a name="[b3]"></a>BSP_KEY_ProgramSpeedTarget</STRONG> (Thumb, 28 bytes, Stack size 8 bytes, bsp_key.o(i.BSP_KEY_ProgramSpeedTarget))
<BR><BR>[Stack]<UL><LI>Max Depth = 8<LI>Call Chain = BSP_KEY_ProgramSpeedTarget
</UL>
<BR>[Calls]<UL><LI><a href="#[b5]">&gt;&gt;</a>&nbsp;&nbsp;&nbsp;AppFoc_SetSpeedTargetMechHz
<LI><a href="#[b4]">&gt;&gt;</a>&nbsp;&nbsp;&nbsp;bsp_key_clampf
</UL>
<BR>[Called By]<UL><LI><a href="#[b2]">&gt;&gt;</a>&nbsp;&nbsp;&nbsp;BSP_KEY_HandleSpeedStep
</UL>

<P><STRONG><a name="[b4]"></a>bsp_key_clampf</STRONG> (Thumb, 32 bytes, Stack size 0 bytes, bsp_key.o(i.bsp_key_clampf))
<BR><BR>[Called By]<UL><LI><a href="#[b6]">&gt;&gt;</a>&nbsp;&nbsp;&nbsp;BSP_KEY_SetSpeedTargetHz
<LI><a href="#[b3]">&gt;&gt;</a>&nbsp;&nbsp;&nbsp;BSP_KEY_ProgramSpeedTarget
</UL>
<P>
<H3>
Undefined Global Symbols
</H3><HR></body></html>
