Component: ARM Compiler 5.06 update 7 (build 960) Tool: armlink [4d3601]

==============================================================================

Section Cross References

    startup_stm32g474xx.o(RESET) refers to startup_stm32g474xx.o(STACK) for __initial_sp
    startup_stm32g474xx.o(RESET) refers to startup_stm32g474xx.o(.text) for Reset_Handler
    startup_stm32g474xx.o(RESET) refers to stm32g4xx_it.o(i.NMI_Handler) for NMI_Handler
    startup_stm32g474xx.o(RESET) refers to stm32g4xx_it.o(i.HardFault_Handler) for HardFault_Handler
    startup_stm32g474xx.o(RESET) refers to stm32g4xx_it.o(i.MemManage_Handler) for MemManage_Handler
    startup_stm32g474xx.o(RESET) refers to stm32g4xx_it.o(i.BusFault_Handler) for BusFault_Handler
    startup_stm32g474xx.o(RESET) refers to stm32g4xx_it.o(i.UsageFault_Handler) for UsageFault_Handler
    startup_stm32g474xx.o(RESET) refers to stm32g4xx_it.o(i.SVC_Handler) for SVC_Handler
    startup_stm32g474xx.o(RESET) refers to stm32g4xx_it.o(i.DebugMon_Handler) for DebugMon_Handler
    startup_stm32g474xx.o(RESET) refers to stm32g4xx_it.o(i.PendSV_Handler) for PendSV_Handler
    startup_stm32g474xx.o(RESET) refers to stm32g4xx_it.o(i.SysTick_Handler) for SysTick_Handler
    startup_stm32g474xx.o(RESET) refers to stm32g4xx_it.o(i.DMA1_Channel1_IRQHandler) for DMA1_Channel1_IRQHandler
    startup_stm32g474xx.o(RESET) refers to stm32g4xx_it.o(i.ADC1_2_IRQHandler) for ADC1_2_IRQHandler
    startup_stm32g474xx.o(RESET) refers to stm32g4xx_it.o(i.TIM1_BRK_TIM15_IRQHandler) for TIM1_BRK_TIM15_IRQHandler
    startup_stm32g474xx.o(RESET) refers to stm32g4xx_it.o(i.TIM1_UP_TIM16_IRQHandler) for TIM1_UP_TIM16_IRQHandler
    startup_stm32g474xx.o(RESET) refers to stm32g4xx_it.o(i.EXTI15_10_IRQHandler) for EXTI15_10_IRQHandler
    startup_stm32g474xx.o(.text) refers to system_stm32g4xx.o(i.SystemInit) for SystemInit
    startup_stm32g474xx.o(.text) refers to entry.o(.ARM.Collect$$$$00000000) for __main
    main.o(i.SystemClock_Config) refers to memseta.o(.text) for __aeabi_memclr4
    main.o(i.SystemClock_Config) refers to stm32g4xx_hal_pwr_ex.o(i.HAL_PWREx_ControlVoltageScaling) for HAL_PWREx_ControlVoltageScaling
    main.o(i.SystemClock_Config) refers to stm32g4xx_hal_rcc.o(i.HAL_RCC_OscConfig) for HAL_RCC_OscConfig
    main.o(i.SystemClock_Config) refers to stm32g4xx_hal_rcc.o(i.HAL_RCC_ClockConfig) for HAL_RCC_ClockConfig
    main.o(i.SystemClock_Config) refers to stm32g4xx_hal_rcc_ex.o(i.HAL_RCCEx_PeriphCLKConfig) for HAL_RCCEx_PeriphCLKConfig
    main.o(i.main) refers to stm32g4xx_hal.o(i.HAL_Init) for HAL_Init
    main.o(i.main) refers to main.o(i.SystemClock_Config) for SystemClock_Config
    main.o(i.main) refers to bsp_gpio.o(i.MX_GPIO_Init) for MX_GPIO_Init
    main.o(i.main) refers to bsp_dma.o(i.MX_DMA_Init) for MX_DMA_Init
    main.o(i.main) refers to bsp_usart.o(i.MX_USART1_UART_Init) for MX_USART1_UART_Init
    main.o(i.main) refers to bsp_adc.o(i.MX_ADC1_Init) for MX_ADC1_Init
    main.o(i.main) refers to bsp_adc.o(i.MX_ADC2_Init) for MX_ADC2_Init
    main.o(i.main) refers to bsp_tim.o(i.MX_TIM1_Init) for MX_TIM1_Init
    main.o(i.main) refers to bsp_cordic.o(i.MX_CORDIC_Init) for MX_CORDIC_Init
    main.o(i.main) refers to bsp_key.o(i.BSP_KEY_Init) for BSP_KEY_Init
    main.o(i.main) refers to app_foc.o(i.AppFoc_Init) for AppFoc_Init
    main.o(i.main) refers to app_foc.o(i.AppFoc_Start) for AppFoc_Start
    main.o(i.main) refers to bsp_key.o(i.BSP_KEY_Task) for BSP_KEY_Task
    main.o(i.main) refers to app_foc.o(i.AppFoc_MediumFreqTask) for AppFoc_MediumFreqTask
    main.o(i.main) refers to app_debug.o(i.AppDebug_Task) for AppDebug_Task
    stm32g4xx_it.o(i.ADC1_2_IRQHandler) refers to stm32g4xx_hal_adc.o(i.HAL_ADC_IRQHandler) for HAL_ADC_IRQHandler
    stm32g4xx_it.o(i.ADC1_2_IRQHandler) refers to bsp_adc.o(.bss) for hadc2
    stm32g4xx_it.o(i.DMA1_Channel1_IRQHandler) refers to stm32g4xx_hal_dma.o(i.HAL_DMA_IRQHandler) for HAL_DMA_IRQHandler
    stm32g4xx_it.o(i.DMA1_Channel1_IRQHandler) refers to bsp_usart.o(.bss) for hdma_usart1_rx
    stm32g4xx_it.o(i.EXTI15_10_IRQHandler) refers to stm32g4xx_hal_gpio.o(i.HAL_GPIO_EXTI_IRQHandler) for HAL_GPIO_EXTI_IRQHandler
    stm32g4xx_it.o(i.HAL_ADCEx_InjectedConvCpltCallback) refers to app_foc.o(i.AppFoc_HighFreqTask) for AppFoc_HighFreqTask
    stm32g4xx_it.o(i.HAL_ADCEx_InjectedConvCpltCallback) refers to bsp_adc.o(.bss) for hadc2
    stm32g4xx_it.o(i.SysTick_Handler) refers to stm32g4xx_hal.o(i.HAL_IncTick) for HAL_IncTick
    stm32g4xx_it.o(i.TIM1_BRK_TIM15_IRQHandler) refers to stm32g4xx_hal_tim.o(i.HAL_TIM_IRQHandler) for HAL_TIM_IRQHandler
    stm32g4xx_it.o(i.TIM1_BRK_TIM15_IRQHandler) refers to bsp_tim.o(.bss) for htim1
    stm32g4xx_it.o(i.TIM1_UP_TIM16_IRQHandler) refers to stm32g4xx_hal_tim.o(i.HAL_TIM_IRQHandler) for HAL_TIM_IRQHandler
    stm32g4xx_it.o(i.TIM1_UP_TIM16_IRQHandler) refers to bsp_tim.o(.bss) for htim1
[...]
    i.__mathlib_flt_underflow                0x08006698   Section        0  funder.o(i.__mathlib_flt_underflow)
    i.__mathlib_rredf2                       0x080066a8   Section        0  rredf.o(i.__mathlib_rredf2)
    i.__scatterload_copy                     0x080067fc   Section       14  handlers.o(i.__scatterload_copy)
    i.__scatterload_null                     0x0800680a   Section        2  handlers.o(i.__scatterload_null)
    i.__scatterload_zeroinit                 0x0800680c   Section       14  handlers.o(i.__scatterload_zeroinit)
    i.__set_errno                            0x0800681c   Section        0  errno.o(i.__set_errno)
    i.app_foc_apply_voltage_command          0x08006828   Section        0  app_foc.o(i.app_foc_apply_voltage_command)
    app_foc_apply_voltage_command            0x08006829   Thumb Code    64  app_foc.o(i.app_foc_apply_voltage_command)
    i.app_foc_clampf                         0x08006870   Section        0  app_foc.o(i.app_foc_clampf)
    app_foc_clampf                           0x08006871   Thumb Code    32  app_foc.o(i.app_foc_clampf)
    i.app_foc_clear_current_loop_debug       0x08006890   Section        0  app_foc.o(i.app_foc_clear_current_loop_debug)
    app_foc_clear_current_loop_debug         0x08006891   Thumb Code    50  app_foc.o(i.app_foc_clear_current_loop_debug)
    i.app_foc_commit_command_active          0x080068d0   Section        0  app_foc.o(i.app_foc_commit_command_active)
    app_foc_commit_command_active            0x080068d1   Thumb Code    56  app_foc.o(i.app_foc_commit_command_active)
    i.app_foc_d_axis_soft_reset              0x0800690c   Section        0  app_foc.o(i.app_foc_d_axis_soft_reset)
    app_foc_d_axis_soft_reset                0x0800690d   Thumb Code    28  app_foc.o(i.app_foc_d_axis_soft_reset)
    i.app_foc_d_axis_soft_update             0x08006930   Section        0  app_foc.o(i.app_foc_d_axis_soft_update)
    app_foc_d_axis_soft_update               0x08006931   Thumb Code    70  app_foc.o(i.app_foc_d_axis_soft_update)
    i.app_foc_drive_enable                   0x08006984   Section        0  app_foc.o(i.app_foc_drive_enable)
    app_foc_drive_enable                     0x08006985   Thumb Code    18  app_foc.o(i.app_foc_drive_enable)
    i.app_foc_elec_rad_s_to_mech_rad_s       0x0800699c   Section        0  app_foc.o(i.app_foc_elec_rad_s_to_mech_rad_s)
    app_foc_elec_rad_s_to_mech_rad_s         0x0800699d   Thumb Code    10  app_foc.o(i.app_foc_elec_rad_s_to_mech_rad_s)
    i.app_foc_fill_runtime_snapshot          0x080069a8   Section        0  app_foc.o(i.app_foc_fill_runtime_snapshot)
    app_foc_fill_runtime_snapshot            0x080069a9   Thumb Code   606  app_foc.o(i.app_foc_fill_runtime_snapshot)
    i.app_foc_get_active_command             0x08006c10   Section        0  app_foc.o(i.app_foc_get_active_command)
    app_foc_get_active_command               0x08006c11   Thumb Code    60  app_foc.o(i.app_foc_get_active_command)
    i.app_foc_latch_fault_snapshot           0x08006c50   Section        0  app_foc.o(i.app_foc_latch_fault_snapshot)
    app_foc_latch_fault_snapshot             0x08006c51   Thumb Code   204  app_foc.o(i.app_foc_latch_fault_snapshot)
    i.app_foc_medium_handle_state_machine    0x08006d24   Section        0  app_foc.o(i.app_foc_medium_handle_state_machine)
    app_foc_medium_handle_state_machine      0x08006d25   Thumb Code   468  app_foc.o(i.app_foc_medium_handle_state_machine)
    i.app_foc_medium_reset_command_defaults  0x08006f08   Section        0  app_foc.o(i.app_foc_medium_reset_command_defaults)
    app_foc_medium_reset_command_defaults    0x08006f09   Thumb Code    46  app_foc.o(i.app_foc_medium_reset_command_defaults)
    i.app_foc_prepare_run_entry              0x08006f44   Section        0  app_foc.o(i.app_foc_prepare_run_entry)
    app_foc_prepare_run_entry                0x08006f45   Thumb Code    84  app_foc.o(i.app_foc_prepare_run_entry)
    i.app_foc_run_align                      0x08006fa4   Section        0  app_foc.o(i.app_foc_run_align)
    app_foc_run_align                        0x08006fa5   Thumb Code   178  app_foc.o(i.app_foc_run_align)
    i.app_foc_run_openloop                   0x08007068   Section        0  app_foc.o(i.app_foc_run_openloop)
    app_foc_run_openloop                     0x08007069   Thumb Code   172  app_foc.o(i.app_foc_run_openloop)
    i.app_foc_run_run                        0x08007120   Section        0  app_foc.o(i.app_foc_run_run)
    app_foc_run_run                          0x08007121   Thumb Code   146  app_foc.o(i.app_foc_run_run)
    i.app_foc_sampling_update                0x080071c4   Section        0  app_foc.o(i.app_foc_sampling_update)
    app_foc_sampling_update                  0x080071c5   Thumb Code    56  app_foc.o(i.app_foc_sampling_update)
    i.app_foc_speed_loop_init                0x08007204   Section        0  app_foc.o(i.app_foc_speed_loop_init)
    app_foc_speed_loop_init                  0x08007205   Thumb Code    68  app_foc.o(i.app_foc_speed_loop_init)
    i.app_foc_speed_loop_reset               0x08007254   Section        0  app_foc.o(i.app_foc_speed_loop_reset)
    app_foc_speed_loop_reset                 0x08007255   Thumb Code    62  app_foc.o(i.app_foc_speed_loop_reset)
    i.app_foc_speed_loop_step                0x08007298   Section        0  app_foc.o(i.app_foc_speed_loop_step)
    app_foc_speed_loop_step                  0x08007299   Thumb Code   332  app_foc.o(i.app_foc_speed_loop_step)
    i.app_foc_stop_to_fault                  0x08007408   Section        0  app_foc.o(i.app_foc_stop_to_fault)
    app_foc_stop_to_fault                    0x08007409   Thumb Code    30  app_foc.o(i.app_foc_stop_to_fault)
    i.app_foc_update_runtime_snapshot        0x08007430   Section        0  app_foc.o(i.app_foc_update_runtime_snapshot)
    app_foc_update_runtime_snapshot          0x08007431   Thumb Code   618  app_foc.o(i.app_foc_update_runtime_snapshot)
    i.bsp_key_clampf                         0x080076a4   Section        0  bsp_key.o(i.bsp_key_clampf)
    bsp_key_clampf                           0x080076a5   Thumb Code    32  bsp_key.o(i.bsp_key_clampf)
    i.clampf_local                           0x080076c4   Section        0  fluxobserver_pll.o(i.clampf_local)
    clampf_local                             0x080076c5   Thumb Code    32  fluxobserver_pll.o(i.clampf_local)
    i.foc_current_loop_limit_vector          0x080076e4   Section        0  foc_current_loop.o(i.foc_current_loop_limit_vector)
    foc_current_loop_limit_vector            0x080076e5   Thumb Code   102  foc_current_loop.o(i.foc_current_loop_limit_vector)
    i.foc_current_loop_set_pi_limit          0x0800774a   Section        0  foc_current_loop.o(i.foc_current_loop_set_pi_limit)
    foc_current_loop_set_pi_limit            0x0800774b   Thumb Code    36  foc_current_loop.o(i.foc_current_loop_set_pi_limit)
    i.foc_pwm_clamp_ccr                      0x0800776e   Section        0  foc_pwm.o(i.foc_pwm_clamp_ccr)
    foc_pwm_clamp_ccr                        0x0800776f   Thumb Code    24  foc_pwm.o(i.foc_pwm_clamp_ccr)
    i.foc_pwm_get_sector_times               0x08007788   Section        0  foc_pwm.o(i.foc_pwm_get_sector_times)
    foc_pwm_get_sector_times                 0x08007789   Thumb Code   284  foc_pwm.o(i.foc_pwm_get_sector_times)
    i.foc_pwm_update_adc_trigger_ccr         0x080078c4   Section        0  foc_pwm.o(i.foc_pwm_update_adc_trigger_ccr)
    foc_pwm_update_adc_trigger_ccr           0x080078c5   Thumb Code   200  foc_pwm.o(i.foc_pwm_update_adc_trigger_ccr)
    i.foc_sampling_adc_to_voltage            0x08007990   Section        0  foc_sampling.o(i.foc_sampling_adc_to_voltage)
    foc_sampling_adc_to_voltage              0x08007991   Thumb Code    18  foc_sampling.o(i.foc_sampling_adc_to_voltage)
    i.foc_sampling_cache_injected_raw_debug  0x080079a8   Section        0  foc_sampling.o(i.foc_sampling_cache_injected_raw_debug)
    foc_sampling_cache_injected_raw_debug    0x080079a9   Thumb Code    44  foc_sampling.o(i.foc_sampling_cache_injected_raw_debug)
    i.foc_sampling_current_from_adc          0x080079d8   Section        0  foc_sampling.o(i.foc_sampling_current_from_adc)
    foc_sampling_current_from_adc            0x080079d9   Thumb Code    18  foc_sampling.o(i.foc_sampling_current_from_adc)
    i.foc_sampling_update_currents           0x080079f0   Section        0  foc_sampling.o(i.foc_sampling_update_currents)
    foc_sampling_update_currents             0x080079f1   Thumb Code   302  foc_sampling.o(i.foc_sampling_update_currents)
    i.foc_switchover_condition               0x08007b24   Section        0  foc_switchover.o(i.foc_switchover_condition)
    foc_switchover_condition                 0x08007b25   Thumb Code   178  foc_switchover.o(i.foc_switchover_condition)
    i.main                                   0x08007be8   Section        0  main.o(i.main)
    .constdata                               0x08007c26   Section       24  stm32g4xx_hal_uart.o(.constdata)
    .constdata                               0x08007c3e   Section       16  stm32g4xx_hal_uart_ex.o(.constdata)
    numerator                                0x08007c3e   Data           8  stm32g4xx_hal_uart_ex.o(.constdata)
    denominator                              0x08007c46   Data           8  stm32g4xx_hal_uart_ex.o(.constdata)
    .constdata                               0x08007c4e   Section       16  system_stm32g4xx.o(.constdata)
    .constdata                               0x08007c5e   Section        8  system_stm32g4xx.o(.constdata)
    .constdata                               0x08007c68   Section       32  bsp_key.o(.constdata)
    <Data1>                                  0x08007c68   Data          16  bsp_key.o(.constdata)
    <Data2>                                  0x08007c78   Data          16  bsp_key.o(.constdata)
    .constdata                               0x08007c88   Section       32  rredf.o(.constdata)
    twooverpi                                0x08007c88   Data          32  rredf.o(.constdata)
    .data                                    0x20000000   Section       24  fluxobserver_pll.o(.data)
    s_flux_s_alpha                           0x20000000   Data           4  fluxobserver_pll.o(.data)
    s_flux_s_beta                            0x20000004   Data           4  fluxobserver_pll.o(.data)
    s_theta_rad                              0x20000008   Data           4  fluxobserver_pll.o(.data)
    s_speed_rad_s                            0x2000000c   Data           4  fluxobserver_pll.o(.data)
    s_speed_filt_rad_s                       0x20000010   Data           4  fluxobserver_pll.o(.data)
    s_pll_integral                           0x20000014   Data           4  fluxobserver_pll.o(.data)
    .data                                    0x20000018   Section       32  app_foc.o(.data)
    s_state                                  0x20000018   Data           1  app_foc.o(.data)
    s_run_entry_prepared                     0x20000019   Data           1  app_foc.o(.data)
    s_last_dt_enable                         0x2000001a   Data           1  app_foc.o(.data)
    s_prev_state                             0x2000001b   Data           1  app_foc.o(.data)
    s_fault_flags                            0x2000001c   Data           4  app_foc.o(.data)
    s_runtime_seq                            0x20000020   Data           4  app_foc.o(.data)
    s_last_medium_tick_ms                    0x20000024   Data           4  app_foc.o(.data)
    s_medium_task_dt_sec                     0x20000028   Data           4  app_foc.o(.data)
    s_d_axis_soft_start_ms                   0x2000002c   Data           4  app_foc.o(.data)
    s_d_axis_enable_k                        0x20000030   Data           4  app_foc.o(.data)
    s_d_axis_vd_limit_v                      0x20000034   Data           4  app_foc.o(.data)
    .data                                    0x20000038   Section       12  stm32g4xx_hal.o(.data)
    .data                                    0x20000044   Section        4  system_stm32g4xx.o(.data)
    .data                                    0x20000048   Section        8  bsp_key.o(.data)
    g_key_last_tick                          0x20000048   Data           4  bsp_key.o(.data)
    g_speed_target_mech_hz                   0x2000004c   Data           4  bsp_key.o(.data)
    .data                                    0x20000050   Section        4  bsp_adc.o(.data)
    HAL_RCC_ADC12_CLK_ENABLED                0x20000050   Data           4  bsp_adc.o(.data)
    .data                                    0x20000054   Section        4  errno.o(.data)
    _errno                                   0x20000054   Data           4  errno.o(.data)
    .bss                                     0x20000058   Section      820  app_foc.o(.bss)
    s_sampling                               0x20000058   Data          84  app_foc.o(.bss)
    s_pwm                                    0x200000ac   Data          44  app_foc.o(.bss)
    s_current_loop                           0x200000d8   Data          96  app_foc.o(.bss)
    s_openloop                               0x20000138   Data          12  app_foc.o(.bss)
    s_observer                               0x20000144   Data          76  app_foc.o(.bss)
    s_switchover                             0x20000190   Data          48  app_foc.o(.bss)
    s_cmd                                    0x200001c0   Data          20  app_foc.o(.bss)
    s_cmd_active                             0x200001d4   Data          20  app_foc.o(.bss)
    s_feedback                               0x200001e8   Data          16  app_foc.o(.bss)
    s_fault_snapshot                         0x200001f8   Data          80  app_foc.o(.bss)
    s_speed_loop                             0x20000248   Data          60  app_foc.o(.bss)
    s_runtime_snapshot                       0x20000284   Data         264  app_foc.o(.bss)
    .bss                                     0x2000038c   Section      340  bsp_usart.o(.bss)
    .bss                                     0x200004e0   Section       76  bsp_tim.o(.bss)
    .bss                                     0x2000052c   Section       32  bsp_key.o(.bss)
    g_key0_state                             0x2000052c   Data          16  bsp_key.o(.bss)
    g_key1_state                             0x2000053c   Data          16  bsp_key.o(.bss)
    .bss                                     0x2000054c   Section       40  bsp_cordic.o(.bss)
    .bss                                     0x20000574   Section      216  bsp_adc.o(.bss)
    STACK                                    0x20000650   Section     1024  startup_stm32g474xx.o(STACK)

    Global Symbols

    Symbol Name                              Value     Ov Type        Size  Object(Section)

    BuildAttributes$$THM_ISAv4$E$P$D$K$B$S$7EM$VFPi3$EXTD16$VFPS$VFMA$PE$A:L22UL41UL21$X:L11$S22US41US21$IEEE1$IW$USESV6$~STKCKD$USESV7$~SHL$OTIME$ROPI$IEEEX$EBA8$MICROLIB$REQ8$PRES8$EABIv2 0x00000000   Number         0  anon$$obj.o ABSOLUTE
    __ARM_use_no_argv                        0x00000000   Number         0  main.o ABSOLUTE
    __arm_fini_                               - Undefined Weak Reference
    __cpp_initialize__aeabi_                  - Undefined Weak Reference
    __cxa_finalize                            - Undefined Weak Reference
    __decompress                              - Undefined Weak Reference
    _clock_init                               - Undefined Weak Reference
    _microlib_exit                            - Undefined Weak Reference
    __Vectors_Size                           0x000001d8   Number         0  startup_stm32g474xx.o ABSOLUTE
    __Vectors                                0x08000000   Data           4  startup_stm32g474xx.o(RESET)
    __Vectors_End                            0x080001d8   Data           0  startup_stm32g474xx.o(RESET)
    __main                                   0x080001d9   Thumb Code     0  entry.o(.ARM.Collect$$$$00000000)
    _main_stk                                0x080001d9   Thumb Code     0  entry2.o(.ARM.Collect$$$$00000001)
    _main_scatterload                        0x080001dd   Thumb Code     0  entry5.o(.ARM.Collect$$$$00000004)
    __main_after_scatterload                 0x080001e1   Thumb Code     0  entry5.o(.ARM.Collect$$$$00000004)
    _main_clock                              0x080001e1   Thumb Code     0  entry7b.o(.ARM.Collect$$$$00000008)
    _main_cpp_init                           0x080001e1   Thumb Code     0  entry8b.o(.ARM.Collect$$$$0000000A)
    _main_init                               0x080001e1   Thumb Code     0  entry9a.o(.ARM.Collect$$$$0000000B)
    __rt_lib_shutdown_fini                   0x080001e9   Thumb Code     0  entry12b.o(.ARM.Collect$$$$0000000E)
    __rt_final_cpp                           0x080001ed   Thumb Code     0  entry10a.o(.ARM.Collect$$$$0000000F)
    __rt_final_exit                          0x080001ed   Thumb Code     0  entry11a.o(.ARM.Collect$$$$00000011)
    Reset_Handler                            0x080001f1   Thumb Code     8  startup_stm32g474xx.o(.text)
    ADC3_IRQHandler                          0x0800020b   Thumb Code     0  startup_stm32g474xx.o(.text)
    ADC4_IRQHandler                          0x0800020b   Thumb Code     0  startup_stm32g474xx.o(.text)
    ADC5_IRQHandler                          0x0800020b   Thumb Code     0  startup_stm32g474xx.o(.text)
    COMP1_2_3_IRQHandler                     0x0800020b   Thumb Code     0  startup_stm32g474xx.o(.text)
    COMP4_5_6_IRQHandler                     0x0800020b   Thumb Code     0  startup_stm32g474xx.o(.text)
    COMP7_IRQHandler                         0x0800020b   Thumb Code     0  startup_stm32g474xx.o(.text)
    CORDIC_IRQHandler                        0x0800020b   Thumb Code     0  startup_stm32g474xx.o(.text)
    CRS_IRQHandler                           0x0800020b   Thumb Code     0  startup_stm32g474xx.o(.text)
    DMA1_Channel2_IRQHandler                 0x0800020b   Thumb Code     0  startup_stm32g474xx.o(.text)
    DMA1_Channel3_IRQHandler                 0x0800020b   Thumb Code     0  startup_stm32g474xx.o(.text)
    DMA1_Channel4_IRQHandler                 0x0800020b   Thumb Code     0  startup_stm32g474xx.o(.text)
    DMA1_Channel5_IRQHandler                 0x0800020b   Thumb Code     0  startup_stm32g474xx.o(.text)
    DMA1_Channel6_IRQHandler                 0x0800020b   Thumb Code     0  startup_stm32g474xx.o(.text)
    DMA1_Channel7_IRQHandler                 0x0800020b   Thumb Code     0  startup_stm32g474xx.o(.text)
    DMA1_Channel8_IRQHandler                 0x0800020b   Thumb Code     0  startup_stm32g474xx.o(.text)
    DMA2_Channel1_IRQHandler                 0x0800020b   Thumb Code     0  startup_stm32g474xx.o(.text)
    DMA2_Channel2_IRQHandler                 0x0800020b   Thumb Code     0  startup_stm32g474xx.o(.text)
    DMA2_Channel3_IRQHandler                 0x0800020b   Thumb Code     0  startup_stm32g474xx.o(.text)
    DMA2_Channel4_IRQHandler                 0x0800020b   Thumb Code     0  startup_stm32g474xx.o(.text)
    DMA2_Channel5_IRQHandler                 0x0800020b   Thumb Code     0  startup_stm32g474xx.o(.text)
    DMA2_Channel6_IRQHandler                 0x0800020b   Thumb Code     0  startup_stm32g474xx.o(.text)
    DMA2_Channel7_IRQHandler                 0x0800020b   Thumb Code     0  startup_stm32g474xx.o(.text)
    DMA2_Channel8_IRQHandler                 0x0800020b   Thumb Code     0  startup_stm32g474xx.o(.text)
    DMAMUX_OVR_IRQHandler                    0x0800020b   Thumb Code     0  startup_stm32g474xx.o(.text)
    EXTI0_IRQHandler                         0x0800020b   Thumb Code     0  startup_stm32g474xx.o(.text)
    EXTI1_IRQHandler                         0x0800020b   Thumb Code     0  startup_stm32g474xx.o(.text)
    EXTI2_IRQHandler                         0x0800020b   Thumb Code     0  startup_stm32g474xx.o(.text)
    EXTI3_IRQHandler                         0x0800020b   Thumb Code     0  startup_stm32g474xx.o(.text)
    EXTI4_IRQHandler                         0x0800020b   Thumb Code     0  startup_stm32g474xx.o(.text)
    EXTI9_5_IRQHandler                       0x0800020b   Thumb Code     0  startup_stm32g474xx.o(.text)
    FDCAN1_IT0_IRQHandler                    0x0800020b   Thumb Code     0  startup_stm32g474xx.o(.text)
    FDCAN1_IT1_IRQHandler                    0x0800020b   Thumb Code     0  startup_stm32g474xx.o(.text)
    FDCAN2_IT0_IRQHandler                    0x0800020b   Thumb Code     0  startup_stm32g474xx.o(.text)
    FDCAN2_IT1_IRQHandler                    0x0800020b   Thumb Code     0  startup_stm32g474xx.o(.text)
    FDCAN3_IT0_IRQHandler                    0x0800020b   Thumb Code     0  startup_stm32g474xx.o(.text)
    FDCAN3_IT1_IRQHandler                    0x0800020b   Thumb Code     0  startup_stm32g474xx.o(.text)
    FLASH_IRQHandler                         0x0800020b   Thumb Code     0  startup_stm32g474xx.o(.text)
    FMAC_IRQHandler                          0x0800020b   Thumb Code     0  startup_stm32g474xx.o(.text)
    FMC_IRQHandler                           0x0800020b   Thumb Code     0  startup_stm32g474xx.o(.text)
    FPU_IRQHandler                           0x0800020b   Thumb Code     0  startup_stm32g474xx.o(.text)
    HRTIM1_FLT_IRQHandler                    0x0800020b   Thumb Code     0  startup_stm32g474xx.o(.text)
    HRTIM1_Master_IRQHandler                 0x0800020b   Thumb Code     0  startup_stm32g474xx.o(.text)
    HRTIM1_TIMA_IRQHandler                   0x0800020b   Thumb Code     0  startup_stm32g474xx.o(.text)
    HRTIM1_TIMB_IRQHandler                   0x0800020b   Thumb Code     0  startup_stm32g474xx.o(.text)
    HRTIM1_TIMC_IRQHandler                   0x0800020b   Thumb Code     0  startup_stm32g474xx.o(.text)
    HRTIM1_TIMD_IRQHandler                   0x0800020b   Thumb Code     0  startup_stm32g474xx.o(.text)
    HRTIM1_TIME_IRQHandler                   0x0800020b   Thumb Code     0  startup_stm32g474xx.o(.text)
    HRTIM1_TIMF_IRQHandler                   0x0800020b   Thumb Code     0  startup_stm32g474xx.o(.text)
    I2C1_ER_IRQHandler                       0x0800020b   Thumb Code     0  startup_stm32g474xx.o(.text)
    I2C1_EV_IRQHandler                       0x0800020b   Thumb Code     0  startup_stm32g474xx.o(.text)
    I2C2_ER_IRQHandler                       0x0800020b   Thumb Code     0  startup_stm32g474xx.o(.text)
    I2C2_EV_IRQHandler                       0x0800020b   Thumb Code     0  startup_stm32g474xx.o(.text)
    I2C3_ER_IRQHandler                       0x0800020b   Thumb Code     0  startup_stm32g474xx.o(.text)
    I2C3_EV_IRQHandler                       0x0800020b   Thumb Code     0  startup_stm32g474xx.o(.text)
    I2C4_ER_IRQHandler                       0x0800020b   Thumb Code     0  startup_stm32g474xx.o(.text)
    I2C4_EV_IRQHandler                       0x0800020b   Thumb Code     0  startup_stm32g474xx.o(.text)
    LPTIM1_IRQHandler                        0x0800020b   Thumb Code     0  startup_stm32g474xx.o(.text)
    LPUART1_IRQHandler                       0x0800020b   Thumb Code     0  startup_stm32g474xx.o(.text)
    PVD_PVM_IRQHandler                       0x0800020b   Thumb Code     0  startup_stm32g474xx.o(.text)
    QUADSPI_IRQHandler                       0x0800020b   Thumb Code     0  startup_stm32g474xx.o(.text)
    RCC_IRQHandler                           0x0800020b   Thumb Code     0  startup_stm32g474xx.o(.text)
    RNG_IRQHandler                           0x0800020b   Thumb Code     0  startup_stm32g474xx.o(.text)
    RTC_Alarm_IRQHandler                     0x0800020b   Thumb Code     0  startup_stm32g474xx.o(.text)
    RTC_TAMP_LSECSS_IRQHandler               0x0800020b   Thumb Code     0  startup_stm32g474xx.o(.text)
    RTC_WKUP_IRQHandler                      0x0800020b   Thumb Code     0  startup_stm32g474xx.o(.text)
    SAI1_IRQHandler                          0x0800020b   Thumb Code     0  startup_stm32g474xx.o(.text)
    SPI1_IRQHandler                          0x0800020b   Thumb Code     0  startup_stm32g474xx.o(.text)
    SPI2_IRQHandler                          0x0800020b   Thumb Code     0  startup_stm32g474xx.o(.text)
    SPI3_IRQHandler                          0x0800020b   Thumb Code     0  startup_stm32g474xx.o(.text)
    SPI4_IRQHandler                          0x0800020b   Thumb Code     0  startup_stm32g474xx.o(.text)
    TIM1_CC_IRQHandler                       0x0800020b   Thumb Code     0  startup_stm32g474xx.o(.text)
    TIM1_TRG_COM_TIM17_IRQHandler            0x0800020b   Thumb Code     0  startup_stm32g474xx.o(.text)
    TIM20_BRK_IRQHandler                     0x0800020b   Thumb Code     0  startup_stm32g474xx.o(.text)
    TIM20_CC_IRQHandler                      0x0800020b   Thumb Code     0  startup_stm32g474xx.o(.text)
    TIM20_TRG_COM_IRQHandler                 0x0800020b   Thumb Code     0  startup_stm32g474xx.o(.text)
    TIM20_UP_IRQHandler                      0x0800020b   Thumb Code     0  startup_stm32g474xx.o(.text)
    TIM2_IRQHandler                          0x0800020b   Thumb Code     0  startup_stm32g474xx.o(.text)
    TIM3_IRQHandler                          0x0800020b   Thumb Code     0  startup_stm32g474xx.o(.text)
    TIM4_IRQHandler                          0x0800020b   Thumb Code     0  startup_stm32g474xx.o(.text)
    TIM5_IRQHandler                          0x0800020b   Thumb Code     0  startup_stm32g474xx.o(.text)
    TIM6_DAC_IRQHandler                      0x0800020b   Thumb Code     0  startup_stm32g474xx.o(.text)
    TIM7_DAC_IRQHandler                      0x0800020b   Thumb Code     0  startup_stm32g474xx.o(.text)
    TIM8_BRK_IRQHandler                      0x0800020b   Thumb Code     0  startup_stm32g474xx.o(.text)
    TIM8_CC_IRQHandler                       0x0800020b   Thumb Code     0  startup_stm32g474xx.o(.text)
    TIM8_TRG_COM_IRQHandler                  0x0800020b   Thumb Code     0  startup_stm32g474xx.o(.text)
    TIM8_UP_IRQHandler                       0x0800020b   Thumb Code     0  startup_stm32g474xx.o(.text)
    UART4_IRQHandler                         0x0800020b   Thumb Code     0  startup_stm32g474xx.o(.text)
    UART5_IRQHandler                         0x0800020b   Thumb Code     0  startup_stm32g474xx.o(.text)
    UCPD1_IRQHandler                         0x0800020b   Thumb Code     0  startup_stm32g474xx.o(.text)
    USART1_IRQHandler                        0x0800020b   Thumb Code     0  startup_stm32g474xx.o(.text)
    USART2_IRQHandler                        0x0800020b   Thumb Code     0  startup_stm32g474xx.o(.text)
    USART3_IRQHandler                        0x0800020b   Thumb Code     0  startup_stm32g474xx.o(.text)
    USBWakeUp_IRQHandler                     0x0800020b   Thumb Code     0  startup_stm32g474xx.o(.text)
    USB_HP_IRQHandler                        0x0800020b   Thumb Code     0  startup_stm32g474xx.o(.text)
    USB_LP_IRQHandler                        0x0800020b   Thumb Code     0  startup_stm32g474xx.o(.text)
    WWDG_IRQHandler                          0x0800020b   Thumb Code     0  startup_stm32g474xx.o(.text)
    __aeabi_uldivmod                         0x08000215   Thumb Code    98  uldiv.o(.text)
    __aeabi_memcpy                           0x08000277   Thumb Code    36  memcpya.o(.text)
    __aeabi_memcpy4                          0x08000277   Thumb Code     0  memcpya.o(.text)
    __aeabi_memcpy8                          0x08000277   Thumb Code     0  memcpya.o(.text)
    __aeabi_memset                           0x0800029b   Thumb Code    14  memseta.o(.text)
    __aeabi_memset4                          0x0800029b   Thumb Code     0  memseta.o(.text)
    __aeabi_memset8                          0x0800029b   Thumb Code     0  memseta.o(.text)
    __aeabi_memclr                           0x080002a9   Thumb Code     4  memseta.o(.text)
    __aeabi_memclr4                          0x080002a9   Thumb Code     0  memseta.o(.text)
    __aeabi_memclr8                          0x080002a9   Thumb Code     0  memseta.o(.text)
    _memset$wrapper                          0x080002ad   Thumb Code    18  memseta.o(.text)
    __aeabi_llsl                             0x080002bf   Thumb Code    30  llshl.o(.text)
    _ll_shift_l                              0x080002bf   Thumb Code     0  llshl.o(.text)
    __aeabi_llsr                             0x080002dd   Thumb Code    32  llushr.o(.text)
    _ll_ushift_r                             0x080002dd   Thumb Code     0  llushr.o(.text)
    __I$use$fp                               0x080002fd   Thumb Code     0  iusefp.o(.text)
    __scatterload                            0x080002fd   Thumb Code    28  init.o(.text)
    __scatterload_rt2                        0x080002fd   Thumb Code     0  init.o(.text)
    ADC1_2_IRQHandler                        0x08000321   Thumb Code     6  stm32g4xx_it.o(i.ADC1_2_IRQHandler)
    ADC_ConversionStop                       0x0800032d   Thumb Code   220  stm32g4xx_hal_adc.o(i.ADC_ConversionStop)
    ADC_Disable                              0x08000411   Thumb Code   106  stm32g4xx_hal_adc.o(i.ADC_Disable)
    ADC_Enable                               0x08000481   Thumb Code   172  stm32g4xx_hal_adc.o(i.ADC_Enable)
    AppDebug_Task                            0x08000545   Thumb Code     2  app_debug.o(i.AppDebug_Task)
    AppFoc_GetState                          0x08000549   Thumb Code     6  app_foc.o(i.AppFoc_GetState)
    AppFoc_HighFreqTask                      0x08000555   Thumb Code   118  app_foc.o(i.AppFoc_HighFreqTask)
    AppFoc_Init                              0x080005d9   Thumb Code   122  app_foc.o(i.AppFoc_Init)
    AppFoc_MediumFreqTask                    0x08000665   Thumb Code    50  app_foc.o(i.AppFoc_MediumFreqTask)
    AppFoc_SetSpeedTargetMechHz              0x080006a1   Thumb Code    46  app_foc.o(i.AppFoc_SetSpeedTargetMechHz)
    AppFoc_Start                             0x080006e5   Thumb Code   232  app_foc.o(i.AppFoc_Start)
    AppFoc_Stop                              0x080007e9   Thumb Code   110  app_foc.o(i.AppFoc_Stop)
    BSP_KEY_EXTI_Callback                    0x0800086d   Thumb Code    66  bsp_key.o(i.BSP_KEY_EXTI_Callback)
    BSP_KEY_Init                             0x0800093d   Thumb Code    32  bsp_key.o(i.BSP_KEY_Init)
    BSP_KEY_SetSpeedTargetHz                 0x08000991   Thumb Code    22  bsp_key.o(i.BSP_KEY_SetSpeedTargetHz)
    BSP_KEY_Task                             0x080009b5   Thumb Code    80  bsp_key.o(i.BSP_KEY_Task)
    BusFault_Handler                         0x08000a15   Thumb Code     2  stm32g4xx_it.o(i.BusFault_Handler)
    ClarkePark_Clarke                        0x08000a19   Thumb Code    30  clarke_park.o(i.ClarkePark_Clarke)
    ClarkePark_InvPark                       0x08000a3d   Thumb Code    78  clarke_park.o(i.ClarkePark_InvPark)
    ClarkePark_Park                          0x08000a8b   Thumb Code    78  clarke_park.o(i.ClarkePark_Park)
    DMA1_Channel1_IRQHandler                 0x08000ad9   Thumb Code     6  stm32g4xx_it.o(i.DMA1_Channel1_IRQHandler)
    DebugMon_Handler                         0x08000b49   Thumb Code     2  stm32g4xx_it.o(i.DebugMon_Handler)
    EXTI15_10_IRQHandler                     0x08000b4b   Thumb Code     8  stm32g4xx_it.o(i.EXTI15_10_IRQHandler)
    Error_Handler                            0x08000b53   Thumb Code     4  main.o(i.Error_Handler)
    FOC_CurrentLoopInit                      0x08000b59   Thumb Code    62  foc_current_loop.o(i.FOC_CurrentLoopInit)
    FOC_CurrentLoopMeasureDQ                 0x08000ba9   Thumb Code   110  foc_current_loop.o(i.FOC_CurrentLoopMeasureDQ)
    FOC_CurrentLoopReset                     0x08000c19   Thumb Code    68  foc_current_loop.o(i.FOC_CurrentLoopReset)
    FOC_CurrentLoopRunDSoft                  0x08000c61   Thumb Code   338  foc_current_loop.o(i.FOC_CurrentLoopRunDSoft)
    FOC_CurrentLoopRunWithRef                0x08000dbd   Thumb Code   236  foc_current_loop.o(i.FOC_CurrentLoopRunWithRef)
    FOC_Math_SinCos                          0x08000edd   Thumb Code    50  foc_math.o(i.FOC_Math_SinCos)
    FOC_ObserverGetAngleErrDeg               0x08000f11   Thumb Code    14  foc_observer.o(i.FOC_ObserverGetAngleErrDeg)
    FOC_ObserverGetFluxThetaRad              0x08000f25   Thumb Code    20  foc_observer.o(i.FOC_ObserverGetFluxThetaRad)
    FOC_ObserverGetInputs                    0x08000f3d   Thumb Code    52  foc_observer.o(i.FOC_ObserverGetInputs)
    FOC_ObserverGetSpeedRadPerSec            0x08000f71   Thumb Code    14  foc_observer.o(i.FOC_ObserverGetSpeedRadPerSec)
    FOC_ObserverGetThetaRad                  0x08000f85   Thumb Code    14  foc_observer.o(i.FOC_ObserverGetThetaRad)
    FOC_ObserverInit                         0x08000f99   Thumb Code    36  foc_observer.o(i.FOC_ObserverInit)
    FOC_ObserverReset                        0x08000fc1   Thumb Code     4  foc_observer.o(i.FOC_ObserverReset)
    FOC_ObserverUpdate                       0x08000fc5   Thumb Code   240  foc_observer.o(i.FOC_ObserverUpdate)
    FOC_OpenLoopAdvance                      0x080010d9   Thumb Code   124  foc_openloop.o(i.FOC_OpenLoopAdvance)
    FOC_OpenLoopGetElecSpeedRadPerSec        0x08001169   Thumb Code    30  foc_openloop.o(i.FOC_OpenLoopGetElecSpeedRadPerSec)
    FOC_OpenLoopGetFreqHz                    0x08001191   Thumb Code    14  foc_openloop.o(i.FOC_OpenLoopGetFreqHz)
    FOC_OpenLoopGetThetaErad                 0x080011a5   Thumb Code    14  foc_openloop.o(i.FOC_OpenLoopGetThetaErad)
    FOC_OpenLoopInit                         0x080011b9   Thumb Code    26  foc_openloop.o(i.FOC_OpenLoopInit)
    FOC_OpenLoopResetAlign                   0x080011dd   Thumb Code    10  foc_openloop.o(i.FOC_OpenLoopResetAlign)
    FOC_OpenLoopResetRun                     0x080011e9   Thumb Code    22  foc_openloop.o(i.FOC_OpenLoopResetRun)
    FOC_ProtectionApplyStop                  0x08001209   Thumb Code    32  foc_protection.o(i.FOC_ProtectionApplyStop)
    FOC_ProtectionCheckFault                 0x0800122d   Thumb Code    96  foc_protection.o(i.FOC_ProtectionCheckFault)
    FOC_PwmModule_ApplySvpwm                 0x08001299   Thumb Code   496  foc_pwm.o(i.FOC_PwmModule_ApplySvpwm)
    FOC_PwmModule_Init                       0x0800149d   Thumb Code    82  foc_pwm.o(i.FOC_PwmModule_Init)
    FOC_PwmModule_SetTim1Mid                 0x080014f9   Thumb Code    96  foc_pwm.o(i.FOC_PwmModule_SetTim1Mid)
    FOC_SamplingModule_Init                  0x08001565   Thumb Code   114  foc_sampling.o(i.FOC_SamplingModule_Init)
    FOC_SamplingModule_ResetRuntime          0x080015dd   Thumb Code    50  foc_sampling.o(i.FOC_SamplingModule_ResetRuntime)
    FOC_SamplingModule_RunOffsetCalib        0x08001615   Thumb Code   186  foc_sampling.o(i.FOC_SamplingModule_RunOffsetCalib)
    FOC_SamplingModule_SetAdc1Ready          0x080016d5   Thumb Code    10  foc_sampling.o(i.FOC_SamplingModule_SetAdc1Ready)
    FOC_SamplingModule_SetFallbackRequest    0x080016df   Thumb Code    10  foc_sampling.o(i.FOC_SamplingModule_SetFallbackRequest)
    FOC_SamplingModule_SetSampleSector       0x080016e9   Thumb Code    10  foc_sampling.o(i.FOC_SamplingModule_SetSampleSector)
    FOC_SamplingModule_Update                0x080016f5   Thumb Code    54  foc_sampling.o(i.FOC_SamplingModule_Update)
    FOC_SwitchoverInit                       0x08001731   Thumb Code     4  foc_switchover.o(i.FOC_SwitchoverInit)
    FOC_SwitchoverReset                      0x08001735   Thumb Code    52  foc_switchover.o(i.FOC_SwitchoverReset)
    FOC_SwitchoverSelectTheta                0x0800176d   Thumb Code   140  foc_switchover.o(i.FOC_SwitchoverSelectTheta)
    FOC_SwitchoverUpdate                     0x08001805   Thumb Code   234  foc_switchover.o(i.FOC_SwitchoverUpdate)
    FluxObserver_PLL_reset                   0x080018fd   Thumb Code   102  fluxobserver_pll.o(i.FluxObserver_PLL_reset)
    FluxObserver_PLL_update                  0x08001971   Thumb Code    22  fluxobserver_pll.o(i.FluxObserver_PLL_update)
    HAL_ADCEx_Calibration_Start              0x08001a59   Thumb Code   138  stm32g4xx_hal_adc_ex.o(i.HAL_ADCEx_Calibration_Start)
    HAL_ADCEx_EndOfSamplingCallback          0x08001aed   Thumb Code     2  stm32g4xx_hal_adc_ex.o(i.HAL_ADCEx_EndOfSamplingCallback)
    HAL_ADCEx_InjectedConfigChannel          0x08001af1   Thumb Code  1324  stm32g4xx_hal_adc_ex.o(i.HAL_ADCEx_InjectedConfigChannel)
    HAL_ADCEx_InjectedConvCpltCallback       0x08002051   Thumb Code    12  stm32g4xx_it.o(i.HAL_ADCEx_InjectedConvCpltCallback)
    HAL_ADCEx_InjectedGetValue               0x08002061   Thumb Code    46  stm32g4xx_hal_adc_ex.o(i.HAL_ADCEx_InjectedGetValue)
    HAL_ADCEx_InjectedQueueOverflowCallback  0x0800208f   Thumb Code     2  stm32g4xx_hal_adc_ex.o(i.HAL_ADCEx_InjectedQueueOverflowCallback)
    HAL_ADCEx_InjectedStart                  0x08002091   Thumb Code   262  stm32g4xx_hal_adc_ex.o(i.HAL_ADCEx_InjectedStart)
    HAL_ADCEx_InjectedStart_IT               0x080021b1   Thumb Code   320  stm32g4xx_hal_adc_ex.o(i.HAL_ADCEx_InjectedStart_IT)
    HAL_ADCEx_InjectedStop                   0x08002309   Thumb Code    84  stm32g4xx_hal_adc_ex.o(i.HAL_ADCEx_InjectedStop)
    HAL_ADCEx_InjectedStop_IT                0x0800235d   Thumb Code    94  stm32g4xx_hal_adc_ex.o(i.HAL_ADCEx_InjectedStop_IT)
    HAL_ADCEx_LevelOutOfWindow2Callback      0x080023bb   Thumb Code     2  stm32g4xx_hal_adc_ex.o(i.HAL_ADCEx_LevelOutOfWindow2Callback)
    HAL_ADCEx_LevelOutOfWindow3Callback      0x080023bd   Thumb Code     2  stm32g4xx_hal_adc_ex.o(i.HAL_ADCEx_LevelOutOfWindow3Callback)
    HAL_ADCEx_MultiModeConfigChannel         0x080023c1   Thumb Code   326  stm32g4xx_hal_adc_ex.o(i.HAL_ADCEx_MultiModeConfigChannel)
    HAL_ADC_ConfigChannel                    0x08002521   Thumb Code  1066  stm32g4xx_hal_adc.o(i.HAL_ADC_ConfigChannel)
    HAL_ADC_ConvCpltCallback                 0x0800298d   Thumb Code     2  stm32g4xx_hal_adc.o(i.HAL_ADC_ConvCpltCallback)
    HAL_ADC_ErrorCallback                    0x0800298f   Thumb Code     2  stm32g4xx_hal_adc.o(i.HAL_ADC_ErrorCallback)
    HAL_ADC_GetValue                         0x08002991   Thumb Code     6  stm32g4xx_hal_adc.o(i.HAL_ADC_GetValue)
    HAL_ADC_IRQHandler                       0x08002999   Thumb Code   674  stm32g4xx_hal_adc.o(i.HAL_ADC_IRQHandler)
    HAL_ADC_Init                             0x08002c51   Thumb Code   510  stm32g4xx_hal_adc.o(i.HAL_ADC_Init)
    HAL_ADC_LevelOutOfWindowCallback         0x08002e81   Thumb Code     2  stm32g4xx_hal_adc.o(i.HAL_ADC_LevelOutOfWindowCallback)
    HAL_ADC_MspInit                          0x08002e85   Thumb Code   182  bsp_adc.o(i.HAL_ADC_MspInit)
    HAL_ADC_Start                            0x08002f4d   Thumb Code   288  stm32g4xx_hal_adc.o(i.HAL_ADC_Start)
    HAL_ADC_Stop                             0x08003085   Thumb Code    62  stm32g4xx_hal_adc.o(i.HAL_ADC_Stop)
    HAL_CORDIC_Init                          0x080030c3   Thumb Code    52  stm32g4xx_hal_cordic.o(i.HAL_CORDIC_Init)
    HAL_CORDIC_MspInit                       0x080030f9   Thumb Code    30  bsp_cordic.o(i.HAL_CORDIC_MspInit)
    HAL_DMA_IRQHandler                       0x08003121   Thumb Code   186  stm32g4xx_hal_dma.o(i.HAL_DMA_IRQHandler)
    HAL_DMA_Init                             0x080031dd   Thumb Code   178  stm32g4xx_hal_dma.o(i.HAL_DMA_Init)
    HAL_GPIO_EXTI_Callback                   0x0800329d   Thumb Code     4  bsp_key.o(i.HAL_GPIO_EXTI_Callback)
    HAL_GPIO_EXTI_IRQHandler                 0x080032a1   Thumb Code    18  stm32g4xx_hal_gpio.o(i.HAL_GPIO_EXTI_IRQHandler)
    HAL_GPIO_Init                            0x080032b9   Thumb Code   550  stm32g4xx_hal_gpio.o(i.HAL_GPIO_Init)
    HAL_GPIO_ReadPin                         0x08003501   Thumb Code    10  stm32g4xx_hal_gpio.o(i.HAL_GPIO_ReadPin)
    HAL_GPIO_WritePin                        0x0800350b   Thumb Code    10  stm32g4xx_hal_gpio.o(i.HAL_GPIO_WritePin)
    HAL_GetTick                              0x08003515   Thumb Code     6  stm32g4xx_hal.o(i.HAL_GetTick)
    HAL_IncTick                              0x08003521   Thumb Code    12  stm32g4xx_hal.o(i.HAL_IncTick)
    HAL_Init                                 0x08003531   Thumb Code    30  stm32g4xx_hal.o(i.HAL_Init)
    HAL_InitTick                             0x08003551   Thumb Code    58  stm32g4xx_hal.o(i.HAL_InitTick)
    HAL_MspInit                              0x08003595   Thumb Code    50  stm32g4xx_hal_msp.o(i.HAL_MspInit)
    HAL_NVIC_EnableIRQ                       0x080035cd   Thumb Code    26  stm32g4xx_hal_cortex.o(i.HAL_NVIC_EnableIRQ)
    HAL_NVIC_SetPriority                     0x080035e9   Thumb Code    60  stm32g4xx_hal_cortex.o(i.HAL_NVIC_SetPriority)
    HAL_NVIC_SetPriorityGrouping             0x08003629   Thumb Code    26  stm32g4xx_hal_cortex.o(i.HAL_NVIC_SetPriorityGrouping)
    HAL_PWREx_ControlVoltageScaling          0x0800364d   Thumb Code   174  stm32g4xx_hal_pwr_ex.o(i.HAL_PWREx_ControlVoltageScaling)
    HAL_PWREx_DisableUCPDDeadBattery         0x08003709   Thumb Code    12  stm32g4xx_hal_pwr_ex.o(i.HAL_PWREx_DisableUCPDDeadBattery)
    HAL_RCCEx_PeriphCLKConfig                0x08003719   Thumb Code   758  stm32g4xx_hal_rcc_ex.o(i.HAL_RCCEx_PeriphCLKConfig)
    HAL_RCC_ClockConfig                      0x08003a19   Thumb Code   444  stm32g4xx_hal_rcc.o(i.HAL_RCC_ClockConfig)
    HAL_RCC_GetPCLK1Freq                     0x08003bf5   Thumb Code    24  stm32g4xx_hal_rcc.o(i.HAL_RCC_GetPCLK1Freq)
    HAL_RCC_GetPCLK2Freq                     0x08003c19   Thumb Code    24  stm32g4xx_hal_rcc.o(i.HAL_RCC_GetPCLK2Freq)
    HAL_RCC_GetSysClockFreq                  0x08003c3d   Thumb Code    98  stm32g4xx_hal_rcc.o(i.HAL_RCC_GetSysClockFreq)
    HAL_RCC_OscConfig                        0x08003ca9   Thumb Code  1028  stm32g4xx_hal_rcc.o(i.HAL_RCC_OscConfig)
    HAL_SYSTICK_Config                       0x080040ad   Thumb Code    40  stm32g4xx_hal_cortex.o(i.HAL_SYSTICK_Config)
    HAL_TIMEx_Break2Callback                 0x080040d5   Thumb Code     2  stm32g4xx_hal_tim_ex.o(i.HAL_TIMEx_Break2Callback)
    HAL_TIMEx_BreakCallback                  0x080040d7   Thumb Code     2  stm32g4xx_hal_tim_ex.o(i.HAL_TIMEx_BreakCallback)
    HAL_TIMEx_CommutCallback                 0x080040d9   Thumb Code     2  stm32g4xx_hal_tim_ex.o(i.HAL_TIMEx_CommutCallback)
    HAL_TIMEx_ConfigBreakDeadTime            0x080040dd   Thumb Code   154  stm32g4xx_hal_tim_ex.o(i.HAL_TIMEx_ConfigBreakDeadTime)
    HAL_TIMEx_DirectionChangeCallback        0x08004185   Thumb Code     2  stm32g4xx_hal_tim_ex.o(i.HAL_TIMEx_DirectionChangeCallback)
    HAL_TIMEx_EncoderIndexCallback           0x08004187   Thumb Code     2  stm32g4xx_hal_tim_ex.o(i.HAL_TIMEx_EncoderIndexCallback)
    HAL_TIMEx_IndexErrorCallback             0x08004189   Thumb Code     2  stm32g4xx_hal_tim_ex.o(i.HAL_TIMEx_IndexErrorCallback)
    HAL_TIMEx_MasterConfigSynchronization    0x0800418d   Thumb Code   150  stm32g4xx_hal_tim_ex.o(i.HAL_TIMEx_MasterConfigSynchronization)
    HAL_TIMEx_PWMN_Start                     0x08004245   Thumb Code   170  stm32g4xx_hal_tim_ex.o(i.HAL_TIMEx_PWMN_Start)
    HAL_TIMEx_PWMN_Stop                      0x08004311   Thumb Code   104  stm32g4xx_hal_tim_ex.o(i.HAL_TIMEx_PWMN_Stop)
    HAL_TIMEx_TransitionErrorCallback        0x08004379   Thumb Code     2  stm32g4xx_hal_tim_ex.o(i.HAL_TIMEx_TransitionErrorCallback)
    HAL_TIM_Base_Init                        0x0800437b   Thumb Code    98  stm32g4xx_hal_tim.o(i.HAL_TIM_Base_Init)
    HAL_TIM_Base_MspInit                     0x080043dd   Thumb Code    66  bsp_tim.o(i.HAL_TIM_Base_MspInit)
    HAL_TIM_Base_Start                       0x08004429   Thumb Code    96  stm32g4xx_hal_tim.o(i.HAL_TIM_Base_Start)
    HAL_TIM_Base_Stop                        0x080044a9   Thumb Code    38  stm32g4xx_hal_tim.o(i.HAL_TIM_Base_Stop)
    HAL_TIM_ConfigClockSource                0x080044d1   Thumb Code   234  stm32g4xx_hal_tim.o(i.HAL_TIM_ConfigClockSource)
    HAL_TIM_IC_CaptureCallback               0x080045c1   Thumb Code     2  stm32g4xx_hal_tim.o(i.HAL_TIM_IC_CaptureCallback)
    HAL_TIM_IRQHandler                       0x080045c3   Thumb Code   418  stm32g4xx_hal_tim.o(i.HAL_TIM_IRQHandler)
    HAL_TIM_MspPostInit                      0x08004765   Thumb Code   134  bsp_tim.o(i.HAL_TIM_MspPostInit)
    HAL_TIM_OC_DelayElapsedCallback          0x080047f9   Thumb Code     2  stm32g4xx_hal_tim.o(i.HAL_TIM_OC_DelayElapsedCallback)
    HAL_TIM_PWM_ConfigChannel                0x080047fb   Thumb Code   292  stm32g4xx_hal_tim.o(i.HAL_TIM_PWM_ConfigChannel)
    HAL_TIM_PWM_Init                         0x0800491f   Thumb Code    98  stm32g4xx_hal_tim.o(i.HAL_TIM_PWM_Init)
    HAL_TIM_PWM_MspInit                      0x08004981   Thumb Code     2  stm32g4xx_hal_tim.o(i.HAL_TIM_PWM_MspInit)
    HAL_TIM_PWM_PulseFinishedCallback        0x08004983   Thumb Code     2  stm32g4xx_hal_tim.o(i.HAL_TIM_PWM_PulseFinishedCallback)
    HAL_TIM_PWM_Start                        0x08004985   Thumb Code   234  stm32g4xx_hal_tim.o(i.HAL_TIM_PWM_Start)
    HAL_TIM_PWM_Stop                         0x08004a99   Thumb Code   158  stm32g4xx_hal_tim.o(i.HAL_TIM_PWM_Stop)
    HAL_TIM_PeriodElapsedCallback            0x08004b51   Thumb Code     2  stm32g4xx_hal_tim.o(i.HAL_TIM_PeriodElapsedCallback)
    HAL_TIM_TriggerCallback                  0x08004b53   Thumb Code     2  stm32g4xx_hal_tim.o(i.HAL_TIM_TriggerCallback)
    HAL_UARTEx_DisableFifoMode               0x08004b55   Thumb Code    62  stm32g4xx_hal_uart_ex.o(i.HAL_UARTEx_DisableFifoMode)
    HAL_UARTEx_SetRxFifoThreshold            0x08004b93   Thumb Code    76  stm32g4xx_hal_uart_ex.o(i.HAL_UARTEx_SetRxFifoThreshold)
    HAL_UARTEx_SetTxFifoThreshold            0x08004bdf   Thumb Code    76  stm32g4xx_hal_uart_ex.o(i.HAL_UARTEx_SetTxFifoThreshold)
    HAL_UART_Init                            0x08004c2b   Thumb Code   106  stm32g4xx_hal_uart.o(i.HAL_UART_Init)
    HAL_UART_MspInit                         0x08004c95   Thumb Code   220  bsp_usart.o(i.HAL_UART_MspInit)
    HardFault_Handler                        0x08004d85   Thumb Code     2  stm32g4xx_it.o(i.HardFault_Handler)
    MX_ADC1_Init                             0x08004e2d   Thumb Code   242  bsp_adc.o(i.MX_ADC1_Init)
    MX_ADC2_Init                             0x08004f31   Thumb Code   202  bsp_adc.o(i.MX_ADC2_Init)
    MX_CORDIC_Init                           0x08005011   Thumb Code    28  bsp_cordic.o(i.MX_CORDIC_Init)
    MX_DMA_Init                              0x08005035   Thumb Code    56  bsp_dma.o(i.MX_DMA_Init)
    MX_GPIO_Init                             0x08005071   Thumb Code   224  bsp_gpio.o(i.MX_GPIO_Init)
    MX_TIM1_Init                             0x08005161   Thumb Code   282  bsp_tim.o(i.MX_TIM1_Init)
    MX_USART1_UART_Init                      0x08005285   Thumb Code    94  bsp_usart.o(i.MX_USART1_UART_Init)
    MemManage_Handler                        0x080052ed   Thumb Code     2  stm32g4xx_it.o(i.MemManage_Handler)
    NMI_Handler                              0x080052ef   Thumb Code     2  stm32g4xx_it.o(i.NMI_Handler)
    PIController_Init                        0x08005311   Thumb Code    34  pi_controller.o(i.PIController_Init)
    PIController_Reset                       0x08005339   Thumb Code    14  pi_controller.o(i.PIController_Reset)
    PIController_Run                         0x0800534d   Thumb Code   148  pi_controller.o(i.PIController_Run)
    PendSV_Handler                           0x08005579   Thumb Code     2  stm32g4xx_it.o(i.PendSV_Handler)
    SVC_Handler                              0x0800557b   Thumb Code     2  stm32g4xx_it.o(i.SVC_Handler)
    SysTick_Handler                          0x0800557d   Thumb Code     4  stm32g4xx_it.o(i.SysTick_Handler)
    SystemClock_Config                       0x08005581   Thumb Code   132  main.o(i.SystemClock_Config)
    SystemInit                               0x08005605   Thumb Code    12  system_stm32g4xx.o(i.SystemInit)
    TIM1_BRK_TIM15_IRQHandler                0x08005615   Thumb Code     6  stm32g4xx_it.o(i.TIM1_BRK_TIM15_IRQHandler)
    TIM1_UP_TIM16_IRQHandler                 0x08005621   Thumb Code     6  stm32g4xx_it.o(i.TIM1_UP_TIM16_IRQHandler)
    TIM_Base_SetConfig                       0x0800562d   Thumb Code   190  stm32g4xx_hal_tim.o(i.TIM_Base_SetConfig)
    TIM_CCxChannelCmd                        0x08005711   Thumb Code    26  stm32g4xx_hal_tim.o(i.TIM_CCxChannelCmd)
    TIM_ETR_SetConfig                        0x08005745   Thumb Code    20  stm32g4xx_hal_tim.o(i.TIM_ETR_SetConfig)
    TIM_OC2_SetConfig                        0x08005819   Thumb Code   132  stm32g4xx_hal_tim.o(i.TIM_OC2_SetConfig)
    UART_AdvFeatureConfig                    0x08005b79   Thumb Code   200  stm32g4xx_hal_uart.o(i.UART_AdvFeatureConfig)
    UART_CheckIdleState                      0x08005c41   Thumb Code   172  stm32g4xx_hal_uart.o(i.UART_CheckIdleState)
    UART_SetConfig                           0x08005d41   Thumb Code   614  stm32g4xx_hal_uart.o(i.UART_SetConfig)
    UART_WaitOnFlagUntilTimeout              0x08005fd9   Thumb Code   148  stm32g4xx_hal_uart.o(i.UART_WaitOnFlagUntilTimeout)
    UsageFault_Handler                       0x0800606d   Thumb Code     2  stm32g4xx_it.o(i.UsageFault_Handler)
    __ARM_fpclassifyf                        0x0800606f   Thumb Code    38  fpclassifyf.o(i.__ARM_fpclassifyf)
    __hardfp_atan2f                          0x080060b5   Thumb Code   594  atan2f.o(i.__hardfp_atan2f)
    __hardfp_cosf                            0x08006361   Thumb Code   280  cosf.o(i.__hardfp_cosf)
    __hardfp_sinf                            0x080064b1   Thumb Code   344  sinf.o(i.__hardfp_sinf)
    __hardfp_sqrtf                           0x08006641   Thumb Code    58  sqrtf.o(i.__hardfp_sqrtf)
    __mathlib_flt_infnan                     0x0800667b   Thumb Code     6  funder.o(i.__mathlib_flt_infnan)
    __mathlib_flt_infnan2                    0x08006681   Thumb Code     6  funder.o(i.__mathlib_flt_infnan2)
    __mathlib_flt_invalid                    0x08006689   Thumb Code    10  funder.o(i.__mathlib_flt_invalid)
    __mathlib_flt_underflow                  0x08006699   Thumb Code    10  funder.o(i.__mathlib_flt_underflow)
    __mathlib_rredf2                         0x080066a9   Thumb Code   316  rredf.o(i.__mathlib_rredf2)
    __scatterload_copy                       0x080067fd   Thumb Code    14  handlers.o(i.__scatterload_copy)
    __scatterload_null                       0x0800680b   Thumb Code     2  handlers.o(i.__scatterload_null)
    __scatterload_zeroinit                   0x0800680d   Thumb Code    14  handlers.o(i.__scatterload_zeroinit)
    __set_errno                              0x0800681d   Thumb Code     6  errno.o(i.__set_errno)
    main                                     0x08007be9   Thumb Code    62  main.o(i.main)
    UARTPrescTable                           0x08007c26   Data          24  stm32g4xx_hal_uart.o(.constdata)
    AHBPrescTable                            0x08007c4e   Data          16  system_stm32g4xx.o(.constdata)
    APBPrescTable                            0x08007c5e   Data           8  system_stm32g4xx.o(.constdata)
    Region$$Table$$Base                      0x08007ca8   Number         0  anon$$obj.o(Region$$Table)
    Region$$Table$$Limit                     0x08007cc8   Number         0  anon$$obj.o(Region$$Table)
    uwTickPrio                               0x20000038   Data           4  stm32g4xx_hal.o(.data)
    uwTickFreq                               0x2000003c   Data           4  stm32g4xx_hal.o(.data)
    uwTick                                   0x20000040   Data           4  stm32g4xx_hal.o(.data)
    SystemCoreClock                          0x20000044   Data           4  system_stm32g4xx.o(.data)
    huart1                                   0x2000038c   Data         148  bsp_usart.o(.bss)
    hdma_usart1_rx                           0x20000420   Data          96  bsp_usart.o(.bss)
    hdma_usart1_tx                           0x20000480   Data          96  bsp_usart.o(.bss)
    htim1                                    0x200004e0   Data          76  bsp_tim.o(.bss)
    hcordic                                  0x2000054c   Data          40  bsp_cordic.o(.bss)
    hadc1                                    0x20000574   Data         108  bsp_adc.o(.bss)
    hadc2                                    0x200005e0   Data         108  bsp_adc.o(.bss)
    __initial_sp                             0x20000a50   Data           0  startup_stm32g474xx.o(STACK)



==============================================================================

Memory Map of the image

  Image Entry point : 0x080001d9

  Load Region LR_IROM1 (Base: 0x08000000, Size: 0x00007d20, Max: 0x00080000, ABSOLUTE)

    Execution Region ER_IROM1 (Exec base: 0x08000000, Load base: 0x08000000, Size: 0x00007cc8, Max: 0x00080000, ABSOLUTE)

    Exec Addr    Load Addr    Size         Type   Attr      Idx    E Section Name        Object

    0x08000000   0x08000000   0x000001d8   Data   RO            3    RESET               startup_stm32g474xx.o
    0x080001d8   0x080001d8   0x00000000   Code   RO         5812  * .ARM.Collect$$$$00000000  mc_w.l(entry.o)
    0x080001d8   0x080001d8   0x00000004   Code   RO         5844    .ARM.Collect$$$$00000001  mc_w.l(entry2.o)
    0x080001dc   0x080001dc   0x00000004   Code   RO         5847    .ARM.Collect$$$$00000004  mc_w.l(entry5.o)
    0x080001e0   0x080001e0   0x00000000   Code   RO         5849    .ARM.Collect$$$$00000008  mc_w.l(entry7b.o)
    0x080001e0   0x080001e0   0x00000000   Code   RO         5851    .ARM.Collect$$$$0000000A  mc_w.l(entry8b.o)
    0x080001e0   0x080001e0   0x00000008   Code   RO         5852    .ARM.Collect$$$$0000000B  mc_w.l(entry9a.o)
    0x080001e8   0x080001e8   0x00000004   Code   RO         5859    .ARM.Collect$$$$0000000E  mc_w.l(entry12b.o)
    0x080001ec   0x080001ec   0x00000000   Code   RO         5854    .ARM.Collect$$$$0000000F  mc_w.l(entry10a.o)
    0x080001ec   0x080001ec   0x00000000   Code   RO         5856    .ARM.Collect$$$$00000011  mc_w.l(entry11a.o)
    0x080001ec   0x080001ec   0x00000004   Code   RO         5845    .ARM.Collect$$$$00002712  mc_w.l(entry2.o)
    0x080001f0   0x080001f0   0x00000024   Code   RO            4    .text               startup_stm32g474xx.o
    0x08000214   0x08000214   0x00000062   Code   RO         5815    .text               mc_w.l(uldiv.o)
    0x08000276   0x08000276   0x00000024   Code   RO         5817    .text               mc_w.l(memcpya.o)
    0x0800029a   0x0800029a   0x00000024   Code   RO         5819    .text               mc_w.l(memseta.o)
    0x080002be   0x080002be   0x0000001e   Code   RO         5860    .text               mc_w.l(llshl.o)
    0x080002dc   0x080002dc   0x00000020   Code   RO         5862    .text               mc_w.l(llushr.o)
    0x080002fc   0x080002fc   0x00000000   Code   RO         5871    .text               mc_w.l(iusefp.o)
    0x080002fc   0x080002fc   0x00000024   Code   RO         5872    .text               mc_w.l(init.o)
    0x08000320   0x08000320   0x0000000c   Code   RO          210    i.ADC1_2_IRQHandler  stm32g4xx_it.o
    0x0800032c   0x0800032c   0x000000e4   Code   RO         1287    i.ADC_ConversionStop  stm32g4xx_hal_adc.o
    0x08000410   0x08000410   0x00000070   Code   RO         1291    i.ADC_Disable       stm32g4xx_hal_adc.o
    0x08000480   0x08000480   0x000000c4   Code   RO         1292    i.ADC_Enable        stm32g4xx_hal_adc.o
    0x08000544   0x08000544   0x00000002   Code   RO          709    i.AppDebug_Task     app_debug.o
    0x08000546   0x08000546   0x00000002   PAD
    0x08000548   0x08000548   0x0000000c   Code   RO          478    i.AppFoc_GetState   app_foc.o
    0x08000554   0x08000554   0x00000084   Code   RO          479    i.AppFoc_HighFreqTask  app_foc.o
    0x080005d8   0x080005d8   0x0000008c   Code   RO          480    i.AppFoc_Init       app_foc.o
    0x08000664   0x08000664   0x0000003c   Code   RO          481    i.AppFoc_MediumFreqTask  app_foc.o
    0x080006a0   0x080006a0   0x00000044   Code   RO          482    i.AppFoc_SetSpeedTargetMechHz  app_foc.o
    0x080006e4   0x080006e4   0x00000104   Code   RO          483    i.AppFoc_Start      app_foc.o
    0x080007e8   0x080007e8   0x00000084   Code   RO          484    i.AppFoc_Stop       app_foc.o
    0x0800086c   0x0800086c   0x0000004c   Code   RO         5537    i.BSP_KEY_EXTI_Callback  bsp_key.o
    0x080008b8   0x080008b8   0x00000084   Code   RO         5538    i.BSP_KEY_HandleSpeedStep  bsp_key.o
    0x0800093c   0x0800093c   0x0000002c   Code   RO         5539    i.BSP_KEY_Init      bsp_key.o
    0x08000968   0x08000968   0x00000028   Code   RO         5540    i.BSP_KEY_ProgramSpeedTarget  bsp_key.o
    0x08000990   0x08000990   0x00000024   Code   RO         5541    i.BSP_KEY_SetSpeedTargetHz  bsp_key.o
    0x080009b4   0x080009b4   0x00000060   Code   RO         5542    i.BSP_KEY_Task      bsp_key.o
    0x08000a14   0x08000a14   0x00000002   Code   RO          211    i.BusFault_Handler  stm32g4xx_it.o
    0x08000a16   0x08000a16   0x00000002   PAD
    0x08000a18   0x08000a18   0x00000024   Code   RO          402    i.ClarkePark_Clarke  clarke_park.o
    0x08000a3c   0x08000a3c   0x0000004e   Code   RO          404    i.ClarkePark_InvPark  clarke_park.o
    0x08000a8a   0x08000a8a   0x0000004e   Code   RO          405    i.ClarkePark_Park   clarke_park.o
    0x08000ad8   0x08000ad8   0x0000000c   Code   RO          212    i.DMA1_Channel1_IRQHandler  stm32g4xx_it.o
    0x08000ae4   0x08000ae4   0x00000040   Code   RO         2601    i.DMA_CalcDMAMUXChannelBaseAndMask  stm32g4xx_hal_dma.o
    0x08000b24   0x08000b24   0x00000024   Code   RO         2602    i.DMA_CalcDMAMUXRequestGenBaseAndMask  stm32g4xx_hal_dma.o
    0x08000b48   0x08000b48   0x00000002   Code   RO          213    i.DebugMon_Handler  stm32g4xx_it.o
    0x08000b4a   0x08000b4a   0x00000008   Code   RO          214    i.EXTI15_10_IRQHandler  stm32g4xx_it.o
    0x08000b52   0x08000b52   0x00000004   Code   RO           13    i.Error_Handler     main.o
    0x08000b56   0x08000b56   0x00000002   PAD
    0x08000b58   0x08000b58   0x00000050   Code   RO          932    i.FOC_CurrentLoopInit  foc_current_loop.o
    0x08000ba8   0x08000ba8   0x0000006e   Code   RO          933    i.FOC_CurrentLoopMeasureDQ  foc_current_loop.o
    0x08000c16   0x08000c16   0x00000002   PAD
    0x08000c18   0x08000c18   0x00000048   Code   RO          934    i.FOC_CurrentLoopReset  foc_current_loop.o
    0x08000c60   0x08000c60   0x0000015c   Code   RO          935    i.FOC_CurrentLoopRunDSoft  foc_current_loop.o
    0x08000dbc   0x08000dbc   0x000000f0   Code   RO          940    i.FOC_CurrentLoopRunWithRef  foc_current_loop.o
    0x08000eac   0x08000eac   0x00000030   Code   RO         1137    i.FOC_MathWrap2Pi   foc_switchover.o
    0x08000edc   0x08000edc   0x00000032   Code   RO          730    i.FOC_Math_SinCos   foc_math.o
    0x08000f0e   0x08000f0e   0x00000002   PAD
    0x08000f10   0x08000f10   0x00000014   Code   RO         1062    i.FOC_ObserverGetAngleErrDeg  foc_observer.o
    0x08000f24   0x08000f24   0x00000018   Code   RO         1063    i.FOC_ObserverGetFluxThetaRad  foc_observer.o
    0x08000f3c   0x08000f3c   0x00000034   Code   RO         1064    i.FOC_ObserverGetInputs  foc_observer.o
    0x08000f70   0x08000f70   0x00000014   Code   RO         1065    i.FOC_ObserverGetSpeedRadPerSec  foc_observer.o
    0x08000f84   0x08000f84   0x00000014   Code   RO         1066    i.FOC_ObserverGetThetaRad  foc_observer.o
    0x08000f98   0x08000f98   0x00000028   Code   RO         1067    i.FOC_ObserverInit  foc_observer.o
    0x08000fc0   0x08000fc0   0x00000004   Code   RO         1069    i.FOC_ObserverReset  foc_observer.o
    0x08000fc4   0x08000fc4   0x00000114   Code   RO         1070    i.FOC_ObserverUpdate  foc_observer.o
    0x080010d8   0x080010d8   0x00000090   Code   RO         1008    i.FOC_OpenLoopAdvance  foc_openloop.o
    0x08001168   0x08001168   0x00000028   Code   RO         1009    i.FOC_OpenLoopGetElecSpeedRadPerSec  foc_openloop.o
    0x08001190   0x08001190   0x00000014   Code   RO         1010    i.FOC_OpenLoopGetFreqHz  foc_openloop.o
    0x080011a4   0x080011a4   0x00000014   Code   RO         1011    i.FOC_OpenLoopGetThetaErad  foc_openloop.o
    0x080011b8   0x080011b8   0x00000024   Code   RO         1012    i.FOC_OpenLoopInit  foc_openloop.o
    0x080011dc   0x080011dc   0x0000000a   Code   RO         1013    i.FOC_OpenLoopResetAlign  foc_openloop.o
    0x080011e6   0x080011e6   0x00000002   PAD
    0x080011e8   0x080011e8   0x00000020   Code   RO         1014    i.FOC_OpenLoopResetRun  foc_openloop.o
    0x08001208   0x08001208   0x00000024   Code   RO         1198    i.FOC_ProtectionApplyStop  foc_protection.o
    0x0800122c   0x0800122c   0x0000006c   Code   RO         1199    i.FOC_ProtectionCheckFault  foc_protection.o
    0x08001298   0x08001298   0x00000204   Code   RO          871    i.FOC_PwmModule_ApplySvpwm  foc_pwm.o
    0x0800149c   0x0800149c   0x0000005c   Code   RO          874    i.FOC_PwmModule_Init  foc_pwm.o
    0x080014f8   0x080014f8   0x0000006c   Code   RO          875    i.FOC_PwmModule_SetTim1Mid  foc_pwm.o
    0x08001564   0x08001564   0x00000078   Code   RO          756    i.FOC_SamplingModule_Init  foc_sampling.o
    0x080015dc   0x080015dc   0x00000038   Code   RO          757    i.FOC_SamplingModule_ResetRuntime  foc_sampling.o
    0x08001614   0x08001614   0x000000c0   Code   RO          758    i.FOC_SamplingModule_RunOffsetCalib  foc_sampling.o
    0x080016d4   0x080016d4   0x0000000a   Code   RO          759    i.FOC_SamplingModule_SetAdc1Ready  foc_sampling.o
    0x080016de   0x080016de   0x0000000a   Code   RO          760    i.FOC_SamplingModule_SetFallbackRequest  foc_sampling.o
    0x080016e8   0x080016e8   0x0000000a   Code   RO          761    i.FOC_SamplingModule_SetSampleSector  foc_sampling.o
    0x080016f2   0x080016f2   0x00000002   PAD
    0x080016f4   0x080016f4   0x0000003c   Code   RO          762    i.FOC_SamplingModule_Update  foc_sampling.o
    0x08001730   0x08001730   0x00000004   Code   RO         1139    i.FOC_SwitchoverInit  foc_switchover.o
    0x08001734   0x08001734   0x00000038   Code   RO         1140    i.FOC_SwitchoverReset  foc_switchover.o
    0x0800176c   0x0800176c   0x00000098   Code   RO         1141    i.FOC_SwitchoverSelectTheta  foc_switchover.o
    0x08001804   0x08001804   0x000000f8   Code   RO         1142    i.FOC_SwitchoverUpdate  foc_switchover.o
    0x080018fc   0x080018fc   0x00000074   Code   RO          346    i.FluxObserver_PLL_reset  fluxobserver_pll.o
    0x08001970   0x08001970   0x00000016   Code   RO          347    i.FluxObserver_PLL_update  fluxobserver_pll.o
    0x08001986   0x08001986   0x00000002   PAD
    0x08001988   0x08001988   0x000000d0   Code   RO          348    i.FluxObserver_update  fluxobserver_pll.o
    0x08001a58   0x08001a58   0x00000094   Code   RO         1525    i.HAL_ADCEx_Calibration_Start  stm32g4xx_hal_adc_ex.o
    0x08001aec   0x08001aec   0x00000002   Code   RO         1529    i.HAL_ADCEx_EndOfSamplingCallback  stm32g4xx_hal_adc_ex.o
    0x08001aee   0x08001aee   0x00000002   PAD
    0x08001af0   0x08001af0   0x00000560   Code   RO         1531    i.HAL_ADCEx_InjectedConfigChannel  stm32g4xx_hal_adc_ex.o
    0x08002050   0x08002050   0x00000010   Code   RO          215    i.HAL_ADCEx_InjectedConvCpltCallback  stm32g4xx_it.o
    0x08002060   0x08002060   0x0000002e   Code   RO         1533    i.HAL_ADCEx_InjectedGetValue  stm32g4xx_hal_adc_ex.o
    0x0800208e   0x0800208e   0x00000002   Code   RO         1535    i.HAL_ADCEx_InjectedQueueOverflowCallback  stm32g4xx_hal_adc_ex.o
    0x08002090   0x08002090   0x00000120   Code   RO         1536    i.HAL_ADCEx_InjectedStart  stm32g4xx_hal_adc_ex.o
    0x080021b0   0x080021b0   0x00000158   Code   RO         1537    i.HAL_ADCEx_InjectedStart_IT  stm32g4xx_hal_adc_ex.o
    0x08002308   0x08002308   0x00000054   Code   RO         1538    i.HAL_ADCEx_InjectedStop  stm32g4xx_hal_adc_ex.o
    0x0800235c   0x0800235c   0x0000005e   Code   RO         1539    i.HAL_ADCEx_InjectedStop_IT  stm32g4xx_hal_adc_ex.o
    0x080023ba   0x080023ba   0x00000002   Code   RO         1540    i.HAL_ADCEx_LevelOutOfWindow2Callback  stm32g4xx_hal_adc_ex.o
    0x080023bc   0x080023bc   0x00000002   Code   RO         1541    i.HAL_ADCEx_LevelOutOfWindow3Callback  stm32g4xx_hal_adc_ex.o
    0x080023be   0x080023be   0x00000002   PAD
    0x080023c0   0x080023c0   0x00000160   Code   RO         1542    i.HAL_ADCEx_MultiModeConfigChannel  stm32g4xx_hal_adc_ex.o
    0x08002520   0x08002520   0x0000046c   Code   RO         1294    i.HAL_ADC_ConfigChannel  stm32g4xx_hal_adc.o
    0x0800298c   0x0800298c   0x00000002   Code   RO         1295    i.HAL_ADC_ConvCpltCallback  stm32g4xx_hal_adc.o
    0x0800298e   0x0800298e   0x00000002   Code   RO         1298    i.HAL_ADC_ErrorCallback  stm32g4xx_hal_adc.o
    0x08002990   0x08002990   0x00000006   Code   RO         1301    i.HAL_ADC_GetValue  stm32g4xx_hal_adc.o
    0x08002996   0x08002996   0x00000002   PAD
    0x08002998   0x08002998   0x000002b8   Code   RO         1302    i.HAL_ADC_IRQHandler  stm32g4xx_hal_adc.o
    0x08002c50   0x08002c50   0x00000230   Code   RO         1303    i.HAL_ADC_Init      stm32g4xx_hal_adc.o
    0x08002e80   0x08002e80   0x00000002   Code   RO         1304    i.HAL_ADC_LevelOutOfWindowCallback  stm32g4xx_hal_adc.o
    0x08002e82   0x08002e82   0x00000002   PAD
    0x08002e84   0x08002e84   0x000000c8   Code   RO         5695    i.HAL_ADC_MspInit   bsp_adc.o
    0x08002f4c   0x08002f4c   0x00000138   Code   RO         1309    i.HAL_ADC_Start     stm32g4xx_hal_adc.o
    0x08003084   0x08003084   0x0000003e   Code   RO         1313    i.HAL_ADC_Stop      stm32g4xx_hal_adc.o
    0x080030c2   0x080030c2   0x00000034   Code   RO         3271    i.HAL_CORDIC_Init   stm32g4xx_hal_cordic.o
    0x080030f6   0x080030f6   0x00000002   PAD
    0x080030f8   0x080030f8   0x00000028   Code   RO         5653    i.HAL_CORDIC_MspInit  bsp_cordic.o
    0x08003120   0x08003120   0x000000ba   Code   RO         2609    i.HAL_DMA_IRQHandler  stm32g4xx_hal_dma.o
    0x080031da   0x080031da   0x00000002   PAD
    0x080031dc   0x080031dc   0x000000c0   Code   RO         2610    i.HAL_DMA_Init      stm32g4xx_hal_dma.o
    0x0800329c   0x0800329c   0x00000004   Code   RO         5543    i.HAL_GPIO_EXTI_Callback  bsp_key.o
    0x080032a0   0x080032a0   0x00000018   Code   RO         2465    i.HAL_GPIO_EXTI_IRQHandler  stm32g4xx_hal_gpio.o
    0x080032b8   0x080032b8   0x00000248   Code   RO         2466    i.HAL_GPIO_Init     stm32g4xx_hal_gpio.o
    0x08003500   0x08003500   0x0000000a   Code   RO         2468    i.HAL_GPIO_ReadPin  stm32g4xx_hal_gpio.o
    0x0800350a   0x0800350a   0x0000000a   Code   RO         2470    i.HAL_GPIO_WritePin  stm32g4xx_hal_gpio.o
    0x08003514   0x08003514   0x0000000c   Code   RO         1745    i.HAL_GetTick       stm32g4xx_hal.o
    0x08003520   0x08003520   0x00000010   Code   RO         1751    i.HAL_IncTick       stm32g4xx_hal.o
    0x08003530   0x08003530   0x0000001e   Code   RO         1752    i.HAL_Init          stm32g4xx_hal.o
    0x0800354e   0x0800354e   0x00000002   PAD
    0x08003550   0x08003550   0x00000044   Code   RO         1753    i.HAL_InitTick      stm32g4xx_hal.o
    0x08003594   0x08003594   0x00000038   Code   RO          322    i.HAL_MspInit       stm32g4xx_hal_msp.o
    0x080035cc   0x080035cc   0x0000001a   Code   RO         3115    i.HAL_NVIC_EnableIRQ  stm32g4xx_hal_cortex.o
    0x080035e6   0x080035e6   0x00000002   PAD
    0x080035e8   0x080035e8   0x00000040   Code   RO         3121    i.HAL_NVIC_SetPriority  stm32g4xx_hal_cortex.o
    0x08003628   0x08003628   0x00000024   Code   RO         3122    i.HAL_NVIC_SetPriorityGrouping  stm32g4xx_hal_cortex.o
    0x0800364c   0x0800364c   0x000000bc   Code   RO         2869    i.HAL_PWREx_ControlVoltageScaling  stm32g4xx_hal_pwr_ex.o
    0x08003708   0x08003708   0x00000010   Code   RO         2881    i.HAL_PWREx_DisableUCPDDeadBattery  stm32g4xx_hal_pwr_ex.o
    0x08003718   0x08003718   0x00000300   Code   RO         2112    i.HAL_RCCEx_PeriphCLKConfig  stm32g4xx_hal_rcc_ex.o
    0x08003a18   0x08003a18   0x000001dc   Code   RO         1987    i.HAL_RCC_ClockConfig  stm32g4xx_hal_rcc.o
    0x08003bf4   0x08003bf4   0x00000024   Code   RO         1995    i.HAL_RCC_GetPCLK1Freq  stm32g4xx_hal_rcc.o
    0x08003c18   0x08003c18   0x00000024   Code   RO         1996    i.HAL_RCC_GetPCLK2Freq  stm32g4xx_hal_rcc.o
    0x08003c3c   0x08003c3c   0x0000006c   Code   RO         1997    i.HAL_RCC_GetSysClockFreq  stm32g4xx_hal_rcc.o
    0x08003ca8   0x08003ca8   0x00000404   Code   RO         2000    i.HAL_RCC_OscConfig  stm32g4xx_hal_rcc.o
    0x080040ac   0x080040ac   0x00000028   Code   RO         3126    i.HAL_SYSTICK_Config  stm32g4xx_hal_cortex.o
    0x080040d4   0x080040d4   0x00000002   Code   RO         4386    i.HAL_TIMEx_Break2Callback  stm32g4xx_hal_tim_ex.o
    0x080040d6   0x080040d6   0x00000002   Code   RO         4387    i.HAL_TIMEx_BreakCallback  stm32g4xx_hal_tim_ex.o
    0x080040d8   0x080040d8   0x00000002   Code   RO         4388    i.HAL_TIMEx_CommutCallback  stm32g4xx_hal_tim_ex.o
    0x080040da   0x080040da   0x00000002   PAD
    0x080040dc   0x080040dc   0x000000a8   Code   RO         4391    i.HAL_TIMEx_ConfigBreakDeadTime  stm32g4xx_hal_tim_ex.o
    0x08004184   0x08004184   0x00000002   Code   RO         4399    i.HAL_TIMEx_DirectionChangeCallback  stm32g4xx_hal_tim_ex.o
    0x08004186   0x08004186   0x00000002   Code   RO         4413    i.HAL_TIMEx_EncoderIndexCallback  stm32g4xx_hal_tim_ex.o
    0x08004188   0x08004188   0x00000002   Code   RO         4427    i.HAL_TIMEx_IndexErrorCallback  stm32g4xx_hal_tim_ex.o
    0x0800418a   0x0800418a   0x00000002   PAD
    0x0800418c   0x0800418c   0x000000b8   Code   RO         4428    i.HAL_TIMEx_MasterConfigSynchronization  stm32g4xx_hal_tim_ex.o
    0x08004244   0x08004244   0x000000cc   Code   RO         4440    i.HAL_TIMEx_PWMN_Start  stm32g4xx_hal_tim_ex.o
    0x08004310   0x08004310   0x00000068   Code   RO         4443    i.HAL_TIMEx_PWMN_Stop  stm32g4xx_hal_tim_ex.o
    0x08004378   0x08004378   0x00000002   Code   RO         4449    i.HAL_TIMEx_TransitionErrorCallback  stm32g4xx_hal_tim_ex.o
    0x0800437a   0x0800437a   0x00000062   Code   RO         3672    i.HAL_TIM_Base_Init  stm32g4xx_hal_tim.o
    0x080043dc   0x080043dc   0x0000004c   Code   RO         5466    i.HAL_TIM_Base_MspInit  bsp_tim.o
    0x08004428   0x08004428   0x00000080   Code   RO         3675    i.HAL_TIM_Base_Start  stm32g4xx_hal_tim.o
    0x080044a8   0x080044a8   0x00000026   Code   RO         3678    i.HAL_TIM_Base_Stop  stm32g4xx_hal_tim.o
    0x080044ce   0x080044ce   0x00000002   PAD
    0x080044d0   0x080044d0   0x000000f0   Code   RO         3681    i.HAL_TIM_ConfigClockSource  stm32g4xx_hal_tim.o
    0x080045c0   0x080045c0   0x00000002   Code   RO         3706    i.HAL_TIM_IC_CaptureCallback  stm32g4xx_hal_tim.o
    0x080045c2   0x080045c2   0x000001a2   Code   RO         3720    i.HAL_TIM_IRQHandler  stm32g4xx_hal_tim.o
    0x08004764   0x08004764   0x00000094   Code   RO         5467    i.HAL_TIM_MspPostInit  bsp_tim.o
    0x080047f8   0x080047f8   0x00000002   Code   RO         3723    i.HAL_TIM_OC_DelayElapsedCallback  stm32g4xx_hal_tim.o
    0x080047fa   0x080047fa   0x00000124   Code   RO         3744    i.HAL_TIM_PWM_ConfigChannel  stm32g4xx_hal_tim.o
    0x0800491e   0x0800491e   0x00000062   Code   RO         3747    i.HAL_TIM_PWM_Init  stm32g4xx_hal_tim.o
    0x08004980   0x08004980   0x00000002   Code   RO         3749    i.HAL_TIM_PWM_MspInit  stm32g4xx_hal_tim.o
    0x08004982   0x08004982   0x00000002   Code   RO         3750    i.HAL_TIM_PWM_PulseFinishedCallback  stm32g4xx_hal_tim.o
    0x08004984   0x08004984   0x00000114   Code   RO         3752    i.HAL_TIM_PWM_Start  stm32g4xx_hal_tim.o
    0x08004a98   0x08004a98   0x000000b8   Code   RO         3755    i.HAL_TIM_PWM_Stop  stm32g4xx_hal_tim.o
    0x08004b50   0x08004b50   0x00000002   Code   RO         3758    i.HAL_TIM_PeriodElapsedCallback  stm32g4xx_hal_tim.o
    0x08004b52   0x08004b52   0x00000002   Code   RO         3763    i.HAL_TIM_TriggerCallback  stm32g4xx_hal_tim.o
    0x08004b54   0x08004b54   0x0000003e   Code   RO         5235    i.HAL_UARTEx_DisableFifoMode  stm32g4xx_hal_uart_ex.o
    0x08004b92   0x08004b92   0x0000004c   Code   RO         5244    i.HAL_UARTEx_SetRxFifoThreshold  stm32g4xx_hal_uart_ex.o
    0x08004bde   0x08004bde   0x0000004c   Code   RO         5245    i.HAL_UARTEx_SetTxFifoThreshold  stm32g4xx_hal_uart_ex.o
    0x08004c2a   0x08004c2a   0x0000006a   Code   RO         4844    i.HAL_UART_Init     stm32g4xx_hal_uart.o
    0x08004c94   0x08004c94   0x000000f0   Code   RO         5394    i.HAL_UART_MspInit  bsp_usart.o
    0x08004d84   0x08004d84   0x00000002   Code   RO          216    i.HardFault_Handler  stm32g4xx_it.o
    0x08004d86   0x08004d86   0x0000000c   Code   RO         1317    i.LL_ADC_GetOffsetChannel  stm32g4xx_hal_adc.o
    0x08004d92   0x08004d92   0x0000000c   Code   RO         1550    i.LL_ADC_GetOffsetChannel  stm32g4xx_hal_adc_ex.o
    0x08004d9e   0x08004d9e   0x00000008   Code   RO         1318    i.LL_ADC_INJ_IsConversionOngoing  stm32g4xx_hal_adc.o
    0x08004da6   0x08004da6   0x00000008   Code   RO         1551    i.LL_ADC_INJ_IsConversionOngoing  stm32g4xx_hal_adc_ex.o
    0x08004dae   0x08004dae   0x00000008   Code   RO         1319    i.LL_ADC_REG_IsConversionOngoing  stm32g4xx_hal_adc.o
    0x08004db6   0x08004db6   0x00000008   Code   RO         1552    i.LL_ADC_REG_IsConversionOngoing  stm32g4xx_hal_adc_ex.o
    0x08004dbe   0x08004dbe   0x00000010   Code   RO         1320    i.LL_ADC_REG_IsTriggerSourceSWStart  stm32g4xx_hal_adc.o
    0x08004dce   0x08004dce   0x0000001e   Code   RO         1322    i.LL_ADC_SetChannelSamplingTime  stm32g4xx_hal_adc.o
    0x08004dec   0x08004dec   0x0000001e   Code   RO         1553    i.LL_ADC_SetChannelSamplingTime  stm32g4xx_hal_adc_ex.o
    0x08004e0a   0x08004e0a   0x00000010   Code   RO         1323    i.LL_ADC_SetOffsetState  stm32g4xx_hal_adc.o
    0x08004e1a   0x08004e1a   0x00000010   Code   RO         1554    i.LL_ADC_SetOffsetState  stm32g4xx_hal_adc_ex.o
    0x08004e2a   0x08004e2a   0x00000002   PAD
    0x08004e2c   0x08004e2c   0x00000104   Code   RO         5696    i.MX_ADC1_Init      bsp_adc.o
    0x08004f30   0x08004f30   0x000000e0   Code   RO         5697    i.MX_ADC2_Init      bsp_adc.o
    0x08005010   0x08005010   0x00000024   Code   RO         5654    i.MX_CORDIC_Init    bsp_cordic.o
    0x08005034   0x08005034   0x0000003c   Code   RO         5513    i.MX_DMA_Init       bsp_dma.o
    0x08005070   0x08005070   0x000000f0   Code   RO         5743    i.MX_GPIO_Init      bsp_gpio.o
    0x08005160   0x08005160   0x00000124   Code   RO         5468    i.MX_TIM1_Init      bsp_tim.o
    0x08005284   0x08005284   0x00000068   Code   RO         5395    i.MX_USART1_UART_Init  bsp_usart.o
    0x080052ec   0x080052ec   0x00000002   Code   RO          217    i.MemManage_Handler  stm32g4xx_it.o
    0x080052ee   0x080052ee   0x00000002   Code   RO          218    i.NMI_Handler       stm32g4xx_it.o
    0x080052f0   0x080052f0   0x00000020   Code   RO          438    i.PIController_Clamp  pi_controller.o
    0x08005310   0x08005310   0x00000028   Code   RO          439    i.PIController_Init  pi_controller.o
    0x08005338   0x08005338   0x00000014   Code   RO          440    i.PIController_Reset  pi_controller.o
    0x0800534c   0x0800534c   0x00000098   Code   RO          441    i.PIController_Run  pi_controller.o
    0x080053e4   0x080053e4   0x00000194   Code   RO          349    i.PLL_update        fluxobserver_pll.o
    0x08005578   0x08005578   0x00000002   Code   RO          219    i.PendSV_Handler    stm32g4xx_it.o
    0x0800557a   0x0800557a   0x00000002   Code   RO          220    i.SVC_Handler       stm32g4xx_it.o
    0x0800557c   0x0800557c   0x00000004   Code   RO          221    i.SysTick_Handler   stm32g4xx_it.o
    0x08005580   0x08005580   0x00000084   Code   RO           14    i.SystemClock_Config  main.o
    0x08005604   0x08005604   0x00000010   Code   RO         5354    i.SystemInit        system_stm32g4xx.o
    0x08005614   0x08005614   0x0000000c   Code   RO          222    i.TIM1_BRK_TIM15_IRQHandler  stm32g4xx_it.o
    0x08005620   0x08005620   0x0000000c   Code   RO          223    i.TIM1_UP_TIM16_IRQHandler  stm32g4xx_it.o
    0x0800562c   0x0800562c   0x000000e4   Code   RO         3765    i.TIM_Base_SetConfig  stm32g4xx_hal_tim.o
    0x08005710   0x08005710   0x0000001a   Code   RO         3766    i.TIM_CCxChannelCmd  stm32g4xx_hal_tim.o
    0x0800572a   0x0800572a   0x0000001a   Code   RO         4452    i.TIM_CCxNChannelCmd  stm32g4xx_hal_tim_ex.o
    0x08005744   0x08005744   0x00000014   Code   RO         3776    i.TIM_ETR_SetConfig  stm32g4xx_hal_tim.o
    0x08005758   0x08005758   0x00000014   Code   RO         3777    i.TIM_ITRx_SetConfig  stm32g4xx_hal_tim.o
    0x0800576c   0x0800576c   0x000000ac   Code   RO         3778    i.TIM_OC1_SetConfig  stm32g4xx_hal_tim.o
    0x08005818   0x08005818   0x000000a0   Code   RO         3779    i.TIM_OC2_SetConfig  stm32g4xx_hal_tim.o
    0x080058b8   0x080058b8   0x000000a0   Code   RO         3780    i.TIM_OC3_SetConfig  stm32g4xx_hal_tim.o
    0x08005958   0x08005958   0x000000a0   Code   RO         3781    i.TIM_OC4_SetConfig  stm32g4xx_hal_tim.o
    0x080059f8   0x080059f8   0x00000078   Code   RO         3782    i.TIM_OC5_SetConfig  stm32g4xx_hal_tim.o
    0x08005a70   0x08005a70   0x0000007c   Code   RO         3783    i.TIM_OC6_SetConfig  stm32g4xx_hal_tim.o
    0x08005aec   0x08005aec   0x00000022   Code   RO         3785    i.TIM_TI1_ConfigInputStage  stm32g4xx_hal_tim.o
    0x08005b0e   0x08005b0e   0x00000024   Code   RO         3787    i.TIM_TI2_ConfigInputStage  stm32g4xx_hal_tim.o
    0x08005b32   0x08005b32   0x00000002   PAD
    0x08005b34   0x08005b34   0x00000044   Code   RO         5249    i.UARTEx_SetNbDataToProcess  stm32g4xx_hal_uart_ex.o
    0x08005b78   0x08005b78   0x000000c8   Code   RO         4858    i.UART_AdvFeatureConfig  stm32g4xx_hal_uart.o
    0x08005c40   0x08005c40   0x000000ac   Code   RO         4859    i.UART_CheckIdleState  stm32g4xx_hal_uart.o
    0x08005cec   0x08005cec   0x00000054   Code   RO         4870    i.UART_EndRxTransfer  stm32g4xx_hal_uart.o
    0x08005d40   0x08005d40   0x00000298   Code   RO         4876    i.UART_SetConfig    stm32g4xx_hal_uart.o
    0x08005fd8   0x08005fd8   0x00000094   Code   RO         4883    i.UART_WaitOnFlagUntilTimeout  stm32g4xx_hal_uart.o
    0x0800606c   0x0800606c   0x00000002   Code   RO          224    i.UsageFault_Handler  stm32g4xx_it.o
    0x0800606e   0x0800606e   0x00000026   Code   RO         5825    i.__ARM_fpclassifyf  m_wm.l(fpclassifyf.o)
    0x08006094   0x08006094   0x00000020   Code   RO         3128    i.__NVIC_SetPriority  stm32g4xx_hal_cortex.o
    0x080060b4   0x080060b4   0x000002ac   Code   RO         5764    i.__hardfp_atan2f   m_wm.l(atan2f.o)
    0x08006360   0x08006360   0x00000150   Code   RO         5776    i.__hardfp_cosf     m_wm.l(cosf.o)
    0x080064b0   0x080064b0   0x00000190   Code   RO         5788    i.__hardfp_sinf     m_wm.l(sinf.o)
    0x08006640   0x08006640   0x0000003a   Code   RO         5800    i.__hardfp_sqrtf    m_wm.l(sqrtf.o)
    0x0800667a   0x0800667a   0x00000006   Code   RO         5828    i.__mathlib_flt_infnan  m_wm.l(funder.o)
    0x08006680   0x08006680   0x00000006   Code   RO         5829    i.__mathlib_flt_infnan2  m_wm.l(funder.o)
    0x08006686   0x08006686   0x00000002   PAD
    0x08006688   0x08006688   0x00000010   Code   RO         5830    i.__mathlib_flt_invalid  m_wm.l(funder.o)
    0x08006698   0x08006698   0x00000010   Code   RO         5833    i.__mathlib_flt_underflow  m_wm.l(funder.o)
    0x080066a8   0x080066a8   0x00000154   Code   RO         5841    i.__mathlib_rredf2  m_wm.l(rredf.o)
    0x080067fc   0x080067fc   0x0000000e   Code   RO         5876    i.__scatterload_copy  mc_w.l(handlers.o)
    0x0800680a   0x0800680a   0x00000002   Code   RO         5877    i.__scatterload_null  mc_w.l(handlers.o)
    0x0800680c   0x0800680c   0x0000000e   Code   RO         5878    i.__scatterload_zeroinit  mc_w.l(handlers.o)
    0x0800681a   0x0800681a   0x00000002   PAD
    0x0800681c   0x0800681c   0x0000000c   Code   RO         5866    i.__set_errno       mc_w.l(errno.o)
    0x08006828   0x08006828   0x00000048   Code   RO          485    i.app_foc_apply_voltage_command  app_foc.o
    0x08006870   0x08006870   0x00000020   Code   RO          486    i.app_foc_clampf    app_foc.o
    0x08006890   0x08006890   0x00000040   Code   RO          487    i.app_foc_clear_current_loop_debug  app_foc.o
    0x080068d0   0x080068d0   0x0000003c   Code   RO          488    i.app_foc_commit_command_active  app_foc.o
    0x0800690c   0x0800690c   0x00000024   Code   RO          489    i.app_foc_d_axis_soft_reset  app_foc.o
    0x08006930   0x08006930   0x00000054   Code   RO          490    i.app_foc_d_axis_soft_update  app_foc.o
    0x08006984   0x08006984   0x00000018   Code   RO          491    i.app_foc_drive_enable  app_foc.o
    0x0800699c   0x0800699c   0x0000000a   Code   RO          492    i.app_foc_elec_rad_s_to_mech_rad_s  app_foc.o
    0x080069a6   0x080069a6   0x00000002   PAD
    0x080069a8   0x080069a8   0x00000268   Code   RO          493    i.app_foc_fill_runtime_snapshot  app_foc.o
    0x08006c10   0x08006c10   0x00000040   Code   RO          494    i.app_foc_get_active_command  app_foc.o
    0x08006c50   0x08006c50   0x000000d4   Code   RO          495    i.app_foc_latch_fault_snapshot  app_foc.o
    0x08006d24   0x08006d24   0x000001e4   Code   RO          496    i.app_foc_medium_handle_state_machine  app_foc.o
    0x08006f08   0x08006f08   0x0000003c   Code   RO          497    i.app_foc_medium_reset_command_defaults  app_foc.o
    0x08006f44   0x08006f44   0x00000060   Code   RO          498    i.app_foc_prepare_run_entry  app_foc.o
    0x08006fa4   0x08006fa4   0x000000c4   Code   RO          499    i.app_foc_run_align  app_foc.o
    0x08007068   0x08007068   0x000000b8   Code   RO          500    i.app_foc_run_openloop  app_foc.o
    0x08007120   0x08007120   0x000000a4   Code   RO          501    i.app_foc_run_run   app_foc.o
    0x080071c4   0x080071c4   0x00000040   Code   RO          502    i.app_foc_sampling_update  app_foc.o
    0x08007204   0x08007204   0x00000050   Code   RO          503    i.app_foc_speed_loop_init  app_foc.o
    0x08007254   0x08007254   0x00000044   Code   RO          504    i.app_foc_speed_loop_reset  app_foc.o
    0x08007298   0x08007298   0x00000170   Code   RO          505    i.app_foc_speed_loop_step  app_foc.o
    0x08007408   0x08007408   0x00000028   Code   RO          506    i.app_foc_stop_to_fault  app_foc.o
    0x08007430   0x08007430   0x00000274   Code   RO          507    i.app_foc_update_runtime_snapshot  app_foc.o
    0x080076a4   0x080076a4   0x00000020   Code   RO         5544    i.bsp_key_clampf    bsp_key.o
    0x080076c4   0x080076c4   0x00000020   Code   RO          350    i.clampf_local      fluxobserver_pll.o
    0x080076e4   0x080076e4   0x00000066   Code   RO          941    i.foc_current_loop_limit_vector  foc_current_loop.o
    0x0800774a   0x0800774a   0x00000024   Code   RO          942    i.foc_current_loop_set_pi_limit  foc_current_loop.o
    0x0800776e   0x0800776e   0x00000018   Code   RO          876    i.foc_pwm_clamp_ccr  foc_pwm.o
    0x08007786   0x08007786   0x00000002   PAD
    0x08007788   0x08007788   0x0000013c   Code   RO          877    i.foc_pwm_get_sector_times  foc_pwm.o
    0x080078c4   0x080078c4   0x000000cc   Code   RO          878    i.foc_pwm_update_adc_trigger_ccr  foc_pwm.o
    0x08007990   0x08007990   0x00000018   Code   RO          763    i.foc_sampling_adc_to_voltage  foc_sampling.o
    0x080079a8   0x080079a8   0x00000030   Code   RO          764    i.foc_sampling_cache_injected_raw_debug  foc_sampling.o
    0x080079d8   0x080079d8   0x00000018   Code   RO          765    i.foc_sampling_current_from_adc  foc_sampling.o
    0x080079f0   0x080079f0   0x00000134   Code   RO          766    i.foc_sampling_update_currents  foc_sampling.o
    0x08007b24   0x08007b24   0x000000c4   Code   RO         1143    i.foc_switchover_condition  foc_switchover.o
    0x08007be8   0x08007be8   0x0000003e   Code   RO           15    i.main              main.o
    0x08007c26   0x08007c26   0x00000018   Data   RO         4884    .constdata          stm32g4xx_hal_uart.o
    0x08007c3e   0x08007c3e   0x00000010   Data   RO         5250    .constdata          stm32g4xx_hal_uart_ex.o
    0x08007c4e   0x08007c4e   0x00000010   Data   RO         5355    .constdata          system_stm32g4xx.o
    0x08007c5e   0x08007c5e   0x00000008   Data   RO         5356    .constdata          system_stm32g4xx.o
    0x08007c66   0x08007c66   0x00000002   PAD
    0x08007c68   0x08007c68   0x00000020   Data   RO         5546    .constdata          bsp_key.o
    0x08007c88   0x08007c88   0x00000020   Data   RO         5842    .constdata          m_wm.l(rredf.o)
    0x08007ca8   0x08007ca8   0x00000020   Data   RO         5874    Region$$Table       anon$$obj.o


    Execution Region RW_IRAM1 (Exec base: 0x20000000, Load base: 0x08007cc8, Size: 0x00000a50, Max: 0x00020000, ABSOLUTE)

    Exec Addr    Load Addr    Size         Type   Attr      Idx    E Section Name        Object

    0x20000000   0x08007cc8   0x00000018   Data   RW          352    .data               fluxobserver_pll.o
    0x20000018   0x08007ce0   0x00000020   Data   RW          509    .data               app_foc.o
    0x20000038   0x08007d00   0x0000000c   Data   RW         1772    .data               stm32g4xx_hal.o
    0x20000044   0x08007d0c   0x00000004   Data   RW         5357    .data               system_stm32g4xx.o
    0x20000048   0x08007d10   0x00000008   Data   RW         5547    .data               bsp_key.o
    0x20000050   0x08007d18   0x00000004   Data   RW         5699    .data               bsp_adc.o
    0x20000054   0x08007d1c   0x00000004   Data   RW         5867    .data               mc_w.l(errno.o)
    0x20000058        -       0x00000334   Zero   RW          508    .bss                app_foc.o
    0x2000038c        -       0x00000154   Zero   RW         5399    .bss                bsp_usart.o
    0x200004e0        -       0x0000004c   Zero   RW         5469    .bss                bsp_tim.o
    0x2000052c        -       0x00000020   Zero   RW         5545    .bss                bsp_key.o
    0x2000054c        -       0x00000028   Zero   RW         5655    .bss                bsp_cordic.o
    0x20000574        -       0x000000d8   Zero   RW         5698    .bss                bsp_adc.o
    0x2000064c   0x08007d20   0x00000004   PAD
    0x20000650        -       0x00000400   Zero   RW            1    STACK               startup_stm32g474xx.o


==============================================================================

Image component sizes


      Code (inc. data)   RO Data    RW Data    ZI Data      Debug   Object Name

         2          0          0          0          0        444   app_debug.o
      4510        380          0         32        820      31488   app_foc.o
       684         58          0          4        216       2858   bsp_adc.o
        76         18          0          0         40       1632   bsp_cordic.o
        60          4          0          0          0        850   bsp_dma.o
       240         16          0          0          0       1079   bsp_gpio.o
       460         70         32          8         32       6182   bsp_key.o
       516         34          0          0         76       2692   bsp_tim.o
       344         30          0          0        340       2336   bsp_usart.o
       192          6          0          0          0       2895   clarke_park.o
       782        102          0         24          0       5702   fluxobserver_pll.o
       988         36          0          0          0       6602   foc_current_loop.o
        50          0          0          0          0        794   foc_math.o
       456         62          0          0          0       6465   foc_observer.o
       302         62          0          0          0       5144   foc_openloop.o
       144         16          0          0          0       1757   foc_protection.o
      1260         92          0          0          0       6987   foc_pwm.o
       862         54          0          0          0       8155   foc_sampling.o
       704         56          0          0          0       6142   foc_switchover.o
       198          0          0          0          0     929421   main.o
       244         16          0          0          0       3908   pi_controller.o
        36          8        472          0       1024        836   startup_stm32g474xx.o
       126         20          0         12          0       3693   stm32g4xx_hal.o
      3400        200          0          0          0      84876   stm32g4xx_hal_adc.o
      2814        154          0          0          0      83092   stm32g4xx_hal_adc_ex.o
        52          0          0          0          0       1122   stm32g4xx_hal_cordic.o
       198         14          0          0          0      33839   stm32g4xx_hal_cortex.o
       478         30          0          0          0       3364   stm32g4xx_hal_dma.o
       628         40          0          0          0       3630   stm32g4xx_hal_gpio.o
        56          6          0          0          0        878   stm32g4xx_hal_msp.o
       204         18          0          0          0       1409   stm32g4xx_hal_pwr_ex.o
      1684         88          0          0          0       6268   stm32g4xx_hal_rcc.o
       768         10          0          0          0       1968   stm32g4xx_hal_rcc_ex.o
      3044        320          0          0          0      20978   stm32g4xx_hal_tim.o
       700         82          0          0          0       8569   stm32g4xx_hal_tim_ex.o
      1374         76         24          0          0      25098   stm32g4xx_hal_uart.o
       282          6         16          0          0       3677   stm32g4xx_hal_uart_ex.o
        92         28          0          0          0       7594   stm32g4xx_it.o
        16          4         24          4          0       1127   system_stm32g4xx.o

    ----------------------------------------------------------------------
     29072       2216        602         84       2552    1325551   Object Totals
         0          0         32          0          0          0   (incl. Generated)
        46          0          2          0          4          0   (incl. Padding)

    ----------------------------------------------------------------------

      Code (inc. data)   RO Data    RW Data    ZI Data      Debug   Library Member Name

       684         90          0          0          0        208   atan2f.o
       336         56          0          0          0        136   cosf.o
        38          0          0          0          0        116   fpclassifyf.o
        44         12          0          0          0        464   funder.o
       340         24         32          0          0        160   rredf.o
       400         56          0          0          0        212   sinf.o
        58          0          0          0          0        136   sqrtf.o
         0          0          0          0          0          0   entry.o
         0          0          0          0          0          0   entry10a.o
         0          0          0          0          0          0   entry11a.o
         4          0          0          0          0          0   entry12b.o
         8          4          0          0          0          0   entry2.o
         4          0          0          0          0          0   entry5.o
         0          0          0          0          0          0   entry7b.o
         0          0          0          0          0          0   entry8b.o
         8          4          0          0          0          0   entry9a.o
        12          6          0          4          0         68   errno.o
        30          0          0          0          0          0   handlers.o
        36          8          0          0          0         68   init.o
         0          0          0          0          0          0   iusefp.o
        30          0          0          0          0         68   llshl.o
        32          0          0          0          0         68   llushr.o
        36          0          0          0          0         68   memcpya.o
        36          0          0          0          0        108   memseta.o
        98          0          0          0          0         92   uldiv.o

    ----------------------------------------------------------------------
      2238        260         32          4          0       1972   Library Totals
         4          0          0          0          0          0   (incl. Padding)

    ----------------------------------------------------------------------

      Code (inc. data)   RO Data    RW Data    ZI Data      Debug   Library Name

      1900        238         32          0          0       1432   m_wm.l
       334         22          0          4          0        540   mc_w.l

    ----------------------------------------------------------------------
      2238        260         32          4          0       1972   Library Totals

    ----------------------------------------------------------------------

==============================================================================


      Code (inc. data)   RO Data    RW Data    ZI Data      Debug   

     31310       2476        634         88       2552    1303971   Grand Totals
     31310       2476        634         88       2552    1303971   ELF Image Totals
     31310       2476        634         88          0          0   ROM Totals

==============================================================================

    Total RO  Size (Code + RO Data)                31944 (  31.20kB)
    Total RW  Size (RW Data + ZI Data)              2640 (   2.58kB)
    Total ROM Size (Code + RO Data + RW Data)      32032 (  31.28kB)

==============================================================================

