<html>
<body>
<pre>
<h1>µVision Build Log</h1>
<h2>Tool Versions:</h2>
IDE-Version: ¦ÌVision V5.42.0.0
Copyright (C) 2025 ARM Ltd and ARM Germany GmbH. All rights reserved.
License Information: 1 1009567402@qq.com, 11, LIC=DSNXV-P7X9Z-INTA7-ENIJQ-9UMXE-F44H6
 
Tool Versions:
Toolchain:       MDK-ARM Professional  Version: 5.42.0.0
Toolchain Path:  C:\Keil_v5\ARM\ARMCC\Bin
C Compiler:      Armcc.exe V5.06 update 7 (build 960)
Assembler:       Armasm.exe V5.06 update 7 (build 960)
Linker/Locator:  ArmLink.exe V5.06 update 7 (build 960)
Library Manager: ArmAr.exe V5.06 update 7 (build 960)
Hex Converter:   FromElf.exe V5.06 update 7 (build 960)
CPU DLL:         SARMCM3.DLL V5.42.0.0
Dialog DLL:      DCM.DLL V1.17.5.0
Target DLL:      CMSIS_AGDI.dll V1.33.22.0
Dialog DLL:      TCM.DLL V1.56.6.0
 
<h2>Project:</h2>
D:\final_projects\G474_Sensorless_FOC\MDK-ARM\STM32G474_20260408.uvprojx
Project File Date:  04/27/2026

<h2>Output:</h2>
*** Using Compiler 'V5.06 update 7 (build 960)', folder: 'C:\Keil_v5\ARM\ARMCC\Bin'
Rebuild target 'foc_Sensorless_echokoen'
compiling foc_math.c...
assembling startup_stm32g474xx.s...
compiling PI_Controller.c...
compiling Clarke_Park.c...
compiling foc_openloop.c...
compiling main.c...
compiling foc_current_loop.c...
compiling stm32g4xx_it.c...
compiling foc_protection.c...
compiling app_debug.c...
compiling stm32g4xx_hal_msp.c...
compiling foc_sampling.c...
compiling app_foc_timing.c...
compiling foc_speed_loop.c...
compiling FluxObserver_PLL.c...
compiling foc_pwm.c...
compiling app_foc.c...
compiling foc_observer.c...
compiling foc_switchover.c...
compiling foc_debug.c...
compiling foc_deadtime.c...
compiling stm32g4xx_ll_adc.c...
compiling stm32g4xx_hal_adc_ex.c...
compiling stm32g4xx_hal.c...
compiling stm32g4xx_hal_flash.c...
compiling stm32g4xx_hal_adc.c...
compiling stm32g4xx_hal_rcc.c...
compiling stm32g4xx_hal_rcc_ex.c...
compiling stm32g4xx_hal_flash_ex.c...
compiling stm32g4xx_hal_flash_ramfunc.c...
compiling stm32g4xx_hal_gpio.c...
compiling stm32g4xx_hal_exti.c...
compiling stm32g4xx_hal_dma.c...
compiling stm32g4xx_hal_dma_ex.c...
compiling stm32g4xx_hal_pwr.c...
compiling stm32g4xx_hal_cortex.c...
compiling stm32g4xx_hal_cordic.c...
compiling stm32g4xx_hal_pwr_ex.c...
compiling stm32g4xx_hal_dac.c...
compiling stm32g4xx_hal_dac_ex.c...
compiling stm32g4xx_hal_tim_ex.c...
compiling stm32g4xx_hal_uart_ex.c...
compiling system_stm32g4xx.c...
compiling bsp_tim.c...
compiling bsp_key.c...
compiling bsp_usart.c...
compiling bsp_dma.c...
compiling stm32g4xx_hal_tim.c...
compiling bsp_dac.c...
compiling bsp_gpio.c...
compiling bsp_cordic.c...
compiling bsp_adc.c...
compiling stm32g4xx_hal_uart.c...
linking...
Program Size: Code=37466 RO-data=718 RW-data=100 ZI-data=2652  
FromELF: creating hex file...
"Objects\STM32G474_20260408.axf" - 0 Error(s), 0 Warning(s).

<h2>Software Packages used:</h2>

Package Vendor: ARM
                https://www.keil.com/pack/ARM.CMSIS.6.1.0.pack
                ARM::CMSIS@6.1.0
                CMSIS (Common Microcontroller Software Interface Standard)
   * Component: CORE Version: 6.1.0

Package Vendor: Keil
                https://www.keil.com/pack/Keil.STM32G4xx_DFP.1.5.0.pack
                Keil::STM32G4xx_DFP@1.5.0
                STMicroelectronics STM32G4 Series Device Support, Drivers and Examples

<h2>Collection of Component include folders:</h2>
  ./RTE/_foc_Sensorless_echokoen
  C:/Users/10095/AppData/Local/Arm/Packs/ARM/CMSIS/6.1.0/CMSIS/Core/Include
  C:/Users/10095/AppData/Local/Arm/Packs/Keil/STM32G4xx_DFP/1.5.0/Drivers/CMSIS/Device/ST/STM32G4xx/Include

<h2>Collection of Component Files used:</h2>

   * Component: ARM::CMSIS:CORE@6.1.0
      Include file:  CMSIS/Core/Include/tz_context.h
Build Time Elapsed:  00:00:03
</pre>
</body>
</html>
